2023-03-14T08:38:23+00:00 INFO Start-Cartflows_Admin_Report_Emails::send_weekly_report_email
2023-03-14T08:38:23+00:00 INFO Send weekly emails to eeyad334@gmail.com
2023-03-14T08:38:23+00:00 INFO Total Revenue: 0.00
2023-03-14T08:38:29+00:00 INFO Is weekly report enabled: enable
2023-03-14T08:38:30+00:00 INFO Is weekly report enabled: enable
2023-03-14T08:38:52+00:00 INFO Is weekly report enabled: enable
2023-03-14T08:39:09+00:00 INFO Is weekly report enabled: enable
2023-03-14T08:40:37+00:00 INFO Is weekly report enabled: enable
2023-03-14T08:40:55+00:00 INFO Is weekly report enabled: enable
2023-03-14T08:41:04+00:00 INFO Is weekly report enabled: enable
2023-03-14T08:41:05+00:00 INFO Is weekly report enabled: enable
2023-03-14T08:41:05+00:00 INFO Is weekly report enabled: enable
2023-03-14T08:41:07+00:00 INFO Is weekly report enabled: enable
2023-03-14T08:41:09+00:00 INFO Is weekly report enabled: enable
2023-03-14T08:41:15+00:00 INFO Is weekly report enabled: enable
2023-03-14T08:41:33+00:00 INFO Is weekly report enabled: enable
2023-03-14T08:42:30+00:00 INFO Is weekly report enabled: enable
2023-03-14T08:42:48+00:00 INFO Is weekly report enabled: enable
2023-03-14T08:43:37+00:00 INFO Is weekly report enabled: enable
2023-03-14T08:43:38+00:00 INFO Is weekly report enabled: enable
2023-03-14T08:43:44+00:00 INFO Is weekly report enabled: enable
2023-03-14T08:43:56+00:00 INFO Is weekly report enabled: enable
2023-03-14T08:44:04+00:00 INFO Is weekly report enabled: enable
2023-03-14T08:45:00+00:00 INFO Is weekly report enabled: enable
2023-03-14T08:45:06+00:00 INFO Is weekly report enabled: enable
2023-03-14T08:45:17+00:00 INFO Is weekly report enabled: enable
2023-03-14T08:45:21+00:00 INFO Is weekly report enabled: enable
2023-03-14T08:45:27+00:00 INFO Is weekly report enabled: enable
2023-03-14T08:45:34+00:00 INFO Is weekly report enabled: enable
2023-03-14T08:45:41+00:00 INFO Is weekly report enabled: enable
2023-03-14T08:46:18+00:00 INFO Is weekly report enabled: enable
2023-03-14T08:46:20+00:00 INFO Is weekly report enabled: enable
2023-03-14T08:46:20+00:00 INFO Is weekly report enabled: enable
2023-03-14T08:46:42+00:00 INFO Is weekly report enabled: enable
2023-03-14T08:46:49+00:00 INFO Is weekly report enabled: enable
2023-03-14T08:46:57+00:00 INFO Is weekly report enabled: enable
2023-03-14T08:47:05+00:00 INFO Is weekly report enabled: enable
2023-03-14T08:47:37+00:00 INFO Is weekly report enabled: enable
2023-03-14T08:47:43+00:00 INFO Is weekly report enabled: enable
2023-03-14T08:47:45+00:00 INFO Is weekly report enabled: enable
2023-03-14T08:48:18+00:00 INFO Is weekly report enabled: enable
2023-03-14T08:48:26+00:00 INFO Is weekly report enabled: enable
2023-03-14T08:48:44+00:00 INFO Is weekly report enabled: enable
2023-03-14T08:48:45+00:00 INFO Is weekly report enabled: enable
2023-03-14T08:48:47+00:00 INFO Is weekly report enabled: enable
2023-03-14T08:48:57+00:00 INFO Is weekly report enabled: enable
2023-03-14T08:49:06+00:00 INFO Is weekly report enabled: enable
2023-03-14T08:49:24+00:00 INFO Is weekly report enabled: enable
2023-03-14T08:49:26+00:00 INFO Is weekly report enabled: enable
2023-03-14T08:49:31+00:00 INFO Is weekly report enabled: enable
2023-03-14T08:49:39+00:00 INFO Is weekly report enabled: enable
2023-03-14T08:49:46+00:00 INFO Is weekly report enabled: enable
2023-03-14T08:50:46+00:00 INFO Is weekly report enabled: enable
2023-03-14T08:50:47+00:00 INFO Is weekly report enabled: enable
2023-03-14T08:50:48+00:00 INFO Is weekly report enabled: enable
2023-03-14T08:50:50+00:00 INFO Is weekly report enabled: enable
2023-03-14T08:51:47+00:00 INFO Is weekly report enabled: enable
2023-03-14T08:51:48+00:00 INFO Is weekly report enabled: enable
2023-03-14T08:52:35+00:00 INFO Is weekly report enabled: enable
2023-03-14T08:52:42+00:00 INFO Is weekly report enabled: enable
2023-03-14T08:52:47+00:00 INFO Is weekly report enabled: enable
2023-03-14T08:52:48+00:00 INFO Is weekly report enabled: enable
2023-03-14T08:53:14+00:00 INFO Is weekly report enabled: enable
2023-03-14T08:53:16+00:00 INFO Is weekly report enabled: enable
2023-03-14T08:53:16+00:00 INFO Is weekly report enabled: enable
2023-03-14T08:53:21+00:00 INFO Is weekly report enabled: enable
2023-03-14T08:53:24+00:00 INFO Is weekly report enabled: enable
2023-03-14T08:53:29+00:00 INFO Is weekly report enabled: enable
2023-03-14T08:54:26+00:00 INFO Is weekly report enabled: enable
2023-03-14T08:56:05+00:00 INFO Is weekly report enabled: enable
2023-03-14T08:56:07+00:00 INFO Is weekly report enabled: enable
2023-03-14T08:56:26+00:00 INFO Is weekly report enabled: enable
2023-03-14T08:56:34+00:00 INFO Is weekly report enabled: enable
2023-03-14T08:56:39+00:00 INFO Is weekly report enabled: enable
2023-03-14T08:56:44+00:00 INFO Is weekly report enabled: enable
2023-03-14T08:56:53+00:00 INFO Is weekly report enabled: enable
2023-03-14T08:57:00+00:00 INFO Is weekly report enabled: enable
2023-03-14T08:57:07+00:00 INFO Is weekly report enabled: enable
2023-03-14T08:57:14+00:00 INFO Is weekly report enabled: enable
2023-03-14T08:57:21+00:00 INFO Is weekly report enabled: enable
2023-03-14T08:58:16+00:00 INFO Is weekly report enabled: enable
2023-03-14T08:58:17+00:00 INFO Is weekly report enabled: enable
2023-03-14T08:58:17+00:00 INFO Is weekly report enabled: enable
2023-03-14T08:58:35+00:00 INFO Is weekly report enabled: enable
2023-03-14T08:59:35+00:00 INFO Is weekly report enabled: enable
2023-03-14T08:59:36+00:00 INFO Is weekly report enabled: enable
2023-03-14T08:59:42+00:00 INFO Is weekly report enabled: enable
2023-03-14T08:59:53+00:00 INFO Is weekly report enabled: enable
2023-03-14T09:00:04+00:00 INFO Is weekly report enabled: enable
2023-03-14T09:00:05+00:00 INFO Is weekly report enabled: enable
2023-03-14T09:00:14+00:00 INFO Is weekly report enabled: enable
2023-03-14T09:00:21+00:00 INFO Is weekly report enabled: enable
2023-03-14T09:00:29+00:00 INFO Is weekly report enabled: enable
2023-03-14T09:00:37+00:00 INFO Is weekly report enabled: enable
2023-03-14T09:00:38+00:00 INFO Is weekly report enabled: enable
2023-03-14T09:00:40+00:00 INFO Is weekly report enabled: enable
2023-03-14T09:01:30+00:00 INFO Is weekly report enabled: enable
2023-03-14T09:02:12+00:00 INFO Is weekly report enabled: enable
2023-03-14T09:02:27+00:00 INFO Is weekly report enabled: enable
2023-03-14T09:02:29+00:00 INFO Is weekly report enabled: enable
2023-03-14T09:02:34+00:00 INFO Is weekly report enabled: enable
2023-03-14T09:03:13+00:00 INFO Is weekly report enabled: enable
2023-03-14T09:03:14+00:00 INFO Is weekly report enabled: enable
2023-03-14T09:03:14+00:00 INFO Is weekly report enabled: enable
2023-03-14T09:03:35+00:00 INFO Is weekly report enabled: enable
2023-03-14T09:05:14+00:00 INFO Is weekly report enabled: enable
2023-03-14T09:05:36+00:00 INFO Is weekly report enabled: enable
2023-03-14T09:07:15+00:00 INFO Is weekly report enabled: enable
2023-03-14T09:07:16+00:00 INFO Is weekly report enabled: enable
2023-03-14T09:07:16+00:00 INFO Is weekly report enabled: enable
2023-03-14T09:07:37+00:00 INFO Is weekly report enabled: enable
2023-03-14T09:09:16+00:00 INFO Is weekly report enabled: enable
2023-03-14T09:09:38+00:00 INFO Is weekly report enabled: enable
2023-03-14T09:11:17+00:00 INFO Is weekly report enabled: enable
2023-03-14T09:11:18+00:00 INFO Is weekly report enabled: enable
2023-03-14T09:11:18+00:00 INFO Is weekly report enabled: enable
2023-03-14T09:11:39+00:00 INFO Is weekly report enabled: enable
2023-03-14T09:13:41+00:00 INFO Is weekly report enabled: enable
2023-03-14T09:13:42+00:00 INFO Is weekly report enabled: enable
2023-03-14T09:13:43+00:00 INFO Is weekly report enabled: enable
2023-03-14T09:15:42+00:00 INFO Is weekly report enabled: enable
2023-03-14T09:15:57+00:00 INFO Is weekly report enabled: enable
2023-03-14T09:16:07+00:00 INFO Is weekly report enabled: enable
2023-03-14T09:16:09+00:00 INFO Is weekly report enabled: enable
2023-03-14T09:16:14+00:00 INFO Is weekly report enabled: enable
2023-03-14T09:16:19+00:00 INFO Is weekly report enabled: enable
2023-03-14T09:16:30+00:00 INFO Is weekly report enabled: enable
2023-03-14T09:16:35+00:00 INFO Is weekly report enabled: enable
2023-03-14T09:16:55+00:00 INFO Is weekly report enabled: enable
2023-03-14T09:17:14+00:00 INFO Is weekly report enabled: enable
2023-03-14T09:17:24+00:00 INFO Is weekly report enabled: enable
2023-03-14T09:17:28+00:00 INFO Is weekly report enabled: enable
2023-03-14T09:17:33+00:00 INFO Is weekly report enabled: enable
2023-03-14T09:17:40+00:00 INFO Is weekly report enabled: enable
2023-03-14T09:17:54+00:00 INFO Is weekly report enabled: enable
2023-03-14T09:18:03+00:00 INFO Is weekly report enabled: enable
2023-03-14T09:18:20+00:00 INFO Is weekly report enabled: enable
2023-03-14T09:20:03+00:00 INFO Is weekly report enabled: enable
2023-03-14T09:20:03+00:00 INFO Is weekly report enabled: enable
2023-03-14T09:20:04+00:00 INFO Is weekly report enabled: enable
2023-03-14T09:20:04+00:00 INFO Is weekly report enabled: enable
2023-03-14T09:20:05+00:00 INFO Is weekly report enabled: enable
2023-03-14T09:20:43+00:00 INFO Is weekly report enabled: enable
2023-03-14T09:20:49+00:00 INFO Is weekly report enabled: enable
2023-03-14T09:20:50+00:00 INFO Is weekly report enabled: enable
2023-03-14T09:20:56+00:00 INFO Is weekly report enabled: enable
2023-03-14T09:21:15+00:00 INFO Is weekly report enabled: enable
2023-03-14T09:21:57+00:00 INFO Is weekly report enabled: enable
2023-03-14T09:22:40+00:00 INFO Is weekly report enabled: enable
2023-03-14T09:22:42+00:00 INFO Is weekly report enabled: enable
2023-03-14T09:22:42+00:00 INFO Is weekly report enabled: enable
2023-03-14T09:22:43+00:00 INFO Is weekly report enabled: enable
2023-03-14T09:22:43+00:00 INFO Is weekly report enabled: enable
2023-03-14T09:22:48+00:00 INFO Is weekly report enabled: enable
2023-03-14T09:22:50+00:00 INFO Is weekly report enabled: enable
2023-03-14T09:23:04+00:00 INFO Is weekly report enabled: enable
2023-03-14T09:23:07+00:00 INFO Is weekly report enabled: enable
2023-03-14T09:23:09+00:00 INFO Is weekly report enabled: enable
2023-03-14T09:23:14+00:00 INFO Is weekly report enabled: enable
2023-03-14T09:23:15+00:00 INFO Is weekly report enabled: enable
2023-03-14T09:23:16+00:00 INFO Is weekly report enabled: enable
2023-03-14T09:23:23+00:00 INFO Is weekly report enabled: enable
2023-03-14T09:25:15+00:00 INFO Is weekly report enabled: enable
2023-03-14T09:25:17+00:00 INFO Is weekly report enabled: enable
2023-03-14T09:25:17+00:00 INFO Is weekly report enabled: enable
2023-03-14T09:25:24+00:00 INFO Is weekly report enabled: enable
2023-03-14T09:27:17+00:00 INFO Is weekly report enabled: enable
2023-03-14T09:27:24+00:00 INFO Is weekly report enabled: enable
2023-03-14T09:29:18+00:00 INFO Is weekly report enabled: enable
2023-03-14T09:29:19+00:00 INFO Is weekly report enabled: enable
2023-03-14T09:29:19+00:00 INFO Is weekly report enabled: enable
2023-03-14T09:29:26+00:00 INFO Is weekly report enabled: enable
2023-03-14T09:31:17+00:00 INFO Is weekly report enabled: enable
2023-03-14T09:31:27+00:00 INFO Is weekly report enabled: enable
2023-03-14T09:32:25+00:00 INFO Is weekly report enabled: enable
2023-03-14T09:32:27+00:00 INFO Is weekly report enabled: enable
2023-03-14T09:32:27+00:00 INFO Is weekly report enabled: enable
2023-03-14T09:32:28+00:00 INFO Is weekly report enabled: enable
2023-03-14T09:32:43+00:00 INFO Is weekly report enabled: enable
2023-03-14T09:33:25+00:00 INFO Is weekly report enabled: enable
2023-03-14T09:33:47+00:00 INFO Is weekly report enabled: enable
2023-03-14T09:33:50+00:00 INFO Is weekly report enabled: enable
2023-03-14T09:33:57+00:00 INFO Is weekly report enabled: enable
2023-03-14T09:34:00+00:00 INFO Is weekly report enabled: enable
2023-03-14T09:34:04+00:00 INFO Is weekly report enabled: enable
2023-03-14T09:34:10+00:00 INFO Is weekly report enabled: enable
2023-03-14T09:34:36+00:00 INFO Is weekly report enabled: enable
2023-03-14T09:34:38+00:00 INFO Is weekly report enabled: enable
2023-03-14T09:34:43+00:00 INFO Is weekly report enabled: enable
2023-03-14T09:34:46+00:00 INFO Is weekly report enabled: enable
2023-03-14T09:35:20+00:00 INFO Is weekly report enabled: enable
2023-03-14T09:35:22+00:00 INFO Is weekly report enabled: enable
2023-03-14T09:35:38+00:00 INFO Is weekly report enabled: enable
2023-03-14T09:35:45+00:00 INFO Is weekly report enabled: enable
2023-03-14T09:35:47+00:00 INFO Is weekly report enabled: enable
2023-03-14T09:35:48+00:00 INFO Is weekly report enabled: enable
2023-03-14T09:35:52+00:00 INFO Is weekly report enabled: enable
2023-03-14T09:36:54+00:00 INFO Is weekly report enabled: enable
2023-03-14T09:37:50+00:00 INFO Is weekly report enabled: enable
2023-03-14T09:37:51+00:00 INFO Is weekly report enabled: enable
2023-03-14T09:38:55+00:00 INFO Is weekly report enabled: enable
2023-03-14T09:39:51+00:00 INFO Is weekly report enabled: enable
2023-03-14T09:40:56+00:00 INFO Is weekly report enabled: enable
2023-03-14T09:40:57+00:00 INFO Is weekly report enabled: enable
2023-03-14T09:40:57+00:00 INFO Is weekly report enabled: enable
2023-03-14T09:41:52+00:00 INFO Is weekly report enabled: enable
2023-03-14T09:42:57+00:00 INFO Is weekly report enabled: enable
2023-03-14T09:43:44+00:00 INFO Is weekly report enabled: enable
2023-03-14T09:43:44+00:00 INFO Is weekly report enabled: enable
2023-03-14T09:43:46+00:00 INFO Is weekly report enabled: enable
2023-03-14T09:43:46+00:00 INFO Is weekly report enabled: enable
2023-03-14T09:43:48+00:00 INFO Is weekly report enabled: enable
2023-03-14T09:43:51+00:00 INFO Is weekly report enabled: enable
2023-03-14T09:43:56+00:00 INFO Is weekly report enabled: enable
2023-03-14T09:44:22+00:00 INFO Is weekly report enabled: enable
2023-03-14T09:44:56+00:00 INFO Is weekly report enabled: enable
2023-03-14T09:45:57+00:00 INFO Is weekly report enabled: enable
2023-03-14T09:45:58+00:00 INFO Is weekly report enabled: enable
2023-03-14T09:45:58+00:00 INFO Is weekly report enabled: enable
2023-03-14T09:46:58+00:00 INFO Is weekly report enabled: enable
2023-03-14T09:47:36+00:00 INFO Is weekly report enabled: enable
2023-03-14T09:47:43+00:00 INFO Is weekly report enabled: enable
2023-03-14T09:47:46+00:00 INFO Is weekly report enabled: enable
2023-03-14T09:47:55+00:00 INFO Is weekly report enabled: enable
2023-03-14T09:47:59+00:00 INFO Is weekly report enabled: enable
2023-03-14T09:48:10+00:00 INFO Is weekly report enabled: enable
2023-03-14T09:48:11+00:00 INFO Is weekly report enabled: enable
2023-03-14T09:48:23+00:00 INFO Is weekly report enabled: enable
2023-03-14T09:48:28+00:00 INFO Is weekly report enabled: enable
2023-03-14T09:48:39+00:00 INFO Is weekly report enabled: enable
2023-03-14T09:48:45+00:00 INFO Is weekly report enabled: enable
2023-03-14T09:48:47+00:00 INFO Is weekly report enabled: enable
2023-03-14T09:48:52+00:00 INFO Is weekly report enabled: enable
2023-03-14T09:48:58+00:00 INFO Is weekly report enabled: enable
2023-03-14T09:48:59+00:00 INFO Is weekly report enabled: enable
2023-03-14T09:49:33+00:00 INFO Is weekly report enabled: enable
2023-03-14T09:49:40+00:00 INFO Is weekly report enabled: enable
2023-03-14T09:49:42+00:00 INFO Is weekly report enabled: enable
2023-03-14T09:49:48+00:00 INFO Is weekly report enabled: enable
2023-03-14T09:49:49+00:00 INFO Is weekly report enabled: enable
2023-03-14T09:49:55+00:00 INFO Is weekly report enabled: enable
2023-03-14T09:50:26+00:00 INFO Is weekly report enabled: enable
2023-03-14T09:50:27+00:00 INFO Is weekly report enabled: enable
2023-03-14T09:50:34+00:00 INFO Is weekly report enabled: enable
2023-03-14T09:50:42+00:00 INFO Is weekly report enabled: enable
2023-03-14T09:50:48+00:00 INFO Is weekly report enabled: enable
2023-03-14T09:50:49+00:00 INFO Is weekly report enabled: enable
2023-03-14T09:50:54+00:00 INFO Is weekly report enabled: enable
2023-03-14T09:50:59+00:00 INFO Is weekly report enabled: enable
2023-03-14T09:51:22+00:00 INFO Is weekly report enabled: enable
2023-03-14T09:51:27+00:00 INFO Is weekly report enabled: enable
2023-03-14T09:51:34+00:00 INFO Is weekly report enabled: enable
2023-03-14T09:51:41+00:00 INFO Is weekly report enabled: enable
2023-03-14T09:51:42+00:00 INFO Is weekly report enabled: enable
2023-03-14T09:51:50+00:00 INFO Is weekly report enabled: enable
2023-03-14T09:51:54+00:00 INFO Is weekly report enabled: enable
2023-03-14T09:51:56+00:00 INFO Is weekly report enabled: enable
2023-03-14T09:51:57+00:00 INFO Is weekly report enabled: enable
2023-03-14T09:52:02+00:00 INFO Is weekly report enabled: enable
2023-03-14T09:52:26+00:00 INFO Is weekly report enabled: enable
2023-03-14T09:52:28+00:00 INFO Is weekly report enabled: enable
2023-03-14T09:52:31+00:00 INFO Is weekly report enabled: enable
2023-03-14T09:52:37+00:00 INFO Is weekly report enabled: enable
2023-03-14T09:52:38+00:00 INFO Is weekly report enabled: enable
2023-03-14T09:52:43+00:00 INFO Is weekly report enabled: enable
2023-03-14T09:52:44+00:00 INFO Is weekly report enabled: enable
2023-03-14T09:52:44+00:00 INFO Is weekly report enabled: enable
2023-03-14T09:52:46+00:00 INFO Is weekly report enabled: enable
2023-03-14T09:52:46+00:00 INFO Is weekly report enabled: enable
2023-03-14T09:52:51+00:00 INFO Is weekly report enabled: enable
2023-03-14T09:52:51+00:00 INFO Is weekly report enabled: enable
2023-03-14T09:52:59+00:00 INFO Is weekly report enabled: enable
2023-03-14T09:53:03+00:00 INFO Is weekly report enabled: enable
2023-03-14T09:53:15+00:00 INFO Is weekly report enabled: enable
2023-03-14T09:53:17+00:00 INFO Is weekly report enabled: enable
2023-03-14T09:53:22+00:00 INFO Is weekly report enabled: enable
2023-03-14T09:53:24+00:00 INFO Is weekly report enabled: enable
2023-03-14T09:53:31+00:00 INFO Is weekly report enabled: enable
2023-03-14T09:53:46+00:00 INFO Is weekly report enabled: enable
2023-03-14T09:53:52+00:00 INFO Is weekly report enabled: enable
2023-03-14T09:53:53+00:00 INFO Is weekly report enabled: enable
2023-03-14T09:53:59+00:00 INFO Is weekly report enabled: enable
2023-03-14T09:53:59+00:00 INFO Is weekly report enabled: enable
2023-03-14T09:54:06+00:00 INFO Is weekly report enabled: enable
2023-03-14T09:54:13+00:00 INFO Is weekly report enabled: enable
2023-03-14T09:54:20+00:00 INFO Is weekly report enabled: enable
2023-03-14T09:54:22+00:00 INFO Is weekly report enabled: enable
2023-03-14T09:54:29+00:00 INFO Is weekly report enabled: enable
2023-03-14T09:54:31+00:00 INFO Is weekly report enabled: enable
2023-03-14T09:54:39+00:00 INFO Is weekly report enabled: enable
2023-03-14T09:54:46+00:00 INFO Is weekly report enabled: enable
2023-03-14T09:55:44+00:00 INFO Is weekly report enabled: enable
2023-03-14T09:55:46+00:00 INFO Is weekly report enabled: enable
2023-03-14T09:55:51+00:00 INFO Is weekly report enabled: enable
2023-03-14T09:56:00+00:00 INFO Is weekly report enabled: enable
2023-03-14T09:57:02+00:00 INFO Is weekly report enabled: enable
2023-03-14T09:59:03+00:00 INFO Is weekly report enabled: enable
2023-03-14T09:59:04+00:00 INFO Is weekly report enabled: enable
2023-03-14T09:59:04+00:00 INFO Is weekly report enabled: enable
2023-03-14T09:59:50+00:00 INFO Is weekly report enabled: enable
2023-03-14T10:00:03+00:00 INFO Is weekly report enabled: enable
2023-03-14T10:01:03+00:00 INFO Is weekly report enabled: enable
2023-03-14T10:02:04+00:00 INFO Is weekly report enabled: enable
2023-03-14T10:02:05+00:00 INFO Is weekly report enabled: enable
2023-03-14T10:02:05+00:00 INFO Is weekly report enabled: enable
2023-03-14T10:04:05+00:00 INFO Is weekly report enabled: enable
2023-03-14T10:04:06+00:00 INFO Is weekly report enabled: enable
2023-03-14T10:04:06+00:00 INFO Is weekly report enabled: enable
2023-03-14T10:06:06+00:00 INFO Is weekly report enabled: enable
2023-03-14T10:06:07+00:00 INFO Is weekly report enabled: enable
2023-03-14T10:06:07+00:00 INFO Is weekly report enabled: enable
2023-03-14T10:07:52+00:00 INFO Is weekly report enabled: enable
2023-03-14T10:07:58+00:00 INFO Is weekly report enabled: enable
2023-03-14T10:08:03+00:00 INFO Is weekly report enabled: enable
2023-03-14T10:08:10+00:00 INFO Is weekly report enabled: enable
2023-03-14T10:08:14+00:00 INFO Is weekly report enabled: enable
2023-03-14T10:08:17+00:00 INFO Is weekly report enabled: enable
2023-03-14T10:08:21+00:00 INFO Is weekly report enabled: enable
2023-03-14T10:08:24+00:00 INFO Is weekly report enabled: enable
2023-03-14T10:08:48+00:00 INFO Is weekly report enabled: enable
2023-03-14T10:08:49+00:00 INFO Is weekly report enabled: enable
2023-03-14T10:08:57+00:00 INFO Is weekly report enabled: enable
2023-03-14T10:08:58+00:00 INFO Is weekly report enabled: enable
2023-03-14T10:09:00+00:00 INFO Is weekly report enabled: enable
2023-03-14T10:09:18+00:00 INFO Is weekly report enabled: enable
2023-03-14T10:09:33+00:00 INFO Is weekly report enabled: enable
2023-03-14T10:09:34+00:00 INFO Is weekly report enabled: enable
2023-03-14T10:09:38+00:00 INFO Is weekly report enabled: enable
2023-03-14T10:09:45+00:00 INFO Is weekly report enabled: enable
2023-03-14T10:10:08+00:00 INFO Is weekly report enabled: enable
2023-03-14T10:10:15+00:00 INFO Is weekly report enabled: enable
2023-03-14T10:10:18+00:00 INFO Is weekly report enabled: enable
2023-03-14T10:10:19+00:00 INFO Is weekly report enabled: enable
2023-03-14T10:10:22+00:00 INFO Is weekly report enabled: enable
2023-03-14T10:10:37+00:00 INFO Is weekly report enabled: enable
2023-03-14T10:10:38+00:00 INFO Is weekly report enabled: enable
2023-03-14T10:10:39+00:00 INFO Is weekly report enabled: enable
2023-03-14T10:10:56+00:00 INFO Is weekly report enabled: enable
2023-03-14T10:11:06+00:00 INFO Is weekly report enabled: enable
2023-03-14T10:11:13+00:00 INFO Is weekly report enabled: enable
2023-03-14T10:11:33+00:00 INFO Is weekly report enabled: enable
2023-03-14T10:11:44+00:00 INFO Is weekly report enabled: enable
2023-03-14T10:11:44+00:00 INFO Is weekly report enabled: enable
2023-03-14T10:11:57+00:00 INFO Is weekly report enabled: enable
2023-03-14T10:12:03+00:00 INFO Is weekly report enabled: enable
2023-03-14T10:12:05+00:00 INFO Is weekly report enabled: enable
2023-03-14T10:12:07+00:00 INFO Is weekly report enabled: enable
2023-03-14T10:12:11+00:00 INFO Is weekly report enabled: enable
2023-03-14T10:12:17+00:00 INFO Is weekly report enabled: enable
2023-03-14T10:12:19+00:00 INFO Is weekly report enabled: enable
2023-03-14T10:12:19+00:00 INFO Is weekly report enabled: enable
2023-03-14T10:12:21+00:00 INFO Is weekly report enabled: enable
2023-03-14T10:12:30+00:00 INFO Is weekly report enabled: enable
2023-03-14T10:12:31+00:00 INFO Is weekly report enabled: enable
2023-03-14T10:12:49+00:00 INFO Is weekly report enabled: enable
2023-03-14T10:13:50+00:00 INFO Is weekly report enabled: enable
2023-03-14T10:13:51+00:00 INFO Is weekly report enabled: enable
2023-03-14T10:13:51+00:00 INFO Is weekly report enabled: enable
2023-03-14T10:14:23+00:00 INFO Is weekly report enabled: enable
2023-03-14T10:14:50+00:00 INFO Is weekly report enabled: enable
2023-03-14T10:15:24+00:00 INFO Is weekly report enabled: enable
2023-03-14T10:15:29+00:00 INFO Is weekly report enabled: enable
2023-03-14T10:15:29+00:00 INFO Is weekly report enabled: enable
2023-03-14T10:15:37+00:00 INFO Is weekly report enabled: enable
2023-03-14T10:15:38+00:00 INFO Is weekly report enabled: enable
2023-03-14T10:15:39+00:00 INFO Is weekly report enabled: enable
2023-03-14T10:15:39+00:00 INFO Is weekly report enabled: enable
2023-03-14T10:15:39+00:00 INFO Is weekly report enabled: enable
2023-03-14T10:15:40+00:00 INFO Is weekly report enabled: enable
2023-03-14T10:15:41+00:00 INFO Is weekly report enabled: enable
2023-03-14T10:15:46+00:00 INFO Is weekly report enabled: enable
2023-03-14T10:15:46+00:00 INFO Is weekly report enabled: enable
2023-03-14T10:15:46+00:00 INFO Is weekly report enabled: enable
2023-03-14T10:15:46+00:00 INFO Is weekly report enabled: enable
2023-03-14T10:15:46+00:00 INFO Is weekly report enabled: enable
2023-03-14T10:15:47+00:00 INFO Is weekly report enabled: enable
2023-03-14T10:15:52+00:00 INFO Is weekly report enabled: enable
2023-03-14T10:15:52+00:00 INFO Is weekly report enabled: enable
2023-03-14T10:15:52+00:00 INFO Is weekly report enabled: enable
2023-03-14T10:15:52+00:00 INFO Is weekly report enabled: enable
2023-03-14T10:15:53+00:00 INFO Is weekly report enabled: enable
2023-03-14T10:15:56+00:00 INFO Is weekly report enabled: enable
2023-03-14T10:16:05+00:00 INFO Is weekly report enabled: enable
2023-03-14T10:16:05+00:00 INFO Is weekly report enabled: enable
2023-03-14T10:16:10+00:00 INFO Is weekly report enabled: enable
2023-03-14T10:16:12+00:00 INFO Is weekly report enabled: enable
2023-03-14T10:16:13+00:00 INFO Is weekly report enabled: enable
2023-03-14T10:16:15+00:00 INFO Is weekly report enabled: enable
2023-03-14T10:16:16+00:00 INFO Is weekly report enabled: enable
2023-03-14T10:16:18+00:00 INFO Is weekly report enabled: enable
2023-03-14T10:16:24+00:00 INFO Is weekly report enabled: enable
2023-03-14T10:16:24+00:00 INFO Is weekly report enabled: enable
2023-03-14T10:16:30+00:00 INFO Is weekly report enabled: enable
2023-03-14T10:16:32+00:00 INFO Is weekly report enabled: enable
2023-03-14T10:16:32+00:00 INFO Is weekly report enabled: enable
2023-03-14T10:16:32+00:00 INFO Is weekly report enabled: enable
2023-03-14T10:16:34+00:00 INFO Is weekly report enabled: enable
2023-03-14T10:16:36+00:00 INFO Is weekly report enabled: enable
2023-03-14T10:16:40+00:00 INFO Is weekly report enabled: enable
2023-03-14T10:16:48+00:00 INFO Is weekly report enabled: enable
2023-03-14T10:16:49+00:00 INFO Is weekly report enabled: enable
2023-03-14T10:16:50+00:00 INFO Is weekly report enabled: enable
2023-03-14T10:16:50+00:00 INFO Is weekly report enabled: enable
2023-03-14T10:16:50+00:00 INFO Is weekly report enabled: enable
2023-03-14T10:16:51+00:00 INFO Is weekly report enabled: enable
2023-03-14T10:17:02+00:00 INFO Is weekly report enabled: enable
2023-03-14T10:17:06+00:00 INFO Is weekly report enabled: enable
2023-03-14T10:17:07+00:00 INFO Is weekly report enabled: enable
2023-03-14T10:17:08+00:00 INFO Is weekly report enabled: enable
2023-03-14T10:17:09+00:00 INFO Is weekly report enabled: enable
2023-03-14T10:17:10+00:00 INFO Is weekly report enabled: enable
2023-03-14T10:17:11+00:00 INFO Is weekly report enabled: enable
2023-03-14T10:17:15+00:00 INFO Is weekly report enabled: enable
2023-03-14T10:17:20+00:00 INFO Is weekly report enabled: enable
2023-03-14T10:17:23+00:00 INFO Is weekly report enabled: enable
2023-03-14T10:17:24+00:00 INFO Is weekly report enabled: enable
2023-03-14T10:17:24+00:00 INFO Is weekly report enabled: enable
2023-03-14T10:17:26+00:00 INFO Is weekly report enabled: enable
2023-03-14T10:17:26+00:00 INFO Is weekly report enabled: enable
2023-03-14T10:17:29+00:00 INFO Is weekly report enabled: enable
2023-03-14T10:17:29+00:00 INFO Is weekly report enabled: enable
2023-03-14T10:17:30+00:00 INFO Is weekly report enabled: enable
2023-03-14T10:17:33+00:00 INFO Is weekly report enabled: enable
2023-03-14T10:17:34+00:00 INFO Is weekly report enabled: enable
2023-03-14T10:17:36+00:00 INFO Is weekly report enabled: enable
2023-03-14T10:17:37+00:00 INFO Is weekly report enabled: enable
2023-03-14T10:17:38+00:00 INFO Is weekly report enabled: enable
2023-03-14T10:17:39+00:00 INFO Is weekly report enabled: enable
2023-03-14T10:17:39+00:00 INFO Is weekly report enabled: enable
2023-03-14T10:17:42+00:00 INFO Is weekly report enabled: enable
2023-03-14T10:17:43+00:00 INFO Is weekly report enabled: enable
2023-03-14T10:17:44+00:00 INFO Is weekly report enabled: enable
2023-03-14T10:17:45+00:00 INFO Is weekly report enabled: enable
2023-03-14T10:17:46+00:00 INFO Is weekly report enabled: enable
2023-03-14T10:17:47+00:00 INFO Is weekly report enabled: enable
2023-03-14T10:17:49+00:00 INFO Is weekly report enabled: enable
2023-03-14T10:17:49+00:00 INFO Is weekly report enabled: enable
2023-03-14T10:17:51+00:00 INFO Is weekly report enabled: enable
2023-03-14T10:17:52+00:00 INFO Is weekly report enabled: enable
2023-03-14T10:17:53+00:00 INFO Is weekly report enabled: enable
2023-03-14T10:17:53+00:00 INFO Is weekly report enabled: enable
2023-03-14T10:17:54+00:00 INFO Is weekly report enabled: enable
2023-03-14T10:17:54+00:00 INFO Is weekly report enabled: enable
2023-03-14T10:17:55+00:00 INFO Is weekly report enabled: enable
2023-03-14T10:17:56+00:00 INFO Is weekly report enabled: enable
2023-03-14T10:17:57+00:00 INFO Is weekly report enabled: enable
2023-03-14T10:17:58+00:00 INFO Is weekly report enabled: enable
2023-03-14T10:17:58+00:00 INFO Is weekly report enabled: enable
2023-03-14T10:17:58+00:00 INFO Is weekly report enabled: enable
2023-03-14T10:17:58+00:00 INFO Is weekly report enabled: enable
2023-03-14T10:17:58+00:00 INFO Is weekly report enabled: enable
2023-03-14T10:17:58+00:00 INFO Is weekly report enabled: enable
2023-03-14T10:18:00+00:00 INFO Is weekly report enabled: enable
2023-03-14T10:18:00+00:00 INFO Is weekly report enabled: enable
2023-03-14T10:18:00+00:00 INFO Is weekly report enabled: enable
2023-03-14T10:18:00+00:00 INFO Is weekly report enabled: enable
2023-03-14T10:18:00+00:00 INFO Is weekly report enabled: enable
2023-03-14T10:18:01+00:00 INFO Is weekly report enabled: enable
2023-03-14T10:18:02+00:00 INFO Is weekly report enabled: enable
2023-03-14T10:18:02+00:00 INFO Is weekly report enabled: enable
2023-03-14T10:18:02+00:00 INFO Is weekly report enabled: enable
2023-03-14T10:18:03+00:00 INFO Is weekly report enabled: enable
2023-03-14T10:18:04+00:00 INFO Is weekly report enabled: enable
2023-03-14T10:18:04+00:00 INFO Is weekly report enabled: enable
2023-03-14T10:18:05+00:00 INFO Is weekly report enabled: enable
2023-03-14T10:18:07+00:00 INFO Is weekly report enabled: enable
2023-03-14T10:18:08+00:00 INFO Is weekly report enabled: enable
2023-03-14T10:18:09+00:00 INFO Is weekly report enabled: enable
2023-03-14T10:18:09+00:00 INFO Is weekly report enabled: enable
2023-03-14T10:18:13+00:00 INFO Is weekly report enabled: enable
2023-03-14T10:18:13+00:00 INFO Is weekly report enabled: enable
2023-03-14T10:18:13+00:00 INFO Is weekly report enabled: enable
2023-03-14T10:18:15+00:00 INFO Is weekly report enabled: enable
2023-03-14T10:18:17+00:00 INFO Is weekly report enabled: enable
2023-03-14T10:18:19+00:00 INFO Is weekly report enabled: enable
2023-03-14T10:18:22+00:00 INFO Is weekly report enabled: enable
2023-03-14T10:18:23+00:00 INFO Is weekly report enabled: enable
2023-03-14T10:18:24+00:00 INFO Is weekly report enabled: enable
2023-03-14T10:18:26+00:00 INFO Is weekly report enabled: enable
2023-03-14T10:18:28+00:00 INFO Is weekly report enabled: enable
2023-03-14T10:18:29+00:00 INFO Is weekly report enabled: enable
2023-03-14T10:18:29+00:00 INFO Is weekly report enabled: enable
2023-03-14T10:18:32+00:00 INFO Is weekly report enabled: enable
2023-03-14T10:18:32+00:00 INFO Is weekly report enabled: enable
2023-03-14T10:18:36+00:00 INFO Is weekly report enabled: enable
2023-03-14T10:18:36+00:00 INFO Is weekly report enabled: enable
2023-03-14T10:18:38+00:00 INFO Is weekly report enabled: enable
2023-03-14T10:18:40+00:00 INFO Is weekly report enabled: enable
2023-03-14T10:18:44+00:00 INFO Is weekly report enabled: enable
2023-03-14T10:18:44+00:00 INFO Is weekly report enabled: enable
2023-03-14T10:18:44+00:00 INFO Is weekly report enabled: enable
2023-03-14T10:18:47+00:00 INFO Is weekly report enabled: enable
2023-03-14T10:18:49+00:00 INFO Is weekly report enabled: enable
2023-03-14T10:18:50+00:00 INFO Is weekly report enabled: enable
2023-03-14T10:18:52+00:00 INFO Is weekly report enabled: enable
2023-03-14T10:18:53+00:00 INFO Is weekly report enabled: enable
2023-03-14T10:18:53+00:00 INFO Is weekly report enabled: enable
2023-03-14T10:18:56+00:00 INFO Is weekly report enabled: enable
2023-03-14T10:18:56+00:00 INFO Is weekly report enabled: enable
2023-03-14T10:18:57+00:00 INFO Is weekly report enabled: enable
2023-03-14T10:18:58+00:00 INFO Is weekly report enabled: enable
2023-03-14T10:18:58+00:00 INFO Is weekly report enabled: enable
2023-03-14T10:18:58+00:00 INFO Is weekly report enabled: enable
2023-03-14T10:18:59+00:00 INFO Is weekly report enabled: enable
2023-03-14T10:19:00+00:00 INFO Is weekly report enabled: enable
2023-03-14T10:19:01+00:00 INFO Is weekly report enabled: enable
2023-03-14T10:19:02+00:00 INFO Is weekly report enabled: enable
2023-03-14T10:19:03+00:00 INFO Is weekly report enabled: enable
2023-03-14T10:19:03+00:00 INFO Is weekly report enabled: enable
2023-03-14T10:19:05+00:00 INFO Is weekly report enabled: enable
2023-03-14T10:19:07+00:00 INFO Is weekly report enabled: enable
2023-03-14T10:19:07+00:00 INFO Is weekly report enabled: enable
2023-03-14T10:19:08+00:00 INFO Is weekly report enabled: enable
2023-03-14T10:19:09+00:00 INFO Is weekly report enabled: enable
2023-03-14T10:19:09+00:00 INFO Is weekly report enabled: enable
2023-03-14T10:19:11+00:00 INFO Is weekly report enabled: enable
2023-03-14T10:19:12+00:00 INFO Is weekly report enabled: enable
2023-03-14T10:19:12+00:00 INFO Is weekly report enabled: enable
2023-03-14T10:19:12+00:00 INFO Is weekly report enabled: enable
2023-03-14T10:19:16+00:00 INFO Is weekly report enabled: enable
2023-03-14T10:19:16+00:00 INFO Is weekly report enabled: enable
2023-03-14T10:19:16+00:00 INFO Is weekly report enabled: enable
2023-03-14T10:19:18+00:00 INFO Is weekly report enabled: enable
2023-03-14T10:19:19+00:00 INFO Is weekly report enabled: enable
2023-03-14T10:19:19+00:00 INFO Is weekly report enabled: enable
2023-03-14T10:19:21+00:00 INFO Is weekly report enabled: enable
2023-03-14T10:19:23+00:00 INFO Is weekly report enabled: enable
2023-03-14T10:19:25+00:00 INFO Is weekly report enabled: enable
2023-03-14T10:19:26+00:00 INFO Is weekly report enabled: enable
2023-03-14T10:19:27+00:00 INFO Is weekly report enabled: enable
2023-03-14T10:19:29+00:00 INFO Is weekly report enabled: enable
2023-03-14T10:19:30+00:00 INFO Is weekly report enabled: enable
2023-03-14T10:19:31+00:00 INFO Is weekly report enabled: enable
2023-03-14T10:19:31+00:00 INFO Is weekly report enabled: enable
2023-03-14T10:19:32+00:00 INFO Is weekly report enabled: enable
2023-03-14T10:19:34+00:00 INFO Is weekly report enabled: enable
2023-03-14T10:19:37+00:00 INFO Is weekly report enabled: enable
2023-03-14T10:19:40+00:00 INFO Is weekly report enabled: enable
2023-03-14T10:19:41+00:00 INFO Is weekly report enabled: enable
2023-03-14T10:19:43+00:00 INFO Is weekly report enabled: enable
2023-03-14T10:19:43+00:00 INFO Is weekly report enabled: enable
2023-03-14T10:19:45+00:00 INFO Is weekly report enabled: enable
2023-03-14T10:19:46+00:00 INFO Is weekly report enabled: enable
2023-03-14T10:19:49+00:00 INFO Is weekly report enabled: enable
2023-03-14T10:19:49+00:00 INFO Is weekly report enabled: enable
2023-03-14T10:19:49+00:00 INFO Is weekly report enabled: enable
2023-03-14T10:19:52+00:00 INFO Is weekly report enabled: enable
2023-03-14T10:19:52+00:00 INFO Is weekly report enabled: enable
2023-03-14T10:19:53+00:00 INFO Is weekly report enabled: enable
2023-03-14T10:19:54+00:00 INFO Is weekly report enabled: enable
2023-03-14T10:19:55+00:00 INFO Is weekly report enabled: enable
2023-03-14T10:19:57+00:00 INFO Is weekly report enabled: enable
2023-03-14T10:19:58+00:00 INFO Is weekly report enabled: enable
2023-03-14T10:19:58+00:00 INFO Is weekly report enabled: enable
2023-03-14T10:20:02+00:00 INFO Is weekly report enabled: enable
2023-03-14T10:20:02+00:00 INFO Is weekly report enabled: enable
2023-03-14T10:20:03+00:00 INFO Is weekly report enabled: enable
2023-03-14T10:20:04+00:00 INFO Is weekly report enabled: enable
2023-03-14T10:20:06+00:00 INFO Is weekly report enabled: enable
2023-03-14T10:20:06+00:00 INFO Is weekly report enabled: enable
2023-03-14T10:20:08+00:00 INFO Is weekly report enabled: enable
2023-03-14T10:20:10+00:00 INFO Is weekly report enabled: enable
2023-03-14T10:20:10+00:00 INFO Is weekly report enabled: enable
2023-03-14T10:20:11+00:00 INFO Is weekly report enabled: enable
2023-03-14T10:20:11+00:00 INFO Is weekly report enabled: enable
2023-03-14T10:20:12+00:00 INFO Is weekly report enabled: enable
2023-03-14T10:20:12+00:00 INFO Is weekly report enabled: enable
2023-03-14T10:20:13+00:00 INFO Is weekly report enabled: enable
2023-03-14T10:20:13+00:00 INFO Is weekly report enabled: enable
2023-03-14T10:20:13+00:00 INFO Is weekly report enabled: enable
2023-03-14T10:20:13+00:00 INFO Is weekly report enabled: enable
2023-03-14T10:20:13+00:00 INFO Is weekly report enabled: enable
2023-03-14T10:20:14+00:00 INFO Is weekly report enabled: enable
2023-03-14T10:20:14+00:00 INFO Is weekly report enabled: enable
2023-03-14T10:20:14+00:00 INFO Is weekly report enabled: enable
2023-03-14T10:20:15+00:00 INFO Is weekly report enabled: enable
2023-03-14T10:20:15+00:00 INFO Is weekly report enabled: enable
2023-03-14T10:20:15+00:00 INFO Is weekly report enabled: enable
2023-03-14T10:20:15+00:00 INFO Is weekly report enabled: enable
2023-03-14T10:20:16+00:00 INFO Is weekly report enabled: enable
2023-03-14T10:20:16+00:00 INFO Is weekly report enabled: enable
2023-03-14T10:20:16+00:00 INFO Is weekly report enabled: enable
2023-03-14T10:20:17+00:00 INFO Is weekly report enabled: enable
2023-03-14T10:20:17+00:00 INFO Is weekly report enabled: enable
2023-03-14T10:20:18+00:00 INFO Is weekly report enabled: enable
2023-03-14T10:20:19+00:00 INFO Is weekly report enabled: enable
2023-03-14T10:20:20+00:00 INFO Is weekly report enabled: enable
2023-03-14T10:20:20+00:00 INFO Is weekly report enabled: enable
2023-03-14T10:20:21+00:00 INFO Is weekly report enabled: enable
2023-03-14T10:20:23+00:00 INFO Is weekly report enabled: enable
2023-03-14T10:20:27+00:00 INFO Is weekly report enabled: enable
2023-03-14T10:20:40+00:00 INFO Is weekly report enabled: enable
2023-03-14T10:20:46+00:00 INFO Is weekly report enabled: enable
2023-03-14T10:20:53+00:00 INFO Is weekly report enabled: enable
2023-03-14T10:20:56+00:00 INFO Is weekly report enabled: enable
2023-03-14T10:20:57+00:00 INFO Is weekly report enabled: enable
2023-03-14T10:20:59+00:00 INFO Is weekly report enabled: enable
2023-03-14T10:21:01+00:00 INFO Is weekly report enabled: enable
2023-03-14T10:21:02+00:00 INFO Is weekly report enabled: enable
2023-03-14T10:21:02+00:00 INFO Is weekly report enabled: enable
2023-03-14T10:21:02+00:00 INFO Is weekly report enabled: enable
2023-03-14T10:21:04+00:00 INFO Is weekly report enabled: enable
2023-03-14T10:21:06+00:00 INFO Is weekly report enabled: enable
2023-03-14T10:21:07+00:00 INFO Is weekly report enabled: enable
2023-03-14T10:21:09+00:00 INFO Is weekly report enabled: enable
2023-03-14T10:21:11+00:00 INFO Is weekly report enabled: enable
2023-03-14T10:21:13+00:00 INFO Is weekly report enabled: enable
2023-03-14T10:21:17+00:00 INFO Is weekly report enabled: enable
2023-03-14T10:21:17+00:00 INFO Is weekly report enabled: enable
2023-03-14T10:21:17+00:00 INFO Is weekly report enabled: enable
2023-03-14T10:21:21+00:00 INFO Is weekly report enabled: enable
2023-03-14T10:21:25+00:00 INFO Is weekly report enabled: enable
2023-03-14T10:21:27+00:00 INFO Is weekly report enabled: enable
2023-03-14T10:21:29+00:00 INFO Is weekly report enabled: enable
2023-03-14T10:21:31+00:00 INFO Is weekly report enabled: enable
2023-03-14T10:21:35+00:00 INFO Is weekly report enabled: enable
2023-03-14T10:21:36+00:00 INFO Is weekly report enabled: enable
2023-03-14T10:21:38+00:00 INFO Is weekly report enabled: enable
2023-03-14T10:21:56+00:00 INFO Is weekly report enabled: enable
2023-03-14T10:22:14+00:00 INFO Is weekly report enabled: enable
2023-03-14T10:22:26+00:00 INFO Is weekly report enabled: enable
2023-03-14T10:22:27+00:00 INFO Is weekly report enabled: enable
2023-03-14T10:22:44+00:00 INFO Is weekly report enabled: enable
2023-03-14T10:22:59+00:00 INFO Is weekly report enabled: enable
2023-03-14T10:23:05+00:00 INFO Is weekly report enabled: enable
2023-03-14T10:23:07+00:00 INFO Is weekly report enabled: enable
2023-03-14T10:23:07+00:00 INFO Is weekly report enabled: enable
2023-03-14T10:23:15+00:00 INFO Is weekly report enabled: enable
2023-03-14T10:23:20+00:00 INFO Is weekly report enabled: enable
2023-03-14T10:23:22+00:00 INFO Is weekly report enabled: enable
2023-03-14T10:23:22+00:00 INFO Is weekly report enabled: enable
2023-03-14T10:23:26+00:00 INFO Is weekly report enabled: enable
2023-03-14T10:23:33+00:00 INFO Is weekly report enabled: enable
2023-03-14T10:23:34+00:00 INFO Is weekly report enabled: enable
2023-03-14T10:23:36+00:00 INFO Is weekly report enabled: enable
2023-03-14T10:23:37+00:00 INFO Is weekly report enabled: enable
2023-03-14T10:23:42+00:00 INFO Is weekly report enabled: enable
2023-03-14T10:23:43+00:00 INFO Is weekly report enabled: enable
2023-03-14T10:23:45+00:00 INFO Is weekly report enabled: enable
2023-03-14T10:24:03+00:00 INFO Is weekly report enabled: enable
2023-03-14T10:25:04+00:00 INFO Is weekly report enabled: enable
2023-03-14T10:25:16+00:00 INFO Is weekly report enabled: enable
2023-03-14T10:26:03+00:00 INFO Is weekly report enabled: enable
2023-03-14T10:26:05+00:00 INFO Is weekly report enabled: enable
2023-03-14T10:27:04+00:00 INFO Is weekly report enabled: enable
2023-03-14T10:27:18+00:00 INFO Is weekly report enabled: enable
2023-03-14T10:28:04+00:00 INFO Is weekly report enabled: enable
2023-03-14T10:29:04+00:00 INFO Is weekly report enabled: enable
2023-03-14T10:29:05+00:00 INFO Is weekly report enabled: enable
2023-03-14T10:29:06+00:00 INFO Is weekly report enabled: enable
2023-03-14T10:29:18+00:00 INFO Is weekly report enabled: enable
2023-03-14T10:30:04+00:00 INFO Is weekly report enabled: enable
2023-03-14T10:31:04+00:00 INFO Is weekly report enabled: enable
2023-03-14T10:31:19+00:00 INFO Is weekly report enabled: enable
2023-03-14T10:32:04+00:00 INFO Is weekly report enabled: enable
2023-03-14T10:32:05+00:00 INFO Is weekly report enabled: enable
2023-03-14T10:33:05+00:00 INFO Is weekly report enabled: enable
2023-03-14T10:35:06+00:00 INFO Is weekly report enabled: enable
2023-03-14T10:35:07+00:00 INFO Is weekly report enabled: enable
2023-03-14T10:35:07+00:00 INFO Is weekly report enabled: enable
2023-03-14T10:37:07+00:00 INFO Is weekly report enabled: enable
2023-03-14T10:37:08+00:00 INFO Is weekly report enabled: enable
2023-03-14T10:37:08+00:00 INFO Is weekly report enabled: enable
2023-03-14T10:39:08+00:00 INFO Is weekly report enabled: enable
2023-03-14T10:39:10+00:00 INFO Is weekly report enabled: enable
2023-03-14T10:40:27+00:00 INFO Is weekly report enabled: enable
2023-03-14T10:40:41+00:00 INFO Is weekly report enabled: enable
2023-03-14T10:40:41+00:00 INFO Is weekly report enabled: enable
2023-03-14T10:40:44+00:00 INFO Is weekly report enabled: enable
2023-03-14T10:40:45+00:00 INFO Is weekly report enabled: enable
2023-03-14T10:40:47+00:00 INFO Is weekly report enabled: enable
2023-03-14T10:40:48+00:00 INFO Is weekly report enabled: enable
2023-03-14T10:40:50+00:00 INFO Is weekly report enabled: enable
2023-03-14T10:40:51+00:00 INFO Is weekly report enabled: enable
2023-03-14T10:40:54+00:00 INFO Is weekly report enabled: enable
2023-03-14T10:40:55+00:00 INFO Is weekly report enabled: enable
2023-03-14T10:40:56+00:00 INFO Is weekly report enabled: enable
2023-03-14T10:40:56+00:00 INFO Is weekly report enabled: enable
2023-03-14T10:40:58+00:00 INFO Is weekly report enabled: enable
2023-03-14T10:41:02+00:00 INFO Is weekly report enabled: enable
2023-03-14T10:41:02+00:00 INFO Is weekly report enabled: enable
2023-03-14T10:41:03+00:00 INFO Is weekly report enabled: enable
2023-03-14T10:41:05+00:00 INFO Is weekly report enabled: enable
2023-03-14T10:41:06+00:00 INFO Is weekly report enabled: enable
2023-03-14T10:41:11+00:00 INFO Is weekly report enabled: enable
2023-03-14T10:41:11+00:00 INFO Is weekly report enabled: enable
2023-03-14T10:41:13+00:00 INFO Is weekly report enabled: enable
2023-03-14T10:41:16+00:00 INFO Is weekly report enabled: enable
2023-03-14T10:41:17+00:00 INFO Is weekly report enabled: enable
2023-03-14T10:41:20+00:00 INFO Is weekly report enabled: enable
2023-03-14T10:41:21+00:00 INFO Is weekly report enabled: enable
2023-03-14T10:41:23+00:00 INFO Is weekly report enabled: enable
2023-03-14T10:41:25+00:00 INFO Is weekly report enabled: enable
2023-03-14T10:41:25+00:00 INFO Is weekly report enabled: enable
2023-03-14T10:41:29+00:00 INFO Is weekly report enabled: enable
2023-03-14T10:41:29+00:00 INFO Is weekly report enabled: enable
2023-03-14T10:41:31+00:00 INFO Is weekly report enabled: enable
2023-03-14T10:41:31+00:00 INFO Is weekly report enabled: enable
2023-03-14T10:41:33+00:00 INFO Is weekly report enabled: enable
2023-03-14T10:41:35+00:00 INFO Is weekly report enabled: enable
2023-03-14T10:41:36+00:00 INFO Is weekly report enabled: enable
2023-03-14T10:41:37+00:00 INFO Is weekly report enabled: enable
2023-03-14T10:41:38+00:00 INFO Is weekly report enabled: enable
2023-03-14T10:41:39+00:00 INFO Is weekly report enabled: enable
2023-03-14T10:41:39+00:00 INFO Is weekly report enabled: enable
2023-03-14T10:41:40+00:00 INFO Is weekly report enabled: enable
2023-03-14T10:41:41+00:00 INFO Is weekly report enabled: enable
2023-03-14T10:41:43+00:00 INFO Is weekly report enabled: enable
2023-03-14T10:41:44+00:00 INFO Is weekly report enabled: enable
2023-03-14T10:41:45+00:00 INFO Is weekly report enabled: enable
2023-03-14T10:41:46+00:00 INFO Is weekly report enabled: enable
2023-03-14T10:41:46+00:00 INFO Is weekly report enabled: enable
2023-03-14T10:41:47+00:00 INFO Is weekly report enabled: enable
2023-03-14T10:41:52+00:00 INFO Is weekly report enabled: enable
2023-03-14T10:41:53+00:00 INFO Is weekly report enabled: enable
2023-03-14T10:41:54+00:00 INFO Is weekly report enabled: enable
2023-03-14T10:41:56+00:00 INFO Is weekly report enabled: enable
2023-03-14T10:41:58+00:00 INFO Is weekly report enabled: enable
2023-03-14T10:41:59+00:00 INFO Is weekly report enabled: enable
2023-03-14T10:41:59+00:00 INFO Is weekly report enabled: enable
2023-03-14T10:42:01+00:00 INFO Is weekly report enabled: enable
2023-03-14T10:42:02+00:00 INFO Is weekly report enabled: enable
2023-03-14T10:42:02+00:00 INFO Is weekly report enabled: enable
2023-03-14T10:42:06+00:00 INFO Is weekly report enabled: enable
2023-03-14T10:42:06+00:00 INFO Is weekly report enabled: enable
2023-03-14T10:42:07+00:00 INFO Is weekly report enabled: enable
2023-03-14T10:42:08+00:00 INFO Is weekly report enabled: enable
2023-03-14T10:42:09+00:00 INFO Is weekly report enabled: enable
2023-03-14T10:42:11+00:00 INFO Is weekly report enabled: enable
2023-03-14T10:42:11+00:00 INFO Is weekly report enabled: enable
2023-03-14T10:42:11+00:00 INFO Is weekly report enabled: enable
2023-03-14T10:42:15+00:00 INFO Is weekly report enabled: enable
2023-03-14T10:42:16+00:00 INFO Is weekly report enabled: enable
2023-03-14T10:42:16+00:00 INFO Is weekly report enabled: enable
2023-03-14T10:42:18+00:00 INFO Is weekly report enabled: enable
2023-03-14T10:42:18+00:00 INFO Is weekly report enabled: enable
2023-03-14T10:42:19+00:00 INFO Is weekly report enabled: enable
2023-03-14T10:42:19+00:00 INFO Is weekly report enabled: enable
2023-03-14T10:42:20+00:00 INFO Is weekly report enabled: enable
2023-03-14T10:42:23+00:00 INFO Is weekly report enabled: enable
2023-03-14T10:42:24+00:00 INFO Is weekly report enabled: enable
2023-03-14T10:42:24+00:00 INFO Is weekly report enabled: enable
2023-03-14T10:42:25+00:00 INFO Is weekly report enabled: enable
2023-03-14T10:42:26+00:00 INFO Is weekly report enabled: enable
2023-03-14T10:42:27+00:00 INFO Is weekly report enabled: enable
2023-03-14T10:42:27+00:00 INFO Is weekly report enabled: enable
2023-03-14T10:42:28+00:00 INFO Is weekly report enabled: enable
2023-03-14T10:42:32+00:00 INFO Is weekly report enabled: enable
2023-03-14T10:42:32+00:00 INFO Is weekly report enabled: enable
2023-03-14T10:42:32+00:00 INFO Is weekly report enabled: enable
2023-03-14T10:42:33+00:00 INFO Is weekly report enabled: enable
2023-03-14T10:42:33+00:00 INFO Is weekly report enabled: enable
2023-03-14T10:42:34+00:00 INFO Is weekly report enabled: enable
2023-03-14T10:42:34+00:00 INFO Is weekly report enabled: enable
2023-03-14T10:42:36+00:00 INFO Is weekly report enabled: enable
2023-03-14T10:42:36+00:00 INFO Is weekly report enabled: enable
2023-03-14T10:42:36+00:00 INFO Is weekly report enabled: enable
2023-03-14T10:42:38+00:00 INFO Is weekly report enabled: enable
2023-03-14T10:42:40+00:00 INFO Is weekly report enabled: enable
2023-03-14T10:42:40+00:00 INFO Is weekly report enabled: enable
2023-03-14T10:42:42+00:00 INFO Is weekly report enabled: enable
2023-03-14T10:42:43+00:00 INFO Is weekly report enabled: enable
2023-03-14T10:42:45+00:00 INFO Is weekly report enabled: enable
2023-03-14T10:42:45+00:00 INFO Is weekly report enabled: enable
2023-03-14T10:42:47+00:00 INFO Is weekly report enabled: enable
2023-03-14T10:42:47+00:00 INFO Is weekly report enabled: enable
2023-03-14T10:42:47+00:00 INFO Is weekly report enabled: enable
2023-03-14T10:42:51+00:00 INFO Is weekly report enabled: enable
2023-03-14T10:42:52+00:00 INFO Is weekly report enabled: enable
2023-03-14T10:42:53+00:00 INFO Is weekly report enabled: enable
2023-03-14T10:42:54+00:00 INFO Is weekly report enabled: enable
2023-03-14T10:42:54+00:00 INFO Is weekly report enabled: enable
2023-03-14T10:42:56+00:00 INFO Is weekly report enabled: enable
2023-03-14T10:42:56+00:00 INFO Is weekly report enabled: enable
2023-03-14T10:42:56+00:00 INFO Is weekly report enabled: enable
2023-03-14T10:43:00+00:00 INFO Is weekly report enabled: enable
2023-03-14T10:43:01+00:00 INFO Is weekly report enabled: enable
2023-03-14T10:43:02+00:00 INFO Is weekly report enabled: enable
2023-03-14T10:43:02+00:00 INFO Is weekly report enabled: enable
2023-03-14T10:43:03+00:00 INFO Is weekly report enabled: enable
2023-03-14T10:43:04+00:00 INFO Is weekly report enabled: enable
2023-03-14T10:43:04+00:00 INFO Is weekly report enabled: enable
2023-03-14T10:43:04+00:00 INFO Is weekly report enabled: enable
2023-03-14T10:43:05+00:00 INFO Is weekly report enabled: enable
2023-03-14T10:43:06+00:00 INFO Is weekly report enabled: enable
2023-03-14T10:43:08+00:00 INFO Is weekly report enabled: enable
2023-03-14T10:43:09+00:00 INFO Is weekly report enabled: enable
2023-03-14T10:43:09+00:00 INFO Is weekly report enabled: enable
2023-03-14T10:43:11+00:00 INFO Is weekly report enabled: enable
2023-03-14T10:43:11+00:00 INFO Is weekly report enabled: enable
2023-03-14T10:43:11+00:00 INFO Is weekly report enabled: enable
2023-03-14T10:43:12+00:00 INFO Is weekly report enabled: enable
2023-03-14T10:43:13+00:00 INFO Is weekly report enabled: enable
2023-03-14T10:43:13+00:00 INFO Is weekly report enabled: enable
2023-03-14T10:43:13+00:00 INFO Is weekly report enabled: enable
2023-03-14T10:43:17+00:00 INFO Is weekly report enabled: enable
2023-03-14T10:43:18+00:00 INFO Is weekly report enabled: enable
2023-03-14T10:43:18+00:00 INFO Is weekly report enabled: enable
2023-03-14T10:43:20+00:00 INFO Is weekly report enabled: enable
2023-03-14T10:43:22+00:00 INFO Is weekly report enabled: enable
2023-03-14T10:43:22+00:00 INFO Is weekly report enabled: enable
2023-03-14T10:43:22+00:00 INFO Is weekly report enabled: enable
2023-03-14T10:43:26+00:00 INFO Is weekly report enabled: enable
2023-03-14T10:43:27+00:00 INFO Is weekly report enabled: enable
2023-03-14T10:43:28+00:00 INFO Is weekly report enabled: enable
2023-03-14T10:43:28+00:00 INFO Is weekly report enabled: enable
2023-03-14T10:43:28+00:00 INFO Is weekly report enabled: enable
2023-03-14T10:43:30+00:00 INFO Is weekly report enabled: enable
2023-03-14T10:43:32+00:00 INFO Is weekly report enabled: enable
2023-03-14T10:43:32+00:00 INFO Is weekly report enabled: enable
2023-03-14T10:43:32+00:00 INFO Is weekly report enabled: enable
2023-03-14T10:43:34+00:00 INFO Is weekly report enabled: enable
2023-03-14T10:43:36+00:00 INFO Is weekly report enabled: enable
2023-03-14T10:43:36+00:00 INFO Is weekly report enabled: enable
2023-03-14T10:43:37+00:00 INFO Is weekly report enabled: enable
2023-03-14T10:43:38+00:00 INFO Is weekly report enabled: enable
2023-03-14T10:43:39+00:00 INFO Is weekly report enabled: enable
2023-03-14T10:43:40+00:00 INFO Is weekly report enabled: enable
2023-03-14T10:43:42+00:00 INFO Is weekly report enabled: enable
2023-03-14T10:43:42+00:00 INFO Is weekly report enabled: enable
2023-03-14T10:43:43+00:00 INFO Is weekly report enabled: enable
2023-03-14T10:43:45+00:00 INFO Is weekly report enabled: enable
2023-03-14T10:43:45+00:00 INFO Is weekly report enabled: enable
2023-03-14T10:43:45+00:00 INFO Is weekly report enabled: enable
2023-03-14T10:43:47+00:00 INFO Is weekly report enabled: enable
2023-03-14T10:43:51+00:00 INFO Is weekly report enabled: enable
2023-03-14T10:43:52+00:00 INFO Is weekly report enabled: enable
2023-03-14T10:43:58+00:00 INFO Is weekly report enabled: enable
2023-03-14T10:43:59+00:00 INFO Is weekly report enabled: enable
2023-03-14T10:44:02+00:00 INFO Is weekly report enabled: enable
2023-03-14T10:44:03+00:00 INFO Is weekly report enabled: enable
2023-03-14T10:44:03+00:00 INFO Is weekly report enabled: enable
2023-03-14T10:44:06+00:00 INFO Is weekly report enabled: enable
2023-03-14T10:44:07+00:00 INFO Is weekly report enabled: enable
2023-03-14T10:44:09+00:00 INFO Is weekly report enabled: enable
2023-03-14T10:44:10+00:00 INFO Is weekly report enabled: enable
2023-03-14T10:44:10+00:00 INFO Is weekly report enabled: enable
2023-03-14T10:44:11+00:00 INFO Is weekly report enabled: enable
2023-03-14T10:44:12+00:00 INFO Is weekly report enabled: enable
2023-03-14T10:44:13+00:00 INFO Is weekly report enabled: enable
2023-03-14T10:44:13+00:00 INFO Is weekly report enabled: enable
2023-03-14T10:44:13+00:00 INFO Is weekly report enabled: enable
2023-03-14T10:44:16+00:00 INFO Is weekly report enabled: enable
2023-03-14T10:44:18+00:00 INFO Is weekly report enabled: enable
2023-03-14T10:44:18+00:00 INFO Is weekly report enabled: enable
2023-03-14T10:44:18+00:00 INFO Is weekly report enabled: enable
2023-03-14T10:44:20+00:00 INFO Is weekly report enabled: enable
2023-03-14T10:44:20+00:00 INFO Is weekly report enabled: enable
2023-03-14T10:44:22+00:00 INFO Is weekly report enabled: enable
2023-03-14T10:44:22+00:00 INFO Is weekly report enabled: enable
2023-03-14T10:44:22+00:00 INFO Is weekly report enabled: enable
2023-03-14T10:44:25+00:00 INFO Is weekly report enabled: enable
2023-03-14T10:44:27+00:00 INFO Is weekly report enabled: enable
2023-03-14T10:44:27+00:00 INFO Is weekly report enabled: enable
2023-03-14T10:44:28+00:00 INFO Is weekly report enabled: enable
2023-03-14T10:44:30+00:00 INFO Is weekly report enabled: enable
2023-03-14T10:44:31+00:00 INFO Is weekly report enabled: enable
2023-03-14T10:44:33+00:00 INFO Is weekly report enabled: enable
2023-03-14T10:44:35+00:00 INFO Is weekly report enabled: enable
2023-03-14T10:44:37+00:00 INFO Is weekly report enabled: enable
2023-03-14T10:44:41+00:00 INFO Is weekly report enabled: enable
2023-03-14T10:44:50+00:00 INFO Is weekly report enabled: enable
2023-03-14T10:44:52+00:00 INFO Is weekly report enabled: enable
2023-03-14T10:45:01+00:00 INFO Is weekly report enabled: enable
2023-03-14T10:45:11+00:00 INFO Is weekly report enabled: enable
2023-03-14T10:45:18+00:00 INFO Is weekly report enabled: enable
2023-03-14T10:45:27+00:00 INFO Is weekly report enabled: enable
2023-03-14T10:45:29+00:00 INFO Is weekly report enabled: enable
2023-03-14T10:45:29+00:00 INFO Is weekly report enabled: enable
2023-03-14T10:45:36+00:00 INFO Is weekly report enabled: enable
2023-03-14T10:45:38+00:00 INFO Is weekly report enabled: enable
2023-03-14T10:45:39+00:00 INFO Is weekly report enabled: enable
2023-03-14T10:45:46+00:00 INFO Is weekly report enabled: enable
2023-03-14T10:45:46+00:00 INFO Is weekly report enabled: enable
2023-03-14T10:45:50+00:00 INFO Is weekly report enabled: enable
2023-03-14T10:45:52+00:00 INFO Is weekly report enabled: enable
2023-03-14T10:46:08+00:00 INFO Is weekly report enabled: enable
2023-03-14T10:46:08+00:00 INFO Is weekly report enabled: enable
2023-03-14T10:46:17+00:00 INFO Is weekly report enabled: enable
2023-03-14T10:46:18+00:00 INFO Is weekly report enabled: enable
2023-03-14T10:46:26+00:00 INFO Is weekly report enabled: enable
2023-03-14T10:46:26+00:00 INFO Is weekly report enabled: enable
2023-03-14T10:46:33+00:00 INFO Is weekly report enabled: enable
2023-03-14T10:46:42+00:00 INFO Is weekly report enabled: enable
2023-03-14T10:46:50+00:00 INFO Is weekly report enabled: enable
2023-03-14T10:46:53+00:00 INFO Is weekly report enabled: enable
2023-03-14T10:46:56+00:00 INFO Is weekly report enabled: enable
2023-03-14T10:46:58+00:00 INFO Is weekly report enabled: enable
2023-03-14T10:47:00+00:00 INFO Is weekly report enabled: enable
2023-03-14T10:47:02+00:00 INFO Is weekly report enabled: enable
2023-03-14T10:47:02+00:00 INFO Is weekly report enabled: enable
2023-03-14T10:47:02+00:00 INFO Is weekly report enabled: enable
2023-03-14T10:47:03+00:00 INFO Is weekly report enabled: enable
2023-03-14T10:47:03+00:00 INFO Is weekly report enabled: enable
2023-03-14T10:47:03+00:00 INFO Is weekly report enabled: enable
2023-03-14T10:47:03+00:00 INFO Is weekly report enabled: enable
2023-03-14T10:47:04+00:00 INFO Is weekly report enabled: enable
2023-03-14T10:47:05+00:00 INFO Is weekly report enabled: enable
2023-03-14T10:47:05+00:00 INFO Is weekly report enabled: enable
2023-03-14T10:47:05+00:00 INFO Is weekly report enabled: enable
2023-03-14T10:47:05+00:00 INFO Is weekly report enabled: enable
2023-03-14T10:47:06+00:00 INFO Is weekly report enabled: enable
2023-03-14T10:47:06+00:00 INFO Is weekly report enabled: enable
2023-03-14T10:47:06+00:00 INFO Is weekly report enabled: enable
2023-03-14T10:47:06+00:00 INFO Is weekly report enabled: enable
2023-03-14T10:47:07+00:00 INFO Is weekly report enabled: enable
2023-03-14T10:47:07+00:00 INFO Is weekly report enabled: enable
2023-03-14T10:47:07+00:00 INFO Is weekly report enabled: enable
2023-03-14T10:47:07+00:00 INFO Is weekly report enabled: enable
2023-03-14T10:47:08+00:00 INFO Is weekly report enabled: enable
2023-03-14T10:47:08+00:00 INFO Is weekly report enabled: enable
2023-03-14T10:47:08+00:00 INFO Is weekly report enabled: enable
2023-03-14T10:47:08+00:00 INFO Is weekly report enabled: enable
2023-03-14T10:47:13+00:00 INFO Is weekly report enabled: enable
2023-03-14T10:47:22+00:00 INFO Is weekly report enabled: enable
2023-03-14T10:47:29+00:00 INFO Is weekly report enabled: enable
2023-03-14T10:47:31+00:00 INFO Is weekly report enabled: enable
2023-03-14T10:47:33+00:00 INFO Is weekly report enabled: enable
2023-03-14T10:47:34+00:00 INFO Is weekly report enabled: enable
2023-03-14T10:47:36+00:00 INFO Is weekly report enabled: enable
2023-03-14T10:47:36+00:00 INFO Is weekly report enabled: enable
2023-03-14T10:47:38+00:00 INFO Is weekly report enabled: enable
2023-03-14T10:47:39+00:00 INFO Is weekly report enabled: enable
2023-03-14T10:47:42+00:00 INFO Is weekly report enabled: enable
2023-03-14T10:47:44+00:00 INFO Is weekly report enabled: enable
2023-03-14T10:47:44+00:00 INFO Is weekly report enabled: enable
2023-03-14T10:47:46+00:00 INFO Is weekly report enabled: enable
2023-03-14T10:47:47+00:00 INFO Is weekly report enabled: enable
2023-03-14T10:47:47+00:00 INFO Is weekly report enabled: enable
2023-03-14T10:47:48+00:00 INFO Is weekly report enabled: enable
2023-03-14T10:47:48+00:00 INFO Is weekly report enabled: enable
2023-03-14T10:47:49+00:00 INFO Is weekly report enabled: enable
2023-03-14T10:47:50+00:00 INFO Is weekly report enabled: enable
2023-03-14T10:47:51+00:00 INFO Is weekly report enabled: enable
2023-03-14T10:47:53+00:00 INFO Is weekly report enabled: enable
2023-03-14T10:47:55+00:00 INFO Is weekly report enabled: enable
2023-03-14T10:47:55+00:00 INFO Is weekly report enabled: enable
2023-03-14T10:47:57+00:00 INFO Is weekly report enabled: enable
2023-03-14T10:48:02+00:00 INFO Is weekly report enabled: enable
2023-03-14T10:48:03+00:00 INFO Is weekly report enabled: enable
2023-03-14T10:48:03+00:00 INFO Is weekly report enabled: enable
2023-03-14T10:48:19+00:00 INFO Is weekly report enabled: enable
2023-03-14T10:48:20+00:00 INFO Is weekly report enabled: enable
2023-03-14T10:48:21+00:00 INFO Is weekly report enabled: enable
2023-03-14T10:48:23+00:00 INFO Is weekly report enabled: enable
2023-03-14T10:48:24+00:00 INFO Is weekly report enabled: enable
2023-03-14T10:48:24+00:00 INFO Is weekly report enabled: enable
2023-03-14T10:48:25+00:00 INFO Is weekly report enabled: enable
2023-03-14T10:48:28+00:00 INFO Is weekly report enabled: enable
2023-03-14T10:48:29+00:00 INFO Is weekly report enabled: enable
2023-03-14T10:48:30+00:00 INFO Is weekly report enabled: enable
2023-03-14T10:48:31+00:00 INFO Is weekly report enabled: enable
2023-03-14T10:48:32+00:00 INFO Is weekly report enabled: enable
2023-03-14T10:48:33+00:00 INFO Is weekly report enabled: enable
2023-03-14T10:48:35+00:00 INFO Is weekly report enabled: enable
2023-03-14T10:48:35+00:00 INFO Is weekly report enabled: enable
2023-03-14T10:48:38+00:00 INFO Is weekly report enabled: enable
2023-03-14T10:48:40+00:00 INFO Is weekly report enabled: enable
2023-03-14T10:48:41+00:00 INFO Is weekly report enabled: enable
2023-03-14T10:48:43+00:00 INFO Is weekly report enabled: enable
2023-03-14T10:48:44+00:00 INFO Is weekly report enabled: enable
2023-03-14T10:48:44+00:00 INFO Is weekly report enabled: enable
2023-03-14T10:48:46+00:00 INFO Is weekly report enabled: enable
2023-03-14T10:48:48+00:00 INFO Is weekly report enabled: enable
2023-03-14T10:48:51+00:00 INFO Is weekly report enabled: enable
2023-03-14T10:48:52+00:00 INFO Is weekly report enabled: enable
2023-03-14T10:48:52+00:00 INFO Is weekly report enabled: enable
2023-03-14T10:48:53+00:00 INFO Is weekly report enabled: enable
2023-03-14T10:48:55+00:00 INFO Is weekly report enabled: enable
2023-03-14T10:48:55+00:00 INFO Is weekly report enabled: enable
2023-03-14T10:48:57+00:00 INFO Is weekly report enabled: enable
2023-03-14T10:48:57+00:00 INFO Is weekly report enabled: enable
2023-03-14T10:48:59+00:00 INFO Is weekly report enabled: enable
2023-03-14T10:49:02+00:00 INFO Is weekly report enabled: enable
2023-03-14T10:49:02+00:00 INFO Is weekly report enabled: enable
2023-03-14T10:49:02+00:00 INFO Is weekly report enabled: enable
2023-03-14T10:49:04+00:00 INFO Is weekly report enabled: enable
2023-03-14T10:49:04+00:00 INFO Is weekly report enabled: enable
2023-03-14T10:49:06+00:00 INFO Is weekly report enabled: enable
2023-03-14T10:49:06+00:00 INFO Is weekly report enabled: enable
2023-03-14T10:49:06+00:00 INFO Is weekly report enabled: enable
2023-03-14T10:49:10+00:00 INFO Is weekly report enabled: enable
2023-03-14T10:49:10+00:00 INFO Is weekly report enabled: enable
2023-03-14T10:49:11+00:00 INFO Is weekly report enabled: enable
2023-03-14T10:49:12+00:00 INFO Is weekly report enabled: enable
2023-03-14T10:49:13+00:00 INFO Is weekly report enabled: enable
2023-03-14T10:49:14+00:00 INFO Is weekly report enabled: enable
2023-03-14T10:49:14+00:00 INFO Is weekly report enabled: enable
2023-03-14T10:49:14+00:00 INFO Is weekly report enabled: enable
2023-03-14T10:49:17+00:00 INFO Is weekly report enabled: enable
2023-03-14T10:49:18+00:00 INFO Is weekly report enabled: enable
2023-03-14T10:49:19+00:00 INFO Is weekly report enabled: enable
2023-03-14T10:49:20+00:00 INFO Is weekly report enabled: enable
2023-03-14T10:49:20+00:00 INFO Is weekly report enabled: enable
2023-03-14T10:49:21+00:00 INFO Is weekly report enabled: enable
2023-03-14T10:49:21+00:00 INFO Is weekly report enabled: enable
2023-03-14T10:49:22+00:00 INFO Is weekly report enabled: enable
2023-03-14T10:49:25+00:00 INFO Is weekly report enabled: enable
2023-03-14T10:49:26+00:00 INFO Is weekly report enabled: enable
2023-03-14T10:49:27+00:00 INFO Is weekly report enabled: enable
2023-03-14T10:49:28+00:00 INFO Is weekly report enabled: enable
2023-03-14T10:49:28+00:00 INFO Is weekly report enabled: enable
2023-03-14T10:49:29+00:00 INFO Is weekly report enabled: enable
2023-03-14T10:49:29+00:00 INFO Is weekly report enabled: enable
2023-03-14T10:49:30+00:00 INFO Is weekly report enabled: enable
2023-03-14T10:49:34+00:00 INFO Is weekly report enabled: enable
2023-03-14T10:49:34+00:00 INFO Is weekly report enabled: enable
2023-03-14T10:49:35+00:00 INFO Is weekly report enabled: enable
2023-03-14T10:49:36+00:00 INFO Is weekly report enabled: enable
2023-03-14T10:49:36+00:00 INFO Is weekly report enabled: enable
2023-03-14T10:49:37+00:00 INFO Is weekly report enabled: enable
2023-03-14T10:49:37+00:00 INFO Is weekly report enabled: enable
2023-03-14T10:49:38+00:00 INFO Is weekly report enabled: enable
2023-03-14T10:49:41+00:00 INFO Is weekly report enabled: enable
2023-03-14T10:49:43+00:00 INFO Is weekly report enabled: enable
2023-03-14T10:49:43+00:00 INFO Is weekly report enabled: enable
2023-03-14T10:49:44+00:00 INFO Is weekly report enabled: enable
2023-03-14T10:49:44+00:00 INFO Is weekly report enabled: enable
2023-03-14T10:49:46+00:00 INFO Is weekly report enabled: enable
2023-03-14T10:49:46+00:00 INFO Is weekly report enabled: enable
2023-03-14T10:49:46+00:00 INFO Is weekly report enabled: enable
2023-03-14T10:49:50+00:00 INFO Is weekly report enabled: enable
2023-03-14T10:49:51+00:00 INFO Is weekly report enabled: enable
2023-03-14T10:49:51+00:00 INFO Is weekly report enabled: enable
2023-03-14T10:49:52+00:00 INFO Is weekly report enabled: enable
2023-03-14T10:49:53+00:00 INFO Is weekly report enabled: enable
2023-03-14T10:49:54+00:00 INFO Is weekly report enabled: enable
2023-03-14T10:49:55+00:00 INFO Is weekly report enabled: enable
2023-03-14T10:49:55+00:00 INFO Is weekly report enabled: enable
2023-03-14T10:49:55+00:00 INFO Is weekly report enabled: enable
2023-03-14T10:49:55+00:00 INFO Is weekly report enabled: enable
2023-03-14T10:49:56+00:00 INFO Is weekly report enabled: enable
2023-03-14T10:49:56+00:00 INFO Is weekly report enabled: enable
2023-03-14T10:49:56+00:00 INFO Is weekly report enabled: enable
2023-03-14T10:49:58+00:00 INFO Is weekly report enabled: enable
2023-03-14T10:49:59+00:00 INFO Is weekly report enabled: enable
2023-03-14T10:49:59+00:00 INFO Is weekly report enabled: enable
2023-03-14T10:50:00+00:00 INFO Is weekly report enabled: enable
2023-03-14T10:50:00+00:00 INFO Is weekly report enabled: enable
2023-03-14T10:50:01+00:00 INFO Is weekly report enabled: enable
2023-03-14T10:50:02+00:00 INFO Is weekly report enabled: enable
2023-03-14T10:50:02+00:00 INFO Is weekly report enabled: enable
2023-03-14T10:50:03+00:00 INFO Is weekly report enabled: enable
2023-03-14T10:50:04+00:00 INFO Is weekly report enabled: enable
2023-03-14T10:50:04+00:00 INFO Is weekly report enabled: enable
2023-03-14T10:50:04+00:00 INFO Is weekly report enabled: enable
2023-03-14T10:50:04+00:00 INFO Is weekly report enabled: enable
2023-03-14T10:50:08+00:00 INFO Is weekly report enabled: enable
2023-03-14T10:50:09+00:00 INFO Is weekly report enabled: enable
2023-03-14T10:50:09+00:00 INFO Is weekly report enabled: enable
2023-03-14T10:50:10+00:00 INFO Is weekly report enabled: enable
2023-03-14T10:50:12+00:00 INFO Is weekly report enabled: enable
2023-03-14T10:50:12+00:00 INFO Is weekly report enabled: enable
2023-03-14T10:50:12+00:00 INFO Is weekly report enabled: enable
2023-03-14T10:50:16+00:00 INFO Is weekly report enabled: enable
2023-03-14T10:50:17+00:00 INFO Is weekly report enabled: enable
2023-03-14T10:50:17+00:00 INFO Is weekly report enabled: enable
2023-03-14T10:50:18+00:00 INFO Is weekly report enabled: enable
2023-03-14T10:50:20+00:00 INFO Is weekly report enabled: enable
2023-03-14T10:50:20+00:00 INFO Is weekly report enabled: enable
2023-03-14T10:50:20+00:00 INFO Is weekly report enabled: enable
2023-03-14T10:50:24+00:00 INFO Is weekly report enabled: enable
2023-03-14T10:50:24+00:00 INFO Is weekly report enabled: enable
2023-03-14T10:50:25+00:00 INFO Is weekly report enabled: enable
2023-03-14T10:50:26+00:00 INFO Is weekly report enabled: enable
2023-03-14T10:50:28+00:00 INFO Is weekly report enabled: enable
2023-03-14T10:50:28+00:00 INFO Is weekly report enabled: enable
2023-03-14T10:50:28+00:00 INFO Is weekly report enabled: enable
2023-03-14T10:50:32+00:00 INFO Is weekly report enabled: enable
2023-03-14T10:50:32+00:00 INFO Is weekly report enabled: enable
2023-03-14T10:50:33+00:00 INFO Is weekly report enabled: enable
2023-03-14T10:50:34+00:00 INFO Is weekly report enabled: enable
2023-03-14T10:50:34+00:00 INFO Is weekly report enabled: enable
2023-03-14T10:50:36+00:00 INFO Is weekly report enabled: enable
2023-03-14T10:50:36+00:00 INFO Is weekly report enabled: enable
2023-03-14T10:50:38+00:00 INFO Is weekly report enabled: enable
2023-03-14T10:50:40+00:00 INFO Is weekly report enabled: enable
2023-03-14T10:50:41+00:00 INFO Is weekly report enabled: enable
2023-03-14T10:50:41+00:00 INFO Is weekly report enabled: enable
2023-03-14T10:50:42+00:00 INFO Is weekly report enabled: enable
2023-03-14T10:50:43+00:00 INFO Is weekly report enabled: enable
2023-03-14T10:50:44+00:00 INFO Is weekly report enabled: enable
2023-03-14T10:50:45+00:00 INFO Is weekly report enabled: enable
2023-03-14T10:50:47+00:00 INFO Is weekly report enabled: enable
2023-03-14T10:50:48+00:00 INFO Is weekly report enabled: enable
2023-03-14T10:50:49+00:00 INFO Is weekly report enabled: enable
2023-03-14T10:50:50+00:00 INFO Is weekly report enabled: enable
2023-03-14T10:50:51+00:00 INFO Is weekly report enabled: enable
2023-03-14T10:50:51+00:00 INFO Is weekly report enabled: enable
2023-03-14T10:50:51+00:00 INFO Is weekly report enabled: enable
2023-03-14T10:50:52+00:00 INFO Is weekly report enabled: enable
2023-03-14T10:50:55+00:00 INFO Is weekly report enabled: enable
2023-03-14T10:50:56+00:00 INFO Is weekly report enabled: enable
2023-03-14T10:50:57+00:00 INFO Is weekly report enabled: enable
2023-03-14T10:50:57+00:00 INFO Is weekly report enabled: enable
2023-03-14T10:50:58+00:00 INFO Is weekly report enabled: enable
2023-03-14T10:50:59+00:00 INFO Is weekly report enabled: enable
2023-03-14T10:50:59+00:00 INFO Is weekly report enabled: enable
2023-03-14T10:50:59+00:00 INFO Is weekly report enabled: enable
2023-03-14T10:51:02+00:00 INFO Is weekly report enabled: enable
2023-03-14T10:51:02+00:00 INFO Is weekly report enabled: enable
2023-03-14T10:51:03+00:00 INFO Is weekly report enabled: enable
2023-03-14T10:51:03+00:00 INFO Is weekly report enabled: enable
2023-03-14T10:51:04+00:00 INFO Is weekly report enabled: enable
2023-03-14T10:51:04+00:00 INFO Is weekly report enabled: enable
2023-03-14T10:51:04+00:00 INFO Is weekly report enabled: enable
2023-03-14T10:51:06+00:00 INFO Is weekly report enabled: enable
2023-03-14T10:51:07+00:00 INFO Is weekly report enabled: enable
2023-03-14T10:51:08+00:00 INFO Is weekly report enabled: enable
2023-03-14T10:51:10+00:00 INFO Is weekly report enabled: enable
2023-03-14T10:51:12+00:00 INFO Is weekly report enabled: enable
2023-03-14T10:51:13+00:00 INFO Is weekly report enabled: enable
2023-03-14T10:51:13+00:00 INFO Is weekly report enabled: enable
2023-03-14T10:51:14+00:00 INFO Is weekly report enabled: enable
2023-03-14T10:51:15+00:00 INFO Is weekly report enabled: enable
2023-03-14T10:51:16+00:00 INFO Is weekly report enabled: enable
2023-03-14T10:51:16+00:00 INFO Is weekly report enabled: enable
2023-03-14T10:51:16+00:00 INFO Is weekly report enabled: enable
2023-03-14T10:51:17+00:00 INFO Is weekly report enabled: enable
2023-03-14T10:51:17+00:00 INFO Is weekly report enabled: enable
2023-03-14T10:51:17+00:00 INFO Is weekly report enabled: enable
2023-03-14T10:51:19+00:00 INFO Is weekly report enabled: enable
2023-03-14T10:51:19+00:00 INFO Is weekly report enabled: enable
2023-03-14T10:51:19+00:00 INFO Is weekly report enabled: enable
2023-03-14T10:51:20+00:00 INFO Is weekly report enabled: enable
2023-03-14T10:51:20+00:00 INFO Is weekly report enabled: enable
2023-03-14T10:51:20+00:00 INFO Is weekly report enabled: enable
2023-03-14T10:51:21+00:00 INFO Is weekly report enabled: enable
2023-03-14T10:51:21+00:00 INFO Is weekly report enabled: enable
2023-03-14T10:51:21+00:00 INFO Is weekly report enabled: enable
2023-03-14T10:51:22+00:00 INFO Is weekly report enabled: enable
2023-03-14T10:51:22+00:00 INFO Is weekly report enabled: enable
2023-03-14T10:51:23+00:00 INFO Is weekly report enabled: enable
2023-03-14T10:51:23+00:00 INFO Is weekly report enabled: enable
2023-03-14T10:51:30+00:00 INFO Is weekly report enabled: enable
2023-03-14T10:51:45+00:00 INFO Is weekly report enabled: enable
2023-03-14T10:51:47+00:00 INFO Is weekly report enabled: enable
2023-03-14T10:51:47+00:00 INFO Is weekly report enabled: enable
2023-03-14T10:51:48+00:00 INFO Is weekly report enabled: enable
2023-03-14T10:51:50+00:00 INFO Is weekly report enabled: enable
2023-03-14T10:51:52+00:00 INFO Is weekly report enabled: enable
2023-03-14T10:51:54+00:00 INFO Is weekly report enabled: enable
2023-03-14T10:51:55+00:00 INFO Is weekly report enabled: enable
2023-03-14T10:51:57+00:00 INFO Is weekly report enabled: enable
2023-03-14T10:52:00+00:00 INFO Is weekly report enabled: enable
2023-03-14T10:52:02+00:00 INFO Is weekly report enabled: enable
2023-03-14T10:52:03+00:00 INFO Is weekly report enabled: enable
2023-03-14T10:52:03+00:00 INFO Is weekly report enabled: enable
2023-03-14T10:52:04+00:00 INFO Is weekly report enabled: enable
2023-03-14T10:52:05+00:00 INFO Is weekly report enabled: enable
2023-03-14T10:52:07+00:00 INFO Is weekly report enabled: enable
2023-03-14T10:52:09+00:00 INFO Is weekly report enabled: enable
2023-03-14T10:52:11+00:00 INFO Is weekly report enabled: enable
2023-03-14T10:52:11+00:00 INFO Is weekly report enabled: enable
2023-03-14T10:52:16+00:00 INFO Is weekly report enabled: enable
2023-03-14T10:52:17+00:00 INFO Is weekly report enabled: enable
2023-03-14T10:52:23+00:00 INFO Is weekly report enabled: enable
2023-03-14T10:52:24+00:00 INFO Is weekly report enabled: enable
2023-03-14T10:52:29+00:00 INFO Is weekly report enabled: enable
2023-03-14T10:52:30+00:00 INFO Is weekly report enabled: enable
2023-03-14T10:52:30+00:00 INFO Is weekly report enabled: enable
2023-03-14T10:52:32+00:00 INFO Is weekly report enabled: enable
2023-03-14T10:52:32+00:00 INFO Is weekly report enabled: enable
2023-03-14T10:52:36+00:00 INFO Is weekly report enabled: enable
2023-03-14T10:52:37+00:00 INFO Is weekly report enabled: enable
2023-03-14T10:52:38+00:00 INFO Is weekly report enabled: enable
2023-03-14T10:52:40+00:00 INFO Is weekly report enabled: enable
2023-03-14T10:52:40+00:00 INFO Is weekly report enabled: enable
2023-03-14T10:52:42+00:00 INFO Is weekly report enabled: enable
2023-03-14T10:52:42+00:00 INFO Is weekly report enabled: enable
2023-03-14T10:52:45+00:00 INFO Is weekly report enabled: enable
2023-03-14T10:52:46+00:00 INFO Is weekly report enabled: enable
2023-03-14T10:52:47+00:00 INFO Is weekly report enabled: enable
2023-03-14T10:52:48+00:00 INFO Is weekly report enabled: enable
2023-03-14T10:52:48+00:00 INFO Is weekly report enabled: enable
2023-03-14T10:52:50+00:00 INFO Is weekly report enabled: enable
2023-03-14T10:52:50+00:00 INFO Is weekly report enabled: enable
2023-03-14T10:52:52+00:00 INFO Is weekly report enabled: enable
2023-03-14T10:52:52+00:00 INFO Is weekly report enabled: enable
2023-03-14T10:52:55+00:00 INFO Is weekly report enabled: enable
2023-03-14T10:52:56+00:00 INFO Is weekly report enabled: enable
2023-03-14T10:52:56+00:00 INFO Is weekly report enabled: enable
2023-03-14T10:52:58+00:00 INFO Is weekly report enabled: enable
2023-03-14T10:53:00+00:00 INFO Is weekly report enabled: enable
2023-03-14T10:53:04+00:00 INFO Is weekly report enabled: enable
2023-03-14T10:53:05+00:00 INFO Is weekly report enabled: enable
2023-03-14T10:53:05+00:00 INFO Is weekly report enabled: enable
2023-03-14T10:53:05+00:00 INFO Is weekly report enabled: enable
2023-03-14T10:53:06+00:00 INFO Is weekly report enabled: enable
2023-03-14T10:53:09+00:00 INFO Is weekly report enabled: enable
2023-03-14T10:53:10+00:00 INFO Is weekly report enabled: enable
2023-03-14T10:53:12+00:00 INFO Is weekly report enabled: enable
2023-03-14T10:53:14+00:00 INFO Is weekly report enabled: enable
2023-03-14T10:53:15+00:00 INFO Is weekly report enabled: enable
2023-03-14T10:53:18+00:00 INFO Is weekly report enabled: enable
2023-03-14T10:53:18+00:00 INFO Is weekly report enabled: enable
2023-03-14T10:53:18+00:00 INFO Is weekly report enabled: enable
2023-03-14T10:53:21+00:00 INFO Is weekly report enabled: enable
2023-03-14T10:53:22+00:00 INFO Is weekly report enabled: enable
2023-03-14T10:53:24+00:00 INFO Is weekly report enabled: enable
2023-03-14T10:53:24+00:00 INFO Is weekly report enabled: enable
2023-03-14T10:53:26+00:00 INFO Is weekly report enabled: enable
2023-03-14T10:53:26+00:00 INFO Is weekly report enabled: enable
2023-03-14T10:53:26+00:00 INFO Is weekly report enabled: enable
2023-03-14T10:53:29+00:00 INFO Is weekly report enabled: enable
2023-03-14T10:53:30+00:00 INFO Is weekly report enabled: enable
2023-03-14T10:53:30+00:00 INFO Is weekly report enabled: enable
2023-03-14T10:53:31+00:00 INFO Is weekly report enabled: enable
2023-03-14T10:53:32+00:00 INFO Is weekly report enabled: enable
2023-03-14T10:53:34+00:00 INFO Is weekly report enabled: enable
2023-03-14T10:53:34+00:00 INFO Is weekly report enabled: enable
2023-03-14T10:53:34+00:00 INFO Is weekly report enabled: enable
2023-03-14T10:53:38+00:00 INFO Is weekly report enabled: enable
2023-03-14T10:53:38+00:00 INFO Is weekly report enabled: enable
2023-03-14T10:53:40+00:00 INFO Is weekly report enabled: enable
2023-03-14T10:53:41+00:00 INFO Is weekly report enabled: enable
2023-03-14T10:53:41+00:00 INFO Is weekly report enabled: enable
2023-03-14T10:53:43+00:00 INFO Is weekly report enabled: enable
2023-03-14T10:53:43+00:00 INFO Is weekly report enabled: enable
2023-03-14T10:53:43+00:00 INFO Is weekly report enabled: enable
2023-03-14T10:53:47+00:00 INFO Is weekly report enabled: enable
2023-03-14T10:53:48+00:00 INFO Is weekly report enabled: enable
2023-03-14T10:53:48+00:00 INFO Is weekly report enabled: enable
2023-03-14T10:53:49+00:00 INFO Is weekly report enabled: enable
2023-03-14T10:53:50+00:00 INFO Is weekly report enabled: enable
2023-03-14T10:53:51+00:00 INFO Is weekly report enabled: enable
2023-03-14T10:53:51+00:00 INFO Is weekly report enabled: enable
2023-03-14T10:53:51+00:00 INFO Is weekly report enabled: enable
2023-03-14T10:53:55+00:00 INFO Is weekly report enabled: enable
2023-03-14T10:53:56+00:00 INFO Is weekly report enabled: enable
2023-03-14T10:53:56+00:00 INFO Is weekly report enabled: enable
2023-03-14T10:53:57+00:00 INFO Is weekly report enabled: enable
2023-03-14T10:53:57+00:00 INFO Is weekly report enabled: enable
2023-03-14T10:53:58+00:00 INFO Is weekly report enabled: enable
2023-03-14T10:53:58+00:00 INFO Is weekly report enabled: enable
2023-03-14T10:53:59+00:00 INFO Is weekly report enabled: enable
2023-03-14T10:54:02+00:00 INFO Is weekly report enabled: enable
2023-03-14T10:54:02+00:00 INFO Is weekly report enabled: enable
2023-03-14T10:54:04+00:00 INFO Is weekly report enabled: enable
2023-03-14T10:54:04+00:00 INFO Is weekly report enabled: enable
2023-03-14T10:54:04+00:00 INFO Is weekly report enabled: enable
2023-03-14T10:54:06+00:00 INFO Is weekly report enabled: enable
2023-03-14T10:54:06+00:00 INFO Is weekly report enabled: enable
2023-03-14T10:54:06+00:00 INFO Is weekly report enabled: enable
2023-03-14T10:54:07+00:00 INFO Is weekly report enabled: enable
2023-03-14T10:54:10+00:00 INFO Is weekly report enabled: enable
2023-03-14T10:54:11+00:00 INFO Is weekly report enabled: enable
2023-03-14T10:54:12+00:00 INFO Is weekly report enabled: enable
2023-03-14T10:54:13+00:00 INFO Is weekly report enabled: enable
2023-03-14T10:54:15+00:00 INFO Is weekly report enabled: enable
2023-03-14T10:54:15+00:00 INFO Is weekly report enabled: enable
2023-03-14T10:54:16+00:00 INFO Is weekly report enabled: enable
2023-03-14T10:54:16+00:00 INFO Is weekly report enabled: enable
2023-03-14T10:54:16+00:00 INFO Is weekly report enabled: enable
2023-03-14T10:54:16+00:00 INFO Is weekly report enabled: enable
2023-03-14T10:54:16+00:00 INFO Is weekly report enabled: enable
2023-03-14T10:54:17+00:00 INFO Is weekly report enabled: enable
2023-03-14T10:54:17+00:00 INFO Is weekly report enabled: enable
2023-03-14T10:54:17+00:00 INFO Is weekly report enabled: enable
2023-03-14T10:54:17+00:00 INFO Is weekly report enabled: enable
2023-03-14T10:54:18+00:00 INFO Is weekly report enabled: enable
2023-03-14T10:54:18+00:00 INFO Is weekly report enabled: enable
2023-03-14T10:54:19+00:00 INFO Is weekly report enabled: enable
2023-03-14T10:54:19+00:00 INFO Is weekly report enabled: enable
2023-03-14T10:54:19+00:00 INFO Is weekly report enabled: enable
2023-03-14T10:54:21+00:00 INFO Is weekly report enabled: enable
2023-03-14T10:54:22+00:00 INFO Is weekly report enabled: enable
2023-03-14T10:54:22+00:00 INFO Is weekly report enabled: enable
2023-03-14T10:54:23+00:00 INFO Is weekly report enabled: enable
2023-03-14T10:54:42+00:00 INFO Is weekly report enabled: enable
2023-03-14T10:56:43+00:00 INFO Is weekly report enabled: enable
2023-03-14T10:56:45+00:00 INFO Is weekly report enabled: enable
2023-03-14T10:58:44+00:00 INFO Is weekly report enabled: enable
2023-03-14T10:58:46+00:00 INFO Is weekly report enabled: enable
2023-03-14T11:00:46+00:00 INFO Is weekly report enabled: enable
2023-03-14T11:00:47+00:00 INFO Is weekly report enabled: enable
2023-03-14T11:02:47+00:00 INFO Is weekly report enabled: enable
2023-03-14T11:02:48+00:00 INFO Is weekly report enabled: enable
2023-03-14T11:04:48+00:00 INFO Is weekly report enabled: enable
2023-03-14T11:04:49+00:00 INFO Is weekly report enabled: enable
2023-03-14T11:05:35+00:00 INFO Is weekly report enabled: enable
2023-03-14T11:05:47+00:00 INFO Is weekly report enabled: enable
2023-03-14T11:05:53+00:00 INFO Is weekly report enabled: enable
2023-03-14T11:06:12+00:00 INFO Is weekly report enabled: enable
2023-03-14T11:06:21+00:00 INFO Is weekly report enabled: enable
2023-03-14T11:06:39+00:00 INFO Is weekly report enabled: enable
2023-03-14T11:06:41+00:00 INFO Is weekly report enabled: enable
2023-03-14T11:06:46+00:00 INFO Is weekly report enabled: enable
2023-03-14T11:06:51+00:00 INFO Is weekly report enabled: enable
2023-03-14T11:06:57+00:00 INFO Is weekly report enabled: enable
2023-03-14T11:06:59+00:00 INFO Is weekly report enabled: enable
2023-03-14T11:07:03+00:00 INFO Is weekly report enabled: enable
2023-03-14T11:07:08+00:00 INFO Is weekly report enabled: enable
2023-03-14T11:07:13+00:00 INFO Is weekly report enabled: enable
2023-03-14T11:07:27+00:00 INFO Is weekly report enabled: enable
2023-03-14T11:08:14+00:00 INFO Is weekly report enabled: enable
2023-03-14T11:08:27+00:00 INFO Is weekly report enabled: enable
2023-03-14T11:09:15+00:00 INFO Is weekly report enabled: enable
2023-03-14T11:09:28+00:00 INFO Is weekly report enabled: enable
2023-03-14T11:11:17+00:00 INFO Is weekly report enabled: enable
2023-03-14T11:11:18+00:00 INFO Is weekly report enabled: enable
2023-03-14T11:11:28+00:00 INFO Is weekly report enabled: enable
2023-03-14T11:12:38+00:00 INFO Is weekly report enabled: enable
2023-03-14T11:12:46+00:00 INFO Is weekly report enabled: enable
2023-03-14T11:12:58+00:00 INFO Is weekly report enabled: enable
2023-03-14T11:13:01+00:00 INFO Is weekly report enabled: enable
2023-03-14T11:13:02+00:00 INFO Is weekly report enabled: enable
2023-03-14T11:13:16+00:00 INFO Is weekly report enabled: enable
2023-03-14T11:13:17+00:00 INFO Is weekly report enabled: enable
2023-03-14T11:13:17+00:00 INFO Is weekly report enabled: enable
2023-03-14T11:13:25+00:00 INFO Is weekly report enabled: enable
2023-03-14T11:13:30+00:00 INFO Is weekly report enabled: enable
2023-03-14T11:13:32+00:00 INFO Is weekly report enabled: enable
2023-03-14T11:13:34+00:00 INFO Is weekly report enabled: enable
2023-03-14T11:13:37+00:00 INFO Is weekly report enabled: enable
2023-03-14T11:13:39+00:00 INFO Is weekly report enabled: enable
2023-03-14T11:13:40+00:00 INFO Is weekly report enabled: enable
2023-03-14T11:13:41+00:00 INFO Is weekly report enabled: enable
2023-03-14T11:13:42+00:00 INFO Is weekly report enabled: enable
2023-03-14T11:13:42+00:00 INFO Is weekly report enabled: enable
2023-03-14T11:13:42+00:00 INFO Is weekly report enabled: enable
2023-03-14T11:13:45+00:00 INFO Is weekly report enabled: enable
2023-03-14T11:13:46+00:00 INFO Is weekly report enabled: enable
2023-03-14T11:13:50+00:00 INFO Is weekly report enabled: enable
2023-03-14T11:14:10+00:00 INFO Is weekly report enabled: enable
2023-03-14T11:14:13+00:00 INFO Is weekly report enabled: enable
2023-03-14T11:14:13+00:00 INFO Is weekly report enabled: enable
2023-03-14T11:14:17+00:00 INFO Is weekly report enabled: enable
2023-03-14T11:14:29+00:00 INFO Is weekly report enabled: enable
2023-03-14T11:14:38+00:00 INFO Is weekly report enabled: enable
2023-03-14T11:14:43+00:00 INFO Is weekly report enabled: enable
2023-03-14T11:14:57+00:00 INFO Is weekly report enabled: enable
2023-03-14T11:14:58+00:00 INFO Is weekly report enabled: enable
2023-03-14T11:15:04+00:00 INFO Is weekly report enabled: enable
2023-03-14T11:15:18+00:00 INFO Is weekly report enabled: enable
2023-03-14T11:15:19+00:00 INFO Is weekly report enabled: enable
2023-03-14T11:15:20+00:00 INFO Is weekly report enabled: enable
2023-03-14T11:15:22+00:00 INFO Is weekly report enabled: enable
2023-03-14T11:15:31+00:00 INFO Is weekly report enabled: enable
2023-03-14T11:17:19+00:00 INFO Is weekly report enabled: enable
2023-03-14T11:17:21+00:00 INFO Is weekly report enabled: enable
2023-03-14T11:17:32+00:00 INFO Is weekly report enabled: enable
2023-03-14T11:19:26+00:00 INFO Is weekly report enabled: enable
2023-03-14T11:19:28+00:00 INFO Is weekly report enabled: enable
2023-03-14T11:19:28+00:00 INFO Is weekly report enabled: enable
2023-03-14T11:19:28+00:00 INFO Is weekly report enabled: enable
2023-03-14T11:19:29+00:00 INFO Is weekly report enabled: enable
2023-03-14T11:19:29+00:00 INFO Is weekly report enabled: enable
2023-03-14T11:19:33+00:00 INFO Is weekly report enabled: enable
2023-03-14T11:19:33+00:00 INFO Is weekly report enabled: enable
2023-03-14T11:19:45+00:00 INFO Is weekly report enabled: enable
2023-03-14T11:20:00+00:00 INFO Is weekly report enabled: enable
2023-03-14T11:20:15+00:00 INFO Is weekly report enabled: enable
2023-03-14T11:20:22+00:00 INFO Is weekly report enabled: enable
2023-03-14T11:20:29+00:00 INFO Is weekly report enabled: enable
2023-03-14T11:20:32+00:00 INFO Is weekly report enabled: enable
2023-03-14T11:20:42+00:00 INFO Is weekly report enabled: enable
2023-03-14T11:20:47+00:00 INFO Is weekly report enabled: enable
2023-03-14T11:21:03+00:00 INFO Is weekly report enabled: enable
2023-03-14T11:21:13+00:00 INFO Is weekly report enabled: enable
2023-03-14T11:21:18+00:00 INFO Is weekly report enabled: enable
2023-03-14T11:21:30+00:00 INFO Is weekly report enabled: enable
2023-03-14T11:21:31+00:00 INFO Is weekly report enabled: enable
2023-03-14T11:21:33+00:00 INFO Is weekly report enabled: enable
2023-03-14T11:21:45+00:00 INFO Is weekly report enabled: enable
2023-03-14T11:21:48+00:00 INFO Is weekly report enabled: enable
2023-03-14T11:22:04+00:00 INFO Is weekly report enabled: enable
2023-03-14T11:22:18+00:00 INFO Is weekly report enabled: enable
2023-03-14T11:22:33+00:00 INFO Is weekly report enabled: enable
2023-03-14T11:22:43+00:00 INFO Is weekly report enabled: enable
2023-03-14T11:22:46+00:00 INFO Is weekly report enabled: enable
2023-03-14T11:22:46+00:00 INFO Is weekly report enabled: enable
2023-03-14T11:22:48+00:00 INFO Is weekly report enabled: enable
2023-03-14T11:22:55+00:00 INFO Is weekly report enabled: enable
2023-03-14T11:23:00+00:00 INFO Is weekly report enabled: enable
2023-03-14T11:23:06+00:00 INFO Is weekly report enabled: enable
2023-03-14T11:23:06+00:00 INFO Is weekly report enabled: enable
2023-03-14T11:24:07+00:00 INFO Is weekly report enabled: enable
2023-03-14T11:24:08+00:00 INFO Is weekly report enabled: enable
2023-03-14T11:24:09+00:00 INFO Is weekly report enabled: enable
2023-03-14T11:25:08+00:00 INFO Is weekly report enabled: enable
2023-03-14T11:25:09+00:00 INFO Is weekly report enabled: enable
2023-03-14T11:26:11+00:00 INFO Is weekly report enabled: enable
2023-03-14T11:26:12+00:00 INFO Is weekly report enabled: enable
2023-03-14T11:27:09+00:00 INFO Is weekly report enabled: enable
2023-03-14T11:28:11+00:00 INFO Is weekly report enabled: enable
2023-03-14T11:28:12+00:00 INFO Is weekly report enabled: enable
2023-03-14T11:29:10+00:00 INFO Is weekly report enabled: enable
2023-03-14T11:29:24+00:00 INFO Is weekly report enabled: enable
2023-03-14T11:29:26+00:00 INFO Is weekly report enabled: enable
2023-03-14T11:29:26+00:00 INFO Is weekly report enabled: enable
2023-03-14T11:29:30+00:00 INFO Is weekly report enabled: enable
2023-03-14T11:29:40+00:00 INFO Is weekly report enabled: enable
2023-03-14T11:29:44+00:00 INFO Is weekly report enabled: enable
2023-03-14T11:29:48+00:00 INFO Is weekly report enabled: enable
2023-03-14T11:29:55+00:00 INFO Is weekly report enabled: enable
2023-03-14T11:29:59+00:00 INFO Is weekly report enabled: enable
2023-03-14T11:30:07+00:00 INFO Is weekly report enabled: enable
2023-03-14T11:30:11+00:00 INFO Is weekly report enabled: enable
2023-03-14T11:30:12+00:00 INFO Is weekly report enabled: enable
2023-03-14T11:30:13+00:00 INFO Is weekly report enabled: enable
2023-03-14T11:30:21+00:00 INFO Is weekly report enabled: enable
2023-03-14T11:30:25+00:00 INFO Is weekly report enabled: enable
2023-03-14T11:30:27+00:00 INFO Is weekly report enabled: enable
2023-03-14T11:30:35+00:00 INFO Is weekly report enabled: enable
2023-03-14T11:30:41+00:00 INFO Is weekly report enabled: enable
2023-03-14T11:30:48+00:00 INFO Is weekly report enabled: enable
2023-03-14T11:30:56+00:00 INFO Is weekly report enabled: enable
2023-03-14T11:31:11+00:00 INFO Is weekly report enabled: enable
2023-03-14T11:31:11+00:00 INFO Is weekly report enabled: enable
2023-03-14T11:31:26+00:00 INFO Is weekly report enabled: enable
2023-03-14T11:31:40+00:00 INFO Is weekly report enabled: enable
2023-03-14T11:31:56+00:00 INFO Is weekly report enabled: enable
2023-03-14T11:32:12+00:00 INFO Is weekly report enabled: enable
2023-03-14T11:32:13+00:00 INFO Is weekly report enabled: enable
2023-03-14T11:32:17+00:00 INFO Is weekly report enabled: enable
2023-03-14T11:32:19+00:00 INFO Is weekly report enabled: enable
2023-03-14T11:32:25+00:00 INFO Is weekly report enabled: enable
2023-03-14T11:32:40+00:00 INFO Is weekly report enabled: enable
2023-03-14T11:32:42+00:00 INFO Is weekly report enabled: enable
2023-03-14T11:32:56+00:00 INFO Is weekly report enabled: enable
2023-03-14T11:33:08+00:00 INFO Is weekly report enabled: enable
2023-03-14T11:33:11+00:00 INFO Is weekly report enabled: enable
2023-03-14T11:33:11+00:00 INFO Is weekly report enabled: enable
2023-03-14T11:33:26+00:00 INFO Is weekly report enabled: enable
2023-03-14T11:33:33+00:00 INFO Is weekly report enabled: enable
2023-03-14T11:33:41+00:00 INFO Is weekly report enabled: enable
2023-03-14T11:33:56+00:00 INFO Is weekly report enabled: enable
2023-03-14T11:34:12+00:00 INFO Is weekly report enabled: enable
2023-03-14T11:34:14+00:00 INFO Is weekly report enabled: enable
2023-03-14T11:34:26+00:00 INFO Is weekly report enabled: enable
2023-03-14T11:34:41+00:00 INFO Is weekly report enabled: enable
2023-03-14T11:34:56+00:00 INFO Is weekly report enabled: enable
2023-03-14T11:34:57+00:00 INFO Is weekly report enabled: enable
2023-03-14T11:35:02+00:00 INFO Is weekly report enabled: enable
2023-03-14T11:35:11+00:00 INFO Is weekly report enabled: enable
2023-03-14T11:35:15+00:00 INFO Is weekly report enabled: enable
2023-03-14T11:35:23+00:00 INFO Is weekly report enabled: enable
2023-03-14T11:35:25+00:00 INFO Is weekly report enabled: enable
2023-03-14T11:35:26+00:00 INFO Is weekly report enabled: enable
2023-03-14T11:35:41+00:00 INFO Is weekly report enabled: enable
2023-03-14T11:35:47+00:00 INFO Is weekly report enabled: enable
2023-03-14T11:35:50+00:00 INFO Is weekly report enabled: enable
2023-03-14T11:35:55+00:00 INFO Is weekly report enabled: enable
2023-03-14T11:35:56+00:00 INFO Is weekly report enabled: enable
2023-03-14T11:36:10+00:00 INFO Is weekly report enabled: enable
2023-03-14T11:36:11+00:00 INFO Is weekly report enabled: enable
2023-03-14T11:36:15+00:00 INFO Is weekly report enabled: enable
2023-03-14T11:36:16+00:00 INFO Is weekly report enabled: enable
2023-03-14T11:36:21+00:00 INFO Is weekly report enabled: enable
2023-03-14T11:36:26+00:00 INFO Is weekly report enabled: enable
2023-03-14T11:36:39+00:00 INFO Is weekly report enabled: enable
2023-03-14T11:36:41+00:00 INFO Is weekly report enabled: enable
2023-03-14T11:36:56+00:00 INFO Is weekly report enabled: enable
2023-03-14T11:37:04+00:00 INFO Is weekly report enabled: enable
2023-03-14T11:37:11+00:00 INFO Is weekly report enabled: enable
2023-03-14T11:37:25+00:00 INFO Is weekly report enabled: enable
2023-03-14T11:37:33+00:00 INFO Is weekly report enabled: enable
2023-03-14T11:38:08+00:00 INFO Is weekly report enabled: enable
2023-03-14T11:38:20+00:00 INFO Is weekly report enabled: enable
2023-03-14T11:38:28+00:00 INFO Is weekly report enabled: enable
2023-03-14T11:38:30+00:00 INFO Is weekly report enabled: enable
2023-03-14T11:38:32+00:00 INFO Is weekly report enabled: enable
2023-03-14T11:38:32+00:00 INFO Is weekly report enabled: enable
2023-03-14T11:38:33+00:00 INFO Is weekly report enabled: enable
2023-03-14T11:38:37+00:00 INFO Is weekly report enabled: enable
2023-03-14T11:38:47+00:00 INFO Is weekly report enabled: enable
2023-03-14T11:39:03+00:00 INFO Is weekly report enabled: enable
2023-03-14T11:39:10+00:00 INFO Is weekly report enabled: enable
2023-03-14T11:39:10+00:00 INFO Is weekly report enabled: enable
2023-03-14T11:39:17+00:00 INFO Is weekly report enabled: enable
2023-03-14T11:39:32+00:00 INFO Is weekly report enabled: enable
2023-03-14T11:39:33+00:00 INFO Is weekly report enabled: enable
2023-03-14T11:39:34+00:00 INFO Is weekly report enabled: enable
2023-03-14T11:39:34+00:00 INFO Is weekly report enabled: enable
2023-03-14T11:39:35+00:00 INFO Is weekly report enabled: enable
2023-03-14T11:39:36+00:00 INFO Is weekly report enabled: enable
2023-03-14T11:39:39+00:00 INFO Is weekly report enabled: enable
2023-03-14T11:39:41+00:00 INFO Is weekly report enabled: enable
2023-03-14T11:39:47+00:00 INFO Is weekly report enabled: enable
2023-03-14T11:39:47+00:00 INFO Is weekly report enabled: enable
2023-03-14T11:39:54+00:00 INFO Is weekly report enabled: enable
2023-03-14T11:39:58+00:00 INFO Is weekly report enabled: enable
2023-03-14T11:40:03+00:00 INFO Is weekly report enabled: enable
2023-03-14T11:40:03+00:00 INFO Is weekly report enabled: enable
2023-03-14T11:40:05+00:00 INFO Is weekly report enabled: enable
2023-03-14T11:40:09+00:00 INFO Is weekly report enabled: enable
2023-03-14T11:40:12+00:00 INFO Is weekly report enabled: enable
2023-03-14T11:40:14+00:00 INFO Is weekly report enabled: enable
2023-03-14T11:40:17+00:00 INFO Is weekly report enabled: enable
2023-03-14T11:40:19+00:00 INFO Is weekly report enabled: enable
2023-03-14T11:40:25+00:00 INFO Is weekly report enabled: enable
2023-03-14T11:40:31+00:00 INFO Is weekly report enabled: enable
2023-03-14T11:40:32+00:00 INFO Is weekly report enabled: enable
2023-03-14T11:40:38+00:00 INFO Is weekly report enabled: enable
2023-03-14T11:40:44+00:00 INFO Is weekly report enabled: enable
2023-03-14T11:40:46+00:00 INFO Is weekly report enabled: enable
2023-03-14T11:40:47+00:00 INFO Is weekly report enabled: enable
2023-03-14T11:40:50+00:00 INFO Is weekly report enabled: enable
2023-03-14T11:40:53+00:00 INFO Is weekly report enabled: enable
2023-03-14T11:41:03+00:00 INFO Is weekly report enabled: enable
2023-03-14T11:41:03+00:00 INFO Is weekly report enabled: enable
2023-03-14T11:41:17+00:00 INFO Is weekly report enabled: enable
2023-03-14T11:41:26+00:00 INFO Is weekly report enabled: enable
2023-03-14T11:41:32+00:00 INFO Is weekly report enabled: enable
2023-03-14T11:41:37+00:00 INFO Is weekly report enabled: enable
2023-03-14T11:41:40+00:00 INFO Is weekly report enabled: enable
2023-03-14T11:41:41+00:00 INFO Is weekly report enabled: enable
2023-03-14T11:42:10+00:00 INFO Is weekly report enabled: enable
2023-03-14T11:42:12+00:00 INFO Is weekly report enabled: enable
2023-03-14T11:42:13+00:00 INFO Is weekly report enabled: enable
2023-03-14T11:42:17+00:00 INFO Is weekly report enabled: enable
2023-03-14T11:42:24+00:00 INFO Is weekly report enabled: enable
2023-03-14T11:42:24+00:00 INFO Is weekly report enabled: enable
2023-03-14T11:42:27+00:00 INFO Is weekly report enabled: enable
2023-03-14T11:42:30+00:00 INFO Is weekly report enabled: enable
2023-03-14T11:42:32+00:00 INFO Is weekly report enabled: enable
2023-03-14T11:42:38+00:00 INFO Is weekly report enabled: enable
2023-03-14T11:42:42+00:00 INFO Is weekly report enabled: enable
2023-03-14T11:42:42+00:00 INFO Is weekly report enabled: enable
2023-03-14T11:42:45+00:00 INFO Is weekly report enabled: enable
2023-03-14T11:42:57+00:00 INFO Is weekly report enabled: enable
2023-03-14T11:42:58+00:00 INFO Is weekly report enabled: enable
2023-03-14T11:43:13+00:00 INFO Is weekly report enabled: enable
2023-03-14T11:43:27+00:00 INFO Is weekly report enabled: enable
2023-03-14T11:43:42+00:00 INFO Is weekly report enabled: enable
2023-03-14T11:43:58+00:00 INFO Is weekly report enabled: enable
2023-03-14T11:43:59+00:00 INFO Is weekly report enabled: enable
2023-03-14T11:46:00+00:00 INFO Is weekly report enabled: enable
2023-03-14T11:46:01+00:00 INFO Is weekly report enabled: enable
2023-03-14T11:47:25+00:00 INFO Is weekly report enabled: enable
2023-03-14T11:47:39+00:00 INFO Is weekly report enabled: enable
2023-03-14T11:47:41+00:00 INFO Is weekly report enabled: enable
2023-03-14T11:47:50+00:00 INFO Is weekly report enabled: enable
2023-03-14T11:47:52+00:00 INFO Is weekly report enabled: enable
2023-03-14T11:47:54+00:00 INFO Is weekly report enabled: enable
2023-03-14T11:59:54+00:00 INFO Is weekly report enabled: enable
2023-03-14T11:59:55+00:00 INFO Is weekly report enabled: enable
2023-03-14T11:59:56+00:00 INFO Is weekly report enabled: enable
2023-03-14T12:00:56+00:00 INFO Is weekly report enabled: enable
2023-03-14T12:01:55+00:00 INFO Is weekly report enabled: enable
2023-03-14T12:02:58+00:00 INFO Is weekly report enabled: enable
2023-03-14T12:03:56+00:00 INFO Is weekly report enabled: enable
2023-03-14T12:04:59+00:00 INFO Is weekly report enabled: enable
2023-03-14T12:05:57+00:00 INFO Is weekly report enabled: enable
2023-03-14T12:07:00+00:00 INFO Is weekly report enabled: enable
2023-03-14T12:07:58+00:00 INFO Is weekly report enabled: enable
2023-03-14T12:09:01+00:00 INFO Is weekly report enabled: enable
2023-03-14T12:09:58+00:00 INFO Is weekly report enabled: enable
