2022-12-12T05:29:16+00:00 INFO Is weekly report enabled: enable
2022-12-12T05:29:18+00:00 INFO Is weekly report enabled: enable
2022-12-12T05:31:45+00:00 INFO Is weekly report enabled: enable
2022-12-12T05:31:45+00:00 INFO Is weekly report enabled: enable
2022-12-12T05:31:46+00:00 INFO Is weekly report enabled: enable
2022-12-12T05:33:13+00:00 INFO Is weekly report enabled: enable
2022-12-12T05:33:14+00:00 INFO Is weekly report enabled: enable
2022-12-12T05:35:15+00:00 INFO Is weekly report enabled: enable
2022-12-12T05:35:15+00:00 INFO Is weekly report enabled: enable
2022-12-12T05:35:17+00:00 INFO Is weekly report enabled: enable
2022-12-12T05:35:17+00:00 INFO Is weekly report enabled: enable
2022-12-12T05:35:17+00:00 INFO Is weekly report enabled: enable
2022-12-12T05:37:16+00:00 INFO Is weekly report enabled: enable
2022-12-12T05:37:16+00:00 INFO Is weekly report enabled: enable
2022-12-12T05:39:17+00:00 INFO Is weekly report enabled: enable
2022-12-12T05:39:17+00:00 INFO Is weekly report enabled: enable
2022-12-12T05:39:19+00:00 INFO Is weekly report enabled: enable
2022-12-12T05:39:19+00:00 INFO Is weekly report enabled: enable
2022-12-12T05:41:17+00:00 INFO Is weekly report enabled: enable
2022-12-12T05:41:18+00:00 INFO Is weekly report enabled: enable
2022-12-12T05:41:20+00:00 INFO Is weekly report enabled: enable
2022-12-12T05:43:19+00:00 INFO Is weekly report enabled: enable
2022-12-12T05:43:20+00:00 INFO Is weekly report enabled: enable
2022-12-12T05:43:20+00:00 INFO Is weekly report enabled: enable
2022-12-12T05:43:21+00:00 INFO Is weekly report enabled: enable
2022-12-12T05:45:21+00:00 INFO Is weekly report enabled: enable
2022-12-12T05:45:21+00:00 INFO Is weekly report enabled: enable
2022-12-12T05:45:22+00:00 INFO Is weekly report enabled: enable
2022-12-12T05:45:22+00:00 INFO Is weekly report enabled: enable
2022-12-12T05:47:20+00:00 INFO Is weekly report enabled: enable
2022-12-12T05:47:21+00:00 INFO Is weekly report enabled: enable
2022-12-12T05:47:23+00:00 INFO Is weekly report enabled: enable
2022-12-12T05:49:21+00:00 INFO Is weekly report enabled: enable
2022-12-12T05:49:22+00:00 INFO Is weekly report enabled: enable
2022-12-12T05:49:24+00:00 INFO Is weekly report enabled: enable
2022-12-12T05:51:24+00:00 INFO Is weekly report enabled: enable
2022-12-12T05:51:24+00:00 INFO Is weekly report enabled: enable
2022-12-12T05:51:25+00:00 INFO Is weekly report enabled: enable
2022-12-12T05:51:25+00:00 INFO Is weekly report enabled: enable
2022-12-12T05:53:24+00:00 INFO Is weekly report enabled: enable
2022-12-12T05:53:24+00:00 INFO Is weekly report enabled: enable
2022-12-12T05:53:26+00:00 INFO Is weekly report enabled: enable
2022-12-12T05:53:26+00:00 INFO Is weekly report enabled: enable
2022-12-12T05:55:25+00:00 INFO Is weekly report enabled: enable
2022-12-12T05:55:25+00:00 INFO Is weekly report enabled: enable
2022-12-12T05:55:27+00:00 INFO Is weekly report enabled: enable
2022-12-12T05:55:27+00:00 INFO Is weekly report enabled: enable
2022-12-12T05:57:27+00:00 INFO Is weekly report enabled: enable
2022-12-12T05:57:27+00:00 INFO Is weekly report enabled: enable
2022-12-12T05:57:28+00:00 INFO Is weekly report enabled: enable
2022-12-12T05:59:27+00:00 INFO Is weekly report enabled: enable
2022-12-12T05:59:27+00:00 INFO Is weekly report enabled: enable
2022-12-12T05:59:29+00:00 INFO Is weekly report enabled: enable
2022-12-12T05:59:29+00:00 INFO Is weekly report enabled: enable
2022-12-12T06:01:28+00:00 INFO Is weekly report enabled: enable
2022-12-12T06:01:28+00:00 INFO Is weekly report enabled: enable
2022-12-12T06:01:30+00:00 INFO Is weekly report enabled: enable
2022-12-12T06:01:30+00:00 INFO Is weekly report enabled: enable
2022-12-12T06:03:29+00:00 INFO Is weekly report enabled: enable
2022-12-12T06:03:30+00:00 INFO Is weekly report enabled: enable
2022-12-12T06:03:30+00:00 INFO Is weekly report enabled: enable
2022-12-12T06:03:31+00:00 INFO Is weekly report enabled: enable
2022-12-12T06:05:30+00:00 INFO Is weekly report enabled: enable
2022-12-12T06:05:30+00:00 INFO Is weekly report enabled: enable
2022-12-12T06:05:32+00:00 INFO Is weekly report enabled: enable
2022-12-12T06:05:32+00:00 INFO Is weekly report enabled: enable
2022-12-12T06:07:31+00:00 INFO Is weekly report enabled: enable
2022-12-12T06:07:33+00:00 INFO Is weekly report enabled: enable
2022-12-12T06:07:33+00:00 INFO Is weekly report enabled: enable
2022-12-12T06:09:32+00:00 INFO Is weekly report enabled: enable
2022-12-12T06:09:32+00:00 INFO Is weekly report enabled: enable
2022-12-12T06:09:34+00:00 INFO Is weekly report enabled: enable
2022-12-12T06:09:34+00:00 INFO Is weekly report enabled: enable
2022-12-12T06:11:33+00:00 INFO Is weekly report enabled: enable
2022-12-12T06:11:33+00:00 INFO Is weekly report enabled: enable
2022-12-12T06:11:35+00:00 INFO Is weekly report enabled: enable
2022-12-12T06:11:35+00:00 INFO Is weekly report enabled: enable
2022-12-12T06:13:33+00:00 INFO Is weekly report enabled: enable
2022-12-12T06:13:34+00:00 INFO Is weekly report enabled: enable
2022-12-12T06:13:36+00:00 INFO Is weekly report enabled: enable
2022-12-12T06:15:34+00:00 INFO Is weekly report enabled: enable
2022-12-12T06:15:35+00:00 INFO Is weekly report enabled: enable
2022-12-12T06:15:37+00:00 INFO Is weekly report enabled: enable
2022-12-12T06:17:36+00:00 INFO Is weekly report enabled: enable
2022-12-12T06:17:36+00:00 INFO Is weekly report enabled: enable
2022-12-12T06:17:38+00:00 INFO Is weekly report enabled: enable
2022-12-12T06:17:38+00:00 INFO Is weekly report enabled: enable
2022-12-12T06:19:36+00:00 INFO Is weekly report enabled: enable
2022-12-12T06:19:37+00:00 INFO Is weekly report enabled: enable
2022-12-12T06:19:39+00:00 INFO Is weekly report enabled: enable
2022-12-12T06:21:38+00:00 INFO Is weekly report enabled: enable
2022-12-12T06:21:38+00:00 INFO Is weekly report enabled: enable
2022-12-12T06:21:40+00:00 INFO Is weekly report enabled: enable
2022-12-12T06:21:40+00:00 INFO Is weekly report enabled: enable
2022-12-12T06:23:40+00:00 INFO Is weekly report enabled: enable
2022-12-12T06:23:40+00:00 INFO Is weekly report enabled: enable
2022-12-12T06:23:41+00:00 INFO Is weekly report enabled: enable
2022-12-12T06:25:40+00:00 INFO Is weekly report enabled: enable
2022-12-12T06:25:40+00:00 INFO Is weekly report enabled: enable
2022-12-12T06:25:42+00:00 INFO Is weekly report enabled: enable
2022-12-12T06:25:42+00:00 INFO Is weekly report enabled: enable
2022-12-12T06:27:25+00:00 INFO Is weekly report enabled: enable
2022-12-12T06:27:27+00:00 INFO Is weekly report enabled: enable
2022-12-12T06:27:40+00:00 INFO Is weekly report enabled: enable
2022-12-12T06:28:00+00:00 INFO Is weekly report enabled: enable
2022-12-12T06:28:53+00:00 INFO Is weekly report enabled: enable
2022-12-12T06:28:55+00:00 INFO Is weekly report enabled: enable
2022-12-12T06:29:05+00:00 INFO Is weekly report enabled: enable
2022-12-12T06:29:10+00:00 INFO Is weekly report enabled: enable
2022-12-12T06:29:35+00:00 INFO Is weekly report enabled: enable
2022-12-12T06:29:41+00:00 INFO Is weekly report enabled: enable
2022-12-12T06:29:48+00:00 INFO Is weekly report enabled: enable
2022-12-12T06:30:36+00:00 INFO Is weekly report enabled: enable
2022-12-12T06:31:36+00:00 INFO Is weekly report enabled: enable
2022-12-12T06:31:42+00:00 INFO Is weekly report enabled: enable
2022-12-12T06:32:37+00:00 INFO Is weekly report enabled: enable
2022-12-12T06:33:44+00:00 INFO Is weekly report enabled: enable
2022-12-12T06:33:46+00:00 INFO Is weekly report enabled: enable
2022-12-12T06:34:38+00:00 INFO Is weekly report enabled: enable
2022-12-12T06:35:46+00:00 INFO Is weekly report enabled: enable
2022-12-12T06:35:47+00:00 INFO Is weekly report enabled: enable
2022-12-12T06:36:38+00:00 INFO Is weekly report enabled: enable
2022-12-12T06:37:46+00:00 INFO Is weekly report enabled: enable
2022-12-12T06:37:48+00:00 INFO Is weekly report enabled: enable
2022-12-12T06:38:34+00:00 INFO Is weekly report enabled: enable
2022-12-12T06:38:34+00:00 INFO Is weekly report enabled: enable
2022-12-12T06:38:43+00:00 INFO Is weekly report enabled: enable
2022-12-12T06:38:46+00:00 INFO Is weekly report enabled: enable
2022-12-12T06:38:59+00:00 INFO Is weekly report enabled: enable
2022-12-12T06:39:05+00:00 INFO Is weekly report enabled: enable
2022-12-12T06:39:14+00:00 INFO Is weekly report enabled: enable
2022-12-12T06:39:28+00:00 INFO Is weekly report enabled: enable
2022-12-12T06:39:57+00:00 INFO Is weekly report enabled: enable
2022-12-12T06:39:59+00:00 INFO Is weekly report enabled: enable
2022-12-12T06:40:34+00:00 INFO Is weekly report enabled: enable
2022-12-12T06:40:36+00:00 INFO Is weekly report enabled: enable
2022-12-12T06:42:35+00:00 INFO Is weekly report enabled: enable
2022-12-12T06:42:37+00:00 INFO Is weekly report enabled: enable
2022-12-12T06:44:36+00:00 INFO Is weekly report enabled: enable
2022-12-12T06:44:38+00:00 INFO Is weekly report enabled: enable
2022-12-12T06:45:27+00:00 INFO Is weekly report enabled: enable
2022-12-12T06:45:35+00:00 INFO Is weekly report enabled: enable
2022-12-12T06:45:41+00:00 INFO Is weekly report enabled: enable
2022-12-12T06:45:41+00:00 INFO Is weekly report enabled: enable
2022-12-12T06:46:30+00:00 INFO Is weekly report enabled: enable
2022-12-12T06:47:37+00:00 INFO Is weekly report enabled: enable
2022-12-12T06:47:39+00:00 INFO Is weekly report enabled: enable
2022-12-12T06:48:31+00:00 INFO Is weekly report enabled: enable
2022-12-12T06:49:38+00:00 INFO Is weekly report enabled: enable
2022-12-12T06:49:40+00:00 INFO Is weekly report enabled: enable
2022-12-12T06:50:32+00:00 INFO Is weekly report enabled: enable
2022-12-12T06:51:39+00:00 INFO Is weekly report enabled: enable
2022-12-12T06:51:41+00:00 INFO Is weekly report enabled: enable
2022-12-12T06:52:33+00:00 INFO Is weekly report enabled: enable
2022-12-12T06:53:40+00:00 INFO Is weekly report enabled: enable
2022-12-12T06:53:42+00:00 INFO Is weekly report enabled: enable
2022-12-12T06:54:34+00:00 INFO Is weekly report enabled: enable
2022-12-12T06:55:41+00:00 INFO Is weekly report enabled: enable
2022-12-12T06:55:43+00:00 INFO Is weekly report enabled: enable
2022-12-12T06:56:35+00:00 INFO Is weekly report enabled: enable
2022-12-12T06:58:36+00:00 INFO Is weekly report enabled: enable
2022-12-12T06:58:38+00:00 INFO Is weekly report enabled: enable
2022-12-12T07:00:37+00:00 INFO Is weekly report enabled: enable
2022-12-12T07:02:38+00:00 INFO Is weekly report enabled: enable
2022-12-12T07:02:40+00:00 INFO Is weekly report enabled: enable
2022-12-12T07:04:39+00:00 INFO Is weekly report enabled: enable
2022-12-12T07:06:08+00:00 INFO Is weekly report enabled: enable
2022-12-12T07:06:08+00:00 INFO Is weekly report enabled: enable
2022-12-12T07:06:09+00:00 INFO Is weekly report enabled: enable
2022-12-12T07:06:18+00:00 INFO Is weekly report enabled: enable
2022-12-12T07:06:24+00:00 INFO Is weekly report enabled: enable
2022-12-12T07:06:35+00:00 INFO Is weekly report enabled: enable
2022-12-12T07:06:36+00:00 INFO Is weekly report enabled: enable
2022-12-12T07:06:39+00:00 INFO Is weekly report enabled: enable
2022-12-12T07:06:40+00:00 INFO Is weekly report enabled: enable
2022-12-12T07:06:43+00:00 INFO Is weekly report enabled: enable
2022-12-12T07:06:47+00:00 INFO Is weekly report enabled: enable
2022-12-12T07:06:49+00:00 INFO Is weekly report enabled: enable
2022-12-12T07:06:50+00:00 INFO Is weekly report enabled: enable
2022-12-12T07:06:53+00:00 INFO Is weekly report enabled: enable
2022-12-12T07:06:54+00:00 INFO Is weekly report enabled: enable
2022-12-12T07:06:56+00:00 INFO Is weekly report enabled: enable
2022-12-12T07:07:05+00:00 INFO Is weekly report enabled: enable
2022-12-12T07:07:11+00:00 INFO Is weekly report enabled: enable
2022-12-12T07:07:12+00:00 INFO Is weekly report enabled: enable
2022-12-12T07:07:15+00:00 INFO Is weekly report enabled: enable
2022-12-12T07:07:17+00:00 INFO Is weekly report enabled: enable
2022-12-12T07:07:22+00:00 INFO Is weekly report enabled: enable
2022-12-12T07:07:24+00:00 INFO Is weekly report enabled: enable
2022-12-12T07:07:34+00:00 INFO Is weekly report enabled: enable
2022-12-12T07:08:08+00:00 INFO Is weekly report enabled: enable
2022-12-12T07:08:13+00:00 INFO Is weekly report enabled: enable
2022-12-12T07:08:15+00:00 INFO Is weekly report enabled: enable
2022-12-12T07:08:16+00:00 INFO Is weekly report enabled: enable
2022-12-12T07:08:18+00:00 INFO Is weekly report enabled: enable
2022-12-12T07:08:37+00:00 INFO Is weekly report enabled: enable
2022-12-12T07:08:41+00:00 INFO Is weekly report enabled: enable
2022-12-12T07:08:44+00:00 INFO Is weekly report enabled: enable
2022-12-12T07:08:44+00:00 INFO Is weekly report enabled: enable
2022-12-12T07:08:45+00:00 INFO Is weekly report enabled: enable
2022-12-12T07:08:48+00:00 INFO Is weekly report enabled: enable
2022-12-12T07:09:02+00:00 INFO Is weekly report enabled: enable
2022-12-12T07:09:04+00:00 INFO Is weekly report enabled: enable
2022-12-12T07:09:15+00:00 INFO Is weekly report enabled: enable
2022-12-12T07:09:16+00:00 INFO Is weekly report enabled: enable
2022-12-12T07:09:17+00:00 INFO Is weekly report enabled: enable
2022-12-12T07:09:19+00:00 INFO Is weekly report enabled: enable
2022-12-12T07:09:37+00:00 INFO Is weekly report enabled: enable
2022-12-12T07:09:39+00:00 INFO Is weekly report enabled: enable
2022-12-12T07:09:40+00:00 INFO Is weekly report enabled: enable
2022-12-12T07:09:41+00:00 INFO Is weekly report enabled: enable
2022-12-12T07:09:42+00:00 INFO Is weekly report enabled: enable
2022-12-12T07:09:49+00:00 INFO Start-Cartflows_Frontend::redirect_to_thankyou_page
2022-12-12T07:09:49+00:00 INFO Only for thank you page
2022-12-12T07:09:49+00:00 INFO End-Cartflows_Frontend::redirect_to_thankyou_page
2022-12-12T07:10:09+00:00 INFO Is weekly report enabled: enable
2022-12-12T07:10:52+00:00 INFO Is weekly report enabled: enable
2022-12-12T07:10:58+00:00 INFO Is weekly report enabled: enable
2022-12-12T07:11:01+00:00 INFO Is weekly report enabled: enable
2022-12-12T07:11:14+00:00 INFO Is weekly report enabled: enable
2022-12-12T07:11:16+00:00 INFO Is weekly report enabled: enable
2022-12-12T07:12:18+00:00 INFO Is weekly report enabled: enable
2022-12-12T07:12:19+00:00 INFO Is weekly report enabled: enable
2022-12-12T07:12:31+00:00 INFO Is weekly report enabled: enable
2022-12-12T07:12:33+00:00 INFO Is weekly report enabled: enable
2022-12-12T07:12:34+00:00 INFO Is weekly report enabled: enable
2022-12-12T07:13:10+00:00 INFO Is weekly report enabled: enable
2022-12-12T07:13:26+00:00 INFO Is weekly report enabled: enable
2022-12-12T07:13:32+00:00 INFO Is weekly report enabled: enable
2022-12-12T07:14:26+00:00 INFO Is weekly report enabled: enable
2022-12-12T07:14:54+00:00 INFO Is weekly report enabled: enable
2022-12-12T07:15:24+00:00 INFO Is weekly report enabled: enable
2022-12-12T07:15:24+00:00 INFO Is weekly report enabled: enable
2022-12-12T07:15:32+00:00 INFO Is weekly report enabled: enable
2022-12-12T07:15:49+00:00 INFO Is weekly report enabled: enable
2022-12-12T07:15:51+00:00 INFO Is weekly report enabled: enable
2022-12-12T07:15:52+00:00 INFO Is weekly report enabled: enable
2022-12-12T07:15:54+00:00 INFO Is weekly report enabled: enable
2022-12-12T07:15:56+00:00 INFO Is weekly report enabled: enable
2022-12-12T07:15:58+00:00 INFO Is weekly report enabled: enable
2022-12-12T07:17:58+00:00 INFO Is weekly report enabled: enable
2022-12-12T07:18:00+00:00 INFO Is weekly report enabled: enable
2022-12-12T07:19:59+00:00 INFO Is weekly report enabled: enable
2022-12-12T07:20:01+00:00 INFO Is weekly report enabled: enable
2022-12-12T07:22:00+00:00 INFO Is weekly report enabled: enable
2022-12-12T07:22:02+00:00 INFO Is weekly report enabled: enable
2022-12-12T07:23:26+00:00 INFO Is weekly report enabled: enable
2022-12-12T07:23:30+00:00 INFO Is weekly report enabled: enable
2022-12-12T07:24:35+00:00 INFO Is weekly report enabled: enable
2022-12-12T07:24:37+00:00 INFO Is weekly report enabled: enable
2022-12-12T07:25:22+00:00 INFO Is weekly report enabled: enable
2022-12-12T07:26:28+00:00 INFO Is weekly report enabled: enable
2022-12-12T07:26:35+00:00 INFO Is weekly report enabled: enable
2022-12-12T07:26:46+00:00 INFO Is weekly report enabled: enable
2022-12-12T07:26:54+00:00 INFO Is weekly report enabled: enable
2022-12-12T07:27:19+00:00 INFO Is weekly report enabled: enable
2022-12-12T07:27:25+00:00 INFO Is weekly report enabled: enable
2022-12-12T07:27:32+00:00 INFO Is weekly report enabled: enable
2022-12-12T07:27:37+00:00 INFO Is weekly report enabled: enable
2022-12-12T07:27:45+00:00 INFO Is weekly report enabled: enable
2022-12-12T07:27:49+00:00 INFO Is weekly report enabled: enable
2022-12-12T07:27:50+00:00 INFO Is weekly report enabled: enable
2022-12-12T07:28:54+00:00 INFO Is weekly report enabled: enable
2022-12-12T07:30:57+00:00 INFO Is weekly report enabled: enable
2022-12-12T07:31:56+00:00 INFO Is weekly report enabled: enable
2022-12-12T07:31:56+00:00 INFO Is weekly report enabled: enable
2022-12-12T07:33:01+00:00 INFO Is weekly report enabled: enable
2022-12-12T07:33:03+00:00 INFO Is weekly report enabled: enable
2022-12-12T07:34:03+00:00 INFO Is weekly report enabled: enable
2022-12-12T07:36:04+00:00 INFO Is weekly report enabled: enable
2022-12-12T07:36:05+00:00 INFO Is weekly report enabled: enable
2022-12-12T07:37:09+00:00 INFO Is weekly report enabled: enable
2022-12-12T07:37:30+00:00 INFO Is weekly report enabled: enable
2022-12-12T07:37:49+00:00 INFO Is weekly report enabled: enable
2022-12-12T07:37:50+00:00 INFO Is weekly report enabled: enable
2022-12-12T07:38:55+00:00 INFO Is weekly report enabled: enable
2022-12-12T07:38:56+00:00 INFO Is weekly report enabled: enable
2022-12-12T07:38:58+00:00 INFO Is weekly report enabled: enable
2022-12-12T07:38:59+00:00 INFO Is weekly report enabled: enable
2022-12-12T07:39:00+00:00 INFO Is weekly report enabled: enable
2022-12-12T07:39:07+00:00 INFO Is weekly report enabled: enable
2022-12-12T07:39:08+00:00 INFO Is weekly report enabled: enable
2022-12-12T07:39:10+00:00 INFO Is weekly report enabled: enable
2022-12-12T07:39:11+00:00 INFO Is weekly report enabled: enable
2022-12-12T07:39:13+00:00 INFO Is weekly report enabled: enable
2022-12-12T07:39:14+00:00 INFO Is weekly report enabled: enable
2022-12-12T07:39:15+00:00 INFO Is weekly report enabled: enable
2022-12-12T07:39:16+00:00 INFO Is weekly report enabled: enable
2022-12-12T07:39:17+00:00 INFO Is weekly report enabled: enable
2022-12-12T07:39:19+00:00 INFO Is weekly report enabled: enable
2022-12-12T07:39:20+00:00 INFO Is weekly report enabled: enable
2022-12-12T07:39:21+00:00 INFO Is weekly report enabled: enable
2022-12-12T07:39:24+00:00 INFO Is weekly report enabled: enable
2022-12-12T07:39:26+00:00 INFO Is weekly report enabled: enable
2022-12-12T07:39:28+00:00 INFO Is weekly report enabled: enable
2022-12-12T07:39:32+00:00 INFO Is weekly report enabled: enable
2022-12-12T07:39:52+00:00 INFO Start-Cartflows_Frontend::redirect_to_thankyou_page
2022-12-12T07:39:52+00:00 INFO Only for thank you page
2022-12-12T07:39:52+00:00 INFO End-Cartflows_Frontend::redirect_to_thankyou_page
2022-12-12T07:40:39+00:00 INFO Is weekly report enabled: enable
2022-12-12T07:40:41+00:00 INFO Is weekly report enabled: enable
2022-12-12T07:40:41+00:00 INFO Is weekly report enabled: enable
2022-12-12T07:40:43+00:00 INFO Is weekly report enabled: enable
2022-12-12T07:40:46+00:00 INFO Is weekly report enabled: enable
2022-12-12T07:40:47+00:00 INFO Is weekly report enabled: enable
2022-12-12T07:40:58+00:00 INFO Is weekly report enabled: enable
2022-12-12T07:41:15+00:00 INFO Is weekly report enabled: enable
2022-12-12T07:41:44+00:00 INFO Is weekly report enabled: enable
2022-12-12T07:41:59+00:00 INFO Is weekly report enabled: enable
2022-12-12T07:42:15+00:00 INFO Is weekly report enabled: enable
2022-12-12T07:42:30+00:00 INFO Is weekly report enabled: enable
2022-12-12T07:42:45+00:00 INFO Is weekly report enabled: enable
2022-12-12T07:42:52+00:00 INFO Is weekly report enabled: enable
2022-12-12T07:43:41+00:00 INFO Is weekly report enabled: enable
2022-12-12T07:43:54+00:00 INFO Is weekly report enabled: enable
2022-12-12T07:44:55+00:00 INFO Is weekly report enabled: enable
2022-12-12T07:46:56+00:00 INFO Is weekly report enabled: enable
2022-12-12T07:46:58+00:00 INFO Is weekly report enabled: enable
2022-12-12T07:48:58+00:00 INFO Is weekly report enabled: enable
2022-12-12T07:48:59+00:00 INFO Is weekly report enabled: enable
2022-12-12T07:50:58+00:00 INFO Is weekly report enabled: enable
2022-12-12T07:51:00+00:00 INFO Is weekly report enabled: enable
2022-12-12T07:51:58+00:00 INFO Is weekly report enabled: enable
2022-12-12T07:54:00+00:00 INFO Is weekly report enabled: enable
2022-12-12T07:54:02+00:00 INFO Is weekly report enabled: enable
2022-12-12T07:56:01+00:00 INFO Is weekly report enabled: enable
2022-12-12T07:56:03+00:00 INFO Is weekly report enabled: enable
2022-12-12T07:58:02+00:00 INFO Is weekly report enabled: enable
2022-12-12T07:58:04+00:00 INFO Is weekly report enabled: enable
2022-12-12T08:00:03+00:00 INFO Is weekly report enabled: enable
2022-12-12T08:00:05+00:00 INFO Is weekly report enabled: enable
2022-12-12T08:02:04+00:00 INFO Is weekly report enabled: enable
2022-12-12T08:02:06+00:00 INFO Is weekly report enabled: enable
2022-12-12T08:03:56+00:00 INFO Is weekly report enabled: enable
2022-12-12T08:04:02+00:00 INFO Is weekly report enabled: enable
2022-12-12T08:04:04+00:00 INFO Is weekly report enabled: enable
2022-12-12T08:05:06+00:00 INFO Is weekly report enabled: enable
2022-12-12T08:05:08+00:00 INFO Is weekly report enabled: enable
2022-12-12T08:06:51+00:00 INFO Is weekly report enabled: enable
2022-12-12T08:06:59+00:00 INFO Is weekly report enabled: enable
2022-12-12T08:07:40+00:00 INFO Is weekly report enabled: enable
2022-12-12T08:07:50+00:00 INFO Is weekly report enabled: enable
2022-12-12T08:08:53+00:00 INFO Is weekly report enabled: enable
2022-12-12T08:08:55+00:00 INFO Is weekly report enabled: enable
2022-12-12T08:10:11+00:00 INFO Is weekly report enabled: enable
2022-12-12T08:11:11+00:00 INFO Is weekly report enabled: enable
2022-12-12T08:12:05+00:00 INFO Is weekly report enabled: enable
2022-12-12T08:12:16+00:00 INFO Is weekly report enabled: enable
2022-12-12T08:12:18+00:00 INFO Is weekly report enabled: enable
2022-12-12T08:12:52+00:00 INFO Is weekly report enabled: enable
2022-12-12T08:12:53+00:00 INFO Is weekly report enabled: enable
2022-12-12T08:13:27+00:00 INFO Is weekly report enabled: enable
2022-12-12T08:13:28+00:00 INFO Is weekly report enabled: enable
2022-12-12T08:13:29+00:00 INFO Is weekly report enabled: enable
2022-12-12T08:13:37+00:00 INFO Is weekly report enabled: enable
2022-12-12T08:13:45+00:00 INFO Is weekly report enabled: enable
2022-12-12T08:13:57+00:00 INFO Is weekly report enabled: enable
2022-12-12T08:13:58+00:00 INFO Is weekly report enabled: enable
2022-12-12T08:14:12+00:00 INFO Is weekly report enabled: enable
2022-12-12T08:14:15+00:00 INFO Is weekly report enabled: enable
2022-12-12T08:14:15+00:00 INFO Is weekly report enabled: enable
2022-12-12T08:14:32+00:00 INFO Is weekly report enabled: enable
2022-12-12T08:14:34+00:00 INFO Is weekly report enabled: enable
2022-12-12T08:14:52+00:00 INFO Is weekly report enabled: enable
2022-12-12T08:14:52+00:00 INFO Is weekly report enabled: enable
2022-12-12T08:15:36+00:00 INFO Is weekly report enabled: enable
2022-12-12T08:15:38+00:00 INFO Is weekly report enabled: enable
2022-12-12T08:17:37+00:00 INFO Is weekly report enabled: enable
2022-12-12T08:17:39+00:00 INFO Is weekly report enabled: enable
2022-12-12T08:19:38+00:00 INFO Is weekly report enabled: enable
2022-12-12T08:19:40+00:00 INFO Is weekly report enabled: enable
2022-12-12T08:21:02+00:00 INFO Is weekly report enabled: enable
2022-12-12T08:21:06+00:00 INFO Is weekly report enabled: enable
2022-12-12T08:21:17+00:00 INFO Is weekly report enabled: enable
2022-12-12T08:21:26+00:00 INFO Is weekly report enabled: enable
2022-12-12T08:21:26+00:00 INFO Is weekly report enabled: enable
2022-12-12T08:21:30+00:00 INFO Is weekly report enabled: enable
2022-12-12T08:21:31+00:00 INFO Is weekly report enabled: enable
2022-12-12T08:21:56+00:00 INFO Is weekly report enabled: enable
2022-12-12T08:22:26+00:00 INFO Is weekly report enabled: enable
2022-12-12T08:22:36+00:00 INFO Is weekly report enabled: enable
2022-12-12T08:23:05+00:00 INFO Is weekly report enabled: enable
2022-12-12T08:23:06+00:00 INFO Is weekly report enabled: enable
2022-12-12T08:23:17+00:00 INFO Is weekly report enabled: enable
2022-12-12T08:23:18+00:00 INFO Is weekly report enabled: enable
2022-12-12T08:24:07+00:00 INFO Is weekly report enabled: enable
2022-12-12T08:24:07+00:00 INFO Is weekly report enabled: enable
2022-12-12T08:24:17+00:00 INFO Is weekly report enabled: enable
2022-12-12T08:24:20+00:00 INFO Is weekly report enabled: enable
2022-12-12T08:24:58+00:00 INFO Is weekly report enabled: enable
2022-12-12T08:25:04+00:00 INFO Is weekly report enabled: enable
2022-12-12T08:25:46+00:00 INFO Is weekly report enabled: enable
2022-12-12T08:25:50+00:00 INFO Is weekly report enabled: enable
2022-12-12T08:26:17+00:00 INFO Is weekly report enabled: enable
2022-12-12T08:27:20+00:00 INFO Is weekly report enabled: enable
2022-12-12T08:27:22+00:00 INFO Is weekly report enabled: enable
2022-12-12T08:28:21+00:00 INFO Is weekly report enabled: enable
2022-12-12T08:29:21+00:00 INFO Is weekly report enabled: enable
2022-12-12T08:30:11+00:00 INFO Is weekly report enabled: enable
2022-12-12T08:30:18+00:00 INFO Is weekly report enabled: enable
2022-12-12T08:30:30+00:00 INFO Is weekly report enabled: enable
2022-12-12T08:30:40+00:00 INFO Is weekly report enabled: enable
2022-12-12T08:31:33+00:00 INFO Is weekly report enabled: enable
2022-12-12T08:31:35+00:00 INFO Is weekly report enabled: enable
2022-12-12T08:33:35+00:00 INFO Is weekly report enabled: enable
2022-12-12T08:33:36+00:00 INFO Is weekly report enabled: enable
2022-12-12T08:33:37+00:00 INFO Is weekly report enabled: enable
2022-12-12T08:34:56+00:00 INFO Is weekly report enabled: enable
2022-12-12T08:34:59+00:00 INFO Is weekly report enabled: enable
2022-12-12T08:35:10+00:00 INFO Is weekly report enabled: enable
2022-12-12T08:35:19+00:00 INFO Is weekly report enabled: enable
2022-12-12T08:35:27+00:00 INFO Is weekly report enabled: enable
2022-12-12T08:35:30+00:00 INFO Is weekly report enabled: enable
2022-12-12T08:36:15+00:00 INFO Is weekly report enabled: enable
2022-12-12T08:37:20+00:00 INFO Is weekly report enabled: enable
2022-12-12T08:38:20+00:00 INFO Is weekly report enabled: enable
2022-12-12T08:38:20+00:00 INFO Is weekly report enabled: enable
2022-12-12T08:38:22+00:00 INFO Is weekly report enabled: enable
2022-12-12T08:38:31+00:00 INFO Is weekly report enabled: enable
2022-12-12T08:38:33+00:00 INFO Is weekly report enabled: enable
2022-12-12T08:38:42+00:00 INFO Is weekly report enabled: enable
2022-12-12T08:38:45+00:00 INFO Is weekly report enabled: enable
2022-12-12T08:38:49+00:00 INFO Is weekly report enabled: enable
2022-12-12T08:38:57+00:00 INFO Is weekly report enabled: enable
2022-12-12T08:39:04+00:00 INFO Is weekly report enabled: enable
2022-12-12T08:39:05+00:00 INFO Is weekly report enabled: enable
2022-12-12T08:39:17+00:00 INFO Is weekly report enabled: enable
2022-12-12T08:39:19+00:00 INFO Is weekly report enabled: enable
2022-12-12T08:39:32+00:00 INFO Is weekly report enabled: enable
2022-12-12T08:39:34+00:00 INFO Is weekly report enabled: enable
2022-12-12T08:39:42+00:00 INFO Is weekly report enabled: enable
2022-12-12T08:39:47+00:00 INFO Is weekly report enabled: enable
2022-12-12T08:39:53+00:00 INFO Is weekly report enabled: enable
2022-12-12T08:39:55+00:00 INFO Is weekly report enabled: enable
2022-12-12T08:40:02+00:00 INFO Is weekly report enabled: enable
2022-12-12T08:40:30+00:00 INFO Is weekly report enabled: enable
2022-12-12T08:40:40+00:00 INFO Is weekly report enabled: enable
2022-12-12T08:40:42+00:00 INFO Is weekly report enabled: enable
2022-12-12T08:40:57+00:00 INFO Is weekly report enabled: enable
2022-12-12T08:41:59+00:00 INFO Is weekly report enabled: enable
2022-12-12T08:44:02+00:00 INFO Is weekly report enabled: enable
2022-12-12T08:44:03+00:00 INFO Is weekly report enabled: enable
2022-12-12T08:45:56+00:00 INFO Is weekly report enabled: enable
2022-12-12T08:46:00+00:00 INFO Is weekly report enabled: enable
2022-12-12T08:46:03+00:00 INFO Is weekly report enabled: enable
2022-12-12T08:46:15+00:00 INFO Is weekly report enabled: enable
2022-12-12T08:46:16+00:00 INFO Is weekly report enabled: enable
2022-12-12T08:46:17+00:00 INFO Is weekly report enabled: enable
2022-12-12T08:46:17+00:00 INFO Is weekly report enabled: enable
2022-12-12T08:46:27+00:00 INFO Is weekly report enabled: enable
2022-12-12T08:46:33+00:00 INFO Is weekly report enabled: enable
2022-12-12T08:47:00+00:00 INFO Is weekly report enabled: enable
2022-12-12T08:47:17+00:00 INFO Is weekly report enabled: enable
2022-12-12T08:48:20+00:00 INFO Is weekly report enabled: enable
2022-12-12T08:48:20+00:00 INFO Is weekly report enabled: enable
2022-12-12T08:48:22+00:00 INFO Is weekly report enabled: enable
2022-12-12T08:48:22+00:00 INFO Is weekly report enabled: enable
2022-12-12T08:48:23+00:00 INFO Is weekly report enabled: enable
2022-12-12T08:48:38+00:00 INFO Is weekly report enabled: enable
2022-12-12T08:48:39+00:00 INFO Is weekly report enabled: enable
2022-12-12T08:48:48+00:00 INFO Is weekly report enabled: enable
2022-12-12T08:48:48+00:00 INFO Is weekly report enabled: enable
2022-12-12T08:48:50+00:00 INFO Is weekly report enabled: enable
2022-12-12T08:48:56+00:00 INFO Is weekly report enabled: enable
2022-12-12T08:48:59+00:00 INFO Is weekly report enabled: enable
2022-12-12T08:49:05+00:00 INFO Is weekly report enabled: enable
2022-12-12T08:49:35+00:00 INFO Is weekly report enabled: enable
2022-12-12T08:50:09+00:00 INFO Is weekly report enabled: enable
2022-12-12T08:50:09+00:00 INFO Is weekly report enabled: enable
2022-12-12T08:50:19+00:00 INFO Is weekly report enabled: enable
2022-12-12T08:50:38+00:00 INFO Is weekly report enabled: enable
2022-12-12T08:50:39+00:00 INFO Is weekly report enabled: enable
2022-12-12T08:50:42+00:00 INFO Is weekly report enabled: enable
2022-12-12T08:50:56+00:00 INFO Is weekly report enabled: enable
2022-12-12T08:51:09+00:00 INFO Is weekly report enabled: enable
2022-12-12T08:51:36+00:00 INFO Is weekly report enabled: enable
2022-12-12T08:51:41+00:00 INFO Is weekly report enabled: enable
2022-12-12T08:52:00+00:00 INFO Is weekly report enabled: enable
2022-12-12T08:52:12+00:00 INFO Is weekly report enabled: enable
2022-12-12T08:52:13+00:00 INFO Is weekly report enabled: enable
2022-12-12T08:52:20+00:00 INFO Is weekly report enabled: enable
2022-12-12T08:52:24+00:00 INFO Is weekly report enabled: enable
2022-12-12T08:52:25+00:00 INFO Is weekly report enabled: enable
2022-12-12T08:52:27+00:00 INFO Is weekly report enabled: enable
2022-12-12T08:52:33+00:00 INFO Is weekly report enabled: enable
2022-12-12T08:52:35+00:00 INFO Is weekly report enabled: enable
2022-12-12T08:52:40+00:00 INFO Is weekly report enabled: enable
2022-12-12T08:52:42+00:00 INFO Is weekly report enabled: enable
2022-12-12T08:52:43+00:00 INFO Is weekly report enabled: enable
2022-12-12T08:52:44+00:00 INFO Is weekly report enabled: enable
2022-12-12T08:52:45+00:00 INFO Is weekly report enabled: enable
2022-12-12T08:52:46+00:00 INFO Is weekly report enabled: enable
2022-12-12T08:52:53+00:00 INFO Is weekly report enabled: enable
2022-12-12T08:52:55+00:00 INFO Is weekly report enabled: enable
2022-12-12T08:53:07+00:00 INFO Is weekly report enabled: enable
2022-12-12T08:53:13+00:00 INFO Is weekly report enabled: enable
2022-12-12T08:53:17+00:00 INFO Is weekly report enabled: enable
2022-12-12T08:53:29+00:00 INFO Is weekly report enabled: enable
2022-12-12T08:53:40+00:00 INFO Is weekly report enabled: enable
2022-12-12T08:54:06+00:00 INFO Is weekly report enabled: enable
2022-12-12T08:54:14+00:00 INFO Is weekly report enabled: enable
2022-12-12T08:54:17+00:00 INFO Is weekly report enabled: enable
2022-12-12T08:54:21+00:00 INFO Is weekly report enabled: enable
2022-12-12T08:54:30+00:00 INFO Is weekly report enabled: enable
2022-12-12T08:55:32+00:00 INFO Is weekly report enabled: enable
2022-12-12T08:57:00+00:00 INFO Is weekly report enabled: enable
2022-12-12T08:57:15+00:00 INFO Is weekly report enabled: enable
2022-12-12T08:58:08+00:00 INFO Is weekly report enabled: enable
2022-12-12T08:58:17+00:00 INFO Is weekly report enabled: enable
2022-12-12T08:58:25+00:00 INFO Is weekly report enabled: enable
2022-12-12T08:59:16+00:00 INFO Is weekly report enabled: enable
2022-12-12T08:59:34+00:00 INFO Is weekly report enabled: enable
2022-12-12T09:00:28+00:00 INFO Is weekly report enabled: enable
2022-12-12T09:00:31+00:00 INFO Is weekly report enabled: enable
2022-12-12T09:00:32+00:00 INFO Is weekly report enabled: enable
2022-12-12T09:00:36+00:00 INFO Is weekly report enabled: enable
2022-12-12T09:00:37+00:00 INFO Is weekly report enabled: enable
2022-12-12T09:00:46+00:00 INFO Is weekly report enabled: enable
2022-12-12T09:01:03+00:00 INFO Is weekly report enabled: enable
2022-12-12T09:01:38+00:00 INFO Is weekly report enabled: enable
2022-12-12T09:01:39+00:00 INFO Is weekly report enabled: enable
2022-12-12T09:02:38+00:00 INFO Is weekly report enabled: enable
2022-12-12T09:02:39+00:00 INFO Is weekly report enabled: enable
2022-12-12T09:02:39+00:00 INFO Is weekly report enabled: enable
2022-12-12T09:02:48+00:00 INFO Is weekly report enabled: enable
2022-12-12T09:03:03+00:00 INFO Is weekly report enabled: enable
2022-12-12T09:03:18+00:00 INFO Is weekly report enabled: enable
2022-12-12T09:03:52+00:00 INFO Is weekly report enabled: enable
2022-12-12T09:03:53+00:00 INFO Is weekly report enabled: enable
2022-12-12T09:04:52+00:00 INFO Is weekly report enabled: enable
2022-12-12T09:05:55+00:00 INFO Is weekly report enabled: enable
2022-12-12T09:05:56+00:00 INFO Is weekly report enabled: enable
2022-12-12T09:07:46+00:00 INFO Is weekly report enabled: enable
2022-12-12T09:07:53+00:00 INFO Is weekly report enabled: enable
2022-12-12T09:07:54+00:00 INFO Is weekly report enabled: enable
2022-12-12T09:08:10+00:00 INFO Is weekly report enabled: enable
2022-12-12T09:08:12+00:00 INFO Is weekly report enabled: enable
2022-12-12T09:08:34+00:00 INFO Is weekly report enabled: enable
2022-12-12T09:08:51+00:00 INFO Is weekly report enabled: enable
2022-12-12T09:08:52+00:00 INFO Is weekly report enabled: enable
2022-12-12T09:09:53+00:00 INFO Is weekly report enabled: enable
2022-12-12T09:11:10+00:00 INFO Is weekly report enabled: enable
2022-12-12T09:11:11+00:00 INFO Is weekly report enabled: enable
2022-12-12T09:11:14+00:00 INFO Is weekly report enabled: enable
2022-12-12T09:12:18+00:00 INFO Is weekly report enabled: enable
2022-12-12T09:14:19+00:00 INFO Is weekly report enabled: enable
2022-12-12T09:14:21+00:00 INFO Is weekly report enabled: enable
2022-12-12T09:16:20+00:00 INFO Is weekly report enabled: enable
2022-12-12T09:16:22+00:00 INFO Is weekly report enabled: enable
2022-12-12T09:18:22+00:00 INFO Is weekly report enabled: enable
2022-12-12T09:18:23+00:00 INFO Is weekly report enabled: enable
2022-12-12T09:20:22+00:00 INFO Is weekly report enabled: enable
2022-12-12T09:20:24+00:00 INFO Is weekly report enabled: enable
2022-12-12T09:22:50+00:00 INFO Is weekly report enabled: enable
2022-12-12T09:22:52+00:00 INFO Is weekly report enabled: enable
2022-12-12T09:22:52+00:00 INFO Is weekly report enabled: enable
2022-12-12T09:23:55+00:00 INFO Is weekly report enabled: enable
2022-12-12T09:24:59+00:00 INFO Is weekly report enabled: enable
2022-12-12T09:25:00+00:00 INFO Is weekly report enabled: enable
2022-12-12T09:25:06+00:00 INFO Is weekly report enabled: enable
2022-12-12T09:25:42+00:00 INFO Is weekly report enabled: enable
2022-12-12T09:25:55+00:00 INFO Is weekly report enabled: enable
2022-12-12T09:26:00+00:00 INFO Is weekly report enabled: enable
2022-12-12T09:27:03+00:00 INFO Is weekly report enabled: enable
2022-12-12T09:27:05+00:00 INFO Is weekly report enabled: enable
2022-12-12T09:27:12+00:00 INFO Is weekly report enabled: enable
2022-12-12T09:28:16+00:00 INFO Is weekly report enabled: enable
2022-12-12T09:29:25+00:00 INFO Is weekly report enabled: enable
2022-12-12T09:29:26+00:00 INFO Is weekly report enabled: enable
2022-12-12T09:30:26+00:00 INFO Is weekly report enabled: enable
2022-12-12T09:31:33+00:00 INFO Is weekly report enabled: enable
2022-12-12T09:31:34+00:00 INFO Is weekly report enabled: enable
2022-12-12T09:32:33+00:00 INFO Is weekly report enabled: enable
2022-12-12T09:33:33+00:00 INFO Is weekly report enabled: enable
2022-12-12T09:33:44+00:00 INFO Is weekly report enabled: enable
2022-12-12T09:34:27+00:00 INFO Is weekly report enabled: enable
2022-12-12T09:34:30+00:00 INFO Is weekly report enabled: enable
2022-12-12T09:34:30+00:00 INFO Is weekly report enabled: enable
2022-12-12T09:34:34+00:00 INFO Is weekly report enabled: enable
2022-12-12T09:34:43+00:00 INFO Is weekly report enabled: enable
2022-12-12T09:34:47+00:00 INFO Is weekly report enabled: enable
2022-12-12T09:35:28+00:00 INFO Is weekly report enabled: enable
2022-12-12T09:35:30+00:00 INFO Is weekly report enabled: enable
2022-12-12T09:35:32+00:00 INFO Is weekly report enabled: enable
2022-12-12T09:35:32+00:00 INFO Is weekly report enabled: enable
2022-12-12T09:35:33+00:00 INFO Is weekly report enabled: enable
2022-12-12T09:35:34+00:00 INFO Is weekly report enabled: enable
2022-12-12T09:35:36+00:00 INFO Is weekly report enabled: enable
2022-12-12T09:35:37+00:00 INFO Is weekly report enabled: enable
2022-12-12T09:35:38+00:00 INFO Is weekly report enabled: enable
2022-12-12T09:35:38+00:00 INFO Is weekly report enabled: enable
2022-12-12T09:35:40+00:00 INFO Is weekly report enabled: enable
2022-12-12T09:35:41+00:00 INFO Is weekly report enabled: enable
2022-12-12T09:35:43+00:00 INFO Is weekly report enabled: enable
2022-12-12T09:35:59+00:00 INFO Is weekly report enabled: enable
2022-12-12T09:36:01+00:00 INFO Is weekly report enabled: enable
2022-12-12T09:36:13+00:00 INFO Is weekly report enabled: enable
2022-12-12T09:36:16+00:00 INFO Is weekly report enabled: enable
2022-12-12T09:36:47+00:00 INFO Is weekly report enabled: enable
2022-12-12T09:37:47+00:00 INFO Is weekly report enabled: enable
2022-12-12T09:37:49+00:00 INFO Is weekly report enabled: enable
2022-12-12T09:37:58+00:00 INFO Is weekly report enabled: enable
2022-12-12T09:38:05+00:00 INFO Is weekly report enabled: enable
2022-12-12T09:38:13+00:00 INFO Is weekly report enabled: enable
2022-12-12T09:38:40+00:00 INFO Is weekly report enabled: enable
2022-12-12T09:38:44+00:00 INFO Is weekly report enabled: enable
2022-12-12T09:38:48+00:00 INFO Is weekly report enabled: enable
2022-12-12T09:39:48+00:00 INFO Is weekly report enabled: enable
2022-12-12T09:40:00+00:00 INFO Is weekly report enabled: enable
2022-12-12T09:40:16+00:00 INFO Is weekly report enabled: enable
2022-12-12T09:40:26+00:00 INFO Is weekly report enabled: enable
2022-12-12T09:40:56+00:00 INFO Is weekly report enabled: enable
2022-12-12T09:40:57+00:00 INFO Is weekly report enabled: enable
2022-12-12T09:41:59+00:00 INFO Is weekly report enabled: enable
2022-12-12T09:42:08+00:00 INFO Is weekly report enabled: enable
2022-12-12T09:42:08+00:00 INFO Is weekly report enabled: enable
2022-12-12T09:42:58+00:00 INFO Is weekly report enabled: enable
2022-12-12T09:43:20+00:00 INFO Is weekly report enabled: enable
2022-12-12T09:43:25+00:00 INFO Is weekly report enabled: enable
2022-12-12T09:44:28+00:00 INFO Is weekly report enabled: enable
2022-12-12T09:45:30+00:00 INFO Is weekly report enabled: enable
2022-12-12T09:45:31+00:00 INFO Is weekly report enabled: enable
2022-12-12T09:47:29+00:00 INFO Is weekly report enabled: enable
2022-12-12T09:47:31+00:00 INFO Is weekly report enabled: enable
2022-12-12T09:49:31+00:00 INFO Is weekly report enabled: enable
2022-12-12T09:49:33+00:00 INFO Is weekly report enabled: enable
2022-12-12T09:51:32+00:00 INFO Is weekly report enabled: enable
2022-12-12T09:51:34+00:00 INFO Is weekly report enabled: enable
2022-12-12T09:53:33+00:00 INFO Is weekly report enabled: enable
2022-12-12T09:53:35+00:00 INFO Is weekly report enabled: enable
2022-12-12T09:55:34+00:00 INFO Is weekly report enabled: enable
2022-12-12T09:55:36+00:00 INFO Is weekly report enabled: enable
2022-12-12T10:21:58+00:00 INFO Is weekly report enabled: enable
2022-12-12T10:21:59+00:00 INFO Is weekly report enabled: enable
2022-12-12T10:21:59+00:00 INFO Is weekly report enabled: enable
2022-12-12T10:22:06+00:00 INFO Is weekly report enabled: enable
2022-12-12T10:23:58+00:00 INFO Is weekly report enabled: enable
2022-12-12T10:24:00+00:00 INFO Is weekly report enabled: enable
2022-12-12T10:26:00+00:00 INFO Is weekly report enabled: enable
2022-12-12T10:26:01+00:00 INFO Is weekly report enabled: enable
2022-12-12T10:27:31+00:00 INFO Is weekly report enabled: enable
2022-12-12T10:28:23+00:00 INFO Is weekly report enabled: enable
2022-12-12T10:28:24+00:00 INFO Is weekly report enabled: enable
2022-12-12T10:28:41+00:00 INFO Is weekly report enabled: enable
2022-12-12T10:29:05+00:00 INFO Is weekly report enabled: enable
2022-12-12T10:29:16+00:00 INFO Is weekly report enabled: enable
2022-12-12T10:29:26+00:00 INFO Is weekly report enabled: enable
2022-12-12T10:29:34+00:00 INFO Is weekly report enabled: enable
2022-12-12T10:29:40+00:00 INFO Is weekly report enabled: enable
2022-12-12T10:29:49+00:00 INFO Is weekly report enabled: enable
2022-12-12T10:29:56+00:00 INFO Is weekly report enabled: enable
2022-12-12T10:30:08+00:00 INFO Is weekly report enabled: enable
2022-12-12T10:30:30+00:00 INFO Is weekly report enabled: enable
2022-12-12T10:31:18+00:00 INFO Is weekly report enabled: enable
2022-12-12T10:31:19+00:00 INFO Is weekly report enabled: enable
2022-12-12T10:31:19+00:00 INFO Is weekly report enabled: enable
2022-12-12T10:31:54+00:00 INFO Is weekly report enabled: enable
2022-12-12T10:31:56+00:00 INFO Is weekly report enabled: enable
2022-12-12T10:32:31+00:00 INFO Is weekly report enabled: enable
2022-12-12T10:32:42+00:00 INFO Is weekly report enabled: enable
2022-12-12T10:32:45+00:00 INFO Is weekly report enabled: enable
2022-12-12T10:32:46+00:00 INFO Is weekly report enabled: enable
2022-12-12T10:32:49+00:00 INFO Is weekly report enabled: enable
2022-12-12T10:33:51+00:00 INFO Is weekly report enabled: enable
2022-12-12T10:33:52+00:00 INFO Is weekly report enabled: enable
2022-12-12T10:33:52+00:00 INFO Is weekly report enabled: enable
2022-12-12T10:34:33+00:00 INFO Is weekly report enabled: enable
2022-12-12T10:35:51+00:00 INFO Is weekly report enabled: enable
2022-12-12T10:36:34+00:00 INFO Is weekly report enabled: enable
2022-12-12T10:36:57+00:00 INFO Is weekly report enabled: enable
2022-12-12T10:37:14+00:00 INFO Is weekly report enabled: enable
2022-12-12T10:37:18+00:00 INFO Is weekly report enabled: enable
2022-12-12T10:37:33+00:00 INFO Is weekly report enabled: enable
2022-12-12T10:37:42+00:00 INFO Is weekly report enabled: enable
2022-12-12T10:39:32+00:00 INFO Is weekly report enabled: enable
2022-12-12T10:39:33+00:00 INFO Is weekly report enabled: enable
2022-12-12T10:39:35+00:00 INFO Is weekly report enabled: enable
2022-12-12T10:41:33+00:00 INFO Is weekly report enabled: enable
2022-12-12T10:41:34+00:00 INFO Is weekly report enabled: enable
2022-12-12T10:41:36+00:00 INFO Is weekly report enabled: enable
2022-12-12T10:43:33+00:00 INFO Is weekly report enabled: enable
2022-12-12T10:43:35+00:00 INFO Is weekly report enabled: enable
2022-12-12T10:43:36+00:00 INFO Is weekly report enabled: enable
2022-12-12T10:44:03+00:00 INFO Is weekly report enabled: enable
2022-12-12T10:44:10+00:00 INFO Is weekly report enabled: enable
2022-12-12T10:45:13+00:00 INFO Is weekly report enabled: enable
2022-12-12T10:45:37+00:00 INFO Is weekly report enabled: enable
2022-12-12T10:46:14+00:00 INFO Is weekly report enabled: enable
2022-12-12T10:46:15+00:00 INFO Is weekly report enabled: enable
2022-12-12T10:48:06+00:00 INFO Is weekly report enabled: enable
2022-12-12T10:48:14+00:00 INFO Is weekly report enabled: enable
2022-12-12T10:49:06+00:00 INFO Is weekly report enabled: enable
2022-12-12T10:50:06+00:00 INFO Is weekly report enabled: enable
2022-12-12T10:50:15+00:00 INFO Is weekly report enabled: enable
2022-12-12T10:50:48+00:00 INFO Is weekly report enabled: enable
2022-12-12T10:51:06+00:00 INFO Is weekly report enabled: enable
2022-12-12T10:51:10+00:00 INFO Is weekly report enabled: enable
2022-12-12T10:52:06+00:00 INFO Is weekly report enabled: enable
2022-12-12T10:52:17+00:00 INFO Is weekly report enabled: enable
2022-12-12T10:52:43+00:00 INFO Is weekly report enabled: enable
2022-12-12T10:53:21+00:00 INFO Is weekly report enabled: enable
2022-12-12T10:53:22+00:00 INFO Is weekly report enabled: enable
2022-12-12T10:53:43+00:00 INFO Is weekly report enabled: enable
2022-12-12T10:54:02+00:00 INFO Is weekly report enabled: enable
2022-12-12T10:54:12+00:00 INFO Is weekly report enabled: enable
2022-12-12T10:55:14+00:00 INFO Is weekly report enabled: enable
2022-12-12T10:55:44+00:00 INFO Is weekly report enabled: enable
2022-12-12T10:57:16+00:00 INFO Is weekly report enabled: enable
2022-12-12T10:57:17+00:00 INFO Is weekly report enabled: enable
2022-12-12T10:57:44+00:00 INFO Is weekly report enabled: enable
2022-12-12T10:59:00+00:00 INFO Is weekly report enabled: enable
2022-12-12T10:59:10+00:00 INFO Is weekly report enabled: enable
2022-12-12T10:59:26+00:00 INFO Is weekly report enabled: enable
2022-12-12T10:59:28+00:00 INFO Is weekly report enabled: enable
2022-12-12T10:59:45+00:00 INFO Is weekly report enabled: enable
2022-12-12T10:59:59+00:00 INFO Is weekly report enabled: enable
2022-12-12T11:00:14+00:00 INFO Is weekly report enabled: enable
2022-12-12T11:00:16+00:00 INFO Is weekly report enabled: enable
2022-12-12T11:01:48+00:00 INFO Is weekly report enabled: enable
2022-12-12T11:02:02+00:00 INFO Is weekly report enabled: enable
2022-12-12T11:02:14+00:00 INFO Is weekly report enabled: enable
2022-12-12T11:03:49+00:00 INFO Is weekly report enabled: enable
2022-12-12T11:03:50+00:00 INFO Is weekly report enabled: enable
2022-12-12T11:04:03+00:00 INFO Is weekly report enabled: enable
2022-12-12T11:04:16+00:00 INFO Is weekly report enabled: enable
2022-12-12T11:06:03+00:00 INFO Is weekly report enabled: enable
2022-12-12T11:06:05+00:00 INFO Is weekly report enabled: enable
2022-12-12T11:06:16+00:00 INFO Is weekly report enabled: enable
2022-12-12T11:08:04+00:00 INFO Is weekly report enabled: enable
2022-12-12T11:08:06+00:00 INFO Is weekly report enabled: enable
2022-12-12T11:08:17+00:00 INFO Is weekly report enabled: enable
2022-12-12T11:10:05+00:00 INFO Is weekly report enabled: enable
2022-12-12T11:10:07+00:00 INFO Is weekly report enabled: enable
2022-12-12T11:21:13+00:00 INFO Is weekly report enabled: enable
2022-12-12T11:21:14+00:00 INFO Is weekly report enabled: enable
2022-12-12T11:21:16+00:00 INFO Is weekly report enabled: enable
2022-12-12T11:21:31+00:00 INFO Is weekly report enabled: enable
2022-12-12T11:21:56+00:00 INFO Is weekly report enabled: enable
2022-12-12T11:22:05+00:00 INFO Is weekly report enabled: enable
2022-12-12T11:22:17+00:00 INFO Is weekly report enabled: enable
2022-12-12T11:22:25+00:00 INFO Is weekly report enabled: enable
2022-12-12T11:22:43+00:00 INFO Is weekly report enabled: enable
2022-12-12T11:22:47+00:00 INFO Is weekly report enabled: enable
2022-12-12T11:22:56+00:00 INFO Is weekly report enabled: enable
2022-12-12T11:23:05+00:00 INFO Is weekly report enabled: enable
2022-12-12T11:23:47+00:00 INFO Is weekly report enabled: enable
2022-12-12T11:23:47+00:00 INFO Is weekly report enabled: enable
2022-12-12T11:23:48+00:00 INFO Is weekly report enabled: enable
2022-12-12T11:23:48+00:00 INFO Is weekly report enabled: enable
2022-12-12T11:23:49+00:00 INFO Is weekly report enabled: enable
2022-12-12T11:23:56+00:00 INFO Is weekly report enabled: enable
2022-12-12T11:24:57+00:00 INFO Is weekly report enabled: enable
2022-12-12T11:25:37+00:00 INFO Is weekly report enabled: enable
2022-12-12T11:25:47+00:00 INFO Is weekly report enabled: enable
2022-12-12T11:25:56+00:00 INFO Is weekly report enabled: enable
2022-12-12T11:26:57+00:00 INFO Is weekly report enabled: enable
2022-12-12T11:26:59+00:00 INFO Is weekly report enabled: enable
2022-12-12T11:26:59+00:00 INFO Is weekly report enabled: enable
2022-12-12T11:27:50+00:00 INFO Is weekly report enabled: enable
2022-12-12T11:27:56+00:00 INFO Is weekly report enabled: enable
2022-12-12T11:28:55+00:00 INFO Is weekly report enabled: enable
2022-12-12T11:28:56+00:00 INFO Is weekly report enabled: enable
2022-12-12T11:29:50+00:00 INFO Is weekly report enabled: enable
2022-12-12T11:29:56+00:00 INFO Is weekly report enabled: enable
2022-12-12T11:30:25+00:00 INFO Is weekly report enabled: enable
2022-12-12T11:30:57+00:00 INFO Is weekly report enabled: enable
2022-12-12T11:31:24+00:00 INFO Is weekly report enabled: enable
2022-12-12T11:31:51+00:00 INFO Is weekly report enabled: enable
2022-12-12T11:31:55+00:00 INFO Is weekly report enabled: enable
2022-12-12T11:31:56+00:00 INFO Is weekly report enabled: enable
2022-12-12T11:32:00+00:00 INFO Is weekly report enabled: enable
2022-12-12T11:32:05+00:00 INFO Is weekly report enabled: enable
2022-12-12T11:33:14+00:00 INFO Is weekly report enabled: enable
2022-12-12T11:33:16+00:00 INFO Is weekly report enabled: enable
2022-12-12T11:33:22+00:00 INFO Is weekly report enabled: enable
2022-12-12T11:33:42+00:00 INFO Is weekly report enabled: enable
2022-12-12T11:33:45+00:00 INFO Is weekly report enabled: enable
2022-12-12T11:33:51+00:00 INFO Is weekly report enabled: enable
2022-12-12T11:33:52+00:00 INFO Is weekly report enabled: enable
2022-12-12T11:34:18+00:00 INFO Is weekly report enabled: enable
2022-12-12T11:34:20+00:00 INFO Is weekly report enabled: enable
2022-12-12T11:34:26+00:00 INFO Is weekly report enabled: enable
2022-12-12T11:34:32+00:00 INFO Is weekly report enabled: enable
2022-12-12T11:34:37+00:00 INFO Is weekly report enabled: enable
2022-12-12T11:34:38+00:00 INFO Is weekly report enabled: enable
2022-12-12T11:34:44+00:00 INFO Is weekly report enabled: enable
2022-12-12T11:34:52+00:00 INFO Is weekly report enabled: enable
2022-12-12T11:35:16+00:00 INFO Is weekly report enabled: enable
2022-12-12T11:35:23+00:00 INFO Is weekly report enabled: enable
2022-12-12T11:35:24+00:00 INFO Is weekly report enabled: enable
2022-12-12T11:35:30+00:00 INFO Is weekly report enabled: enable
2022-12-12T11:35:45+00:00 INFO Is weekly report enabled: enable
2022-12-12T11:36:22+00:00 INFO Is weekly report enabled: enable
2022-12-12T11:36:25+00:00 INFO Is weekly report enabled: enable
2022-12-12T11:36:30+00:00 INFO Is weekly report enabled: enable
2022-12-12T11:36:37+00:00 INFO Is weekly report enabled: enable
2022-12-12T11:36:40+00:00 INFO Is weekly report enabled: enable
2022-12-12T11:36:43+00:00 INFO Is weekly report enabled: enable
2022-12-12T11:36:50+00:00 INFO Is weekly report enabled: enable
2022-12-12T11:36:50+00:00 INFO Is weekly report enabled: enable
2022-12-12T11:36:56+00:00 INFO Is weekly report enabled: enable
2022-12-12T11:37:47+00:00 INFO Is weekly report enabled: enable
2022-12-12T11:37:56+00:00 INFO Is weekly report enabled: enable
2022-12-12T11:38:47+00:00 INFO Is weekly report enabled: enable
2022-12-12T11:38:53+00:00 INFO Is weekly report enabled: enable
2022-12-12T11:39:07+00:00 INFO Is weekly report enabled: enable
2022-12-12T11:39:47+00:00 INFO Is weekly report enabled: enable
2022-12-12T11:39:53+00:00 INFO Is weekly report enabled: enable
2022-12-12T11:40:26+00:00 INFO Is weekly report enabled: enable
2022-12-12T11:41:50+00:00 INFO Is weekly report enabled: enable
2022-12-12T11:41:51+00:00 INFO Is weekly report enabled: enable
2022-12-12T11:41:55+00:00 INFO Is weekly report enabled: enable
2022-12-12T11:42:26+00:00 INFO Is weekly report enabled: enable
2022-12-12T11:43:51+00:00 INFO Is weekly report enabled: enable
2022-12-12T11:43:52+00:00 INFO Is weekly report enabled: enable
2022-12-12T11:43:56+00:00 INFO Is weekly report enabled: enable
2022-12-12T11:44:28+00:00 INFO Is weekly report enabled: enable
2022-12-12T11:45:57+00:00 INFO Is weekly report enabled: enable
2022-12-12T11:45:59+00:00 INFO Is weekly report enabled: enable
2022-12-12T11:46:28+00:00 INFO Is weekly report enabled: enable
2022-12-12T11:47:58+00:00 INFO Is weekly report enabled: enable
2022-12-12T11:48:00+00:00 INFO Is weekly report enabled: enable
2022-12-12T11:48:29+00:00 INFO Is weekly report enabled: enable
2022-12-12T11:50:00+00:00 INFO Is weekly report enabled: enable
2022-12-12T11:50:01+00:00 INFO Is weekly report enabled: enable
2022-12-12T11:50:31+00:00 INFO Is weekly report enabled: enable
2022-12-12T11:52:01+00:00 INFO Is weekly report enabled: enable
2022-12-12T11:52:02+00:00 INFO Is weekly report enabled: enable
2022-12-12T11:54:02+00:00 INFO Is weekly report enabled: enable
2022-12-12T11:54:03+00:00 INFO Is weekly report enabled: enable
2022-12-12T11:56:03+00:00 INFO Is weekly report enabled: enable
2022-12-12T11:56:04+00:00 INFO Is weekly report enabled: enable
2022-12-12T11:56:40+00:00 INFO Is weekly report enabled: enable
2022-12-12T11:56:41+00:00 INFO Is weekly report enabled: enable
2022-12-12T11:56:47+00:00 INFO Is weekly report enabled: enable
2022-12-12T11:56:48+00:00 INFO Is weekly report enabled: enable
2022-12-12T11:56:54+00:00 INFO Is weekly report enabled: enable
2022-12-12T11:56:55+00:00 INFO Is weekly report enabled: enable
2022-12-12T11:56:57+00:00 INFO Is weekly report enabled: enable
2022-12-12T11:57:15+00:00 INFO Is weekly report enabled: enable
2022-12-12T11:57:26+00:00 INFO Is weekly report enabled: enable
2022-12-12T11:57:27+00:00 INFO Is weekly report enabled: enable
2022-12-12T11:57:29+00:00 INFO Is weekly report enabled: enable
2022-12-12T11:57:30+00:00 INFO Is weekly report enabled: enable
2022-12-12T11:57:44+00:00 INFO Is weekly report enabled: enable
2022-12-12T11:57:46+00:00 INFO Is weekly report enabled: enable
2022-12-12T11:57:48+00:00 INFO Is weekly report enabled: enable
2022-12-12T11:57:52+00:00 INFO Is weekly report enabled: enable
2022-12-12T11:57:54+00:00 INFO Is weekly report enabled: enable
2022-12-12T11:58:04+00:00 INFO Is weekly report enabled: enable
2022-12-12T11:58:06+00:00 INFO Start-Cartflows_Frontend::redirect_to_thankyou_page
2022-12-12T11:58:06+00:00 INFO Only for thank you page
2022-12-12T11:58:06+00:00 INFO End-Cartflows_Frontend::redirect_to_thankyou_page
2022-12-12T11:58:36+00:00 INFO Is weekly report enabled: enable
2022-12-12T11:58:36+00:00 INFO Is weekly report enabled: enable
2022-12-12T11:58:37+00:00 INFO Is weekly report enabled: enable
2022-12-12T11:58:38+00:00 INFO Is weekly report enabled: enable
2022-12-12T11:58:43+00:00 INFO Is weekly report enabled: enable
2022-12-12T11:58:45+00:00 INFO Is weekly report enabled: enable
2022-12-12T11:58:46+00:00 INFO Is weekly report enabled: enable
2022-12-12T11:58:47+00:00 INFO Is weekly report enabled: enable
2022-12-12T11:58:53+00:00 INFO Is weekly report enabled: enable
2022-12-12T11:58:54+00:00 INFO Is weekly report enabled: enable
2022-12-12T11:58:56+00:00 INFO Is weekly report enabled: enable
2022-12-12T11:58:57+00:00 INFO Is weekly report enabled: enable
2022-12-12T11:58:59+00:00 INFO Is weekly report enabled: enable
2022-12-12T11:59:05+00:00 INFO Is weekly report enabled: enable
2022-12-12T11:59:07+00:00 INFO Start-Cartflows_Frontend::redirect_to_thankyou_page
2022-12-12T11:59:07+00:00 INFO Only for thank you page
2022-12-12T11:59:07+00:00 INFO End-Cartflows_Frontend::redirect_to_thankyou_page
2022-12-12T11:59:25+00:00 INFO Is weekly report enabled: enable
2022-12-12T11:59:25+00:00 INFO Is weekly report enabled: enable
2022-12-12T11:59:29+00:00 INFO Is weekly report enabled: enable
2022-12-12T11:59:31+00:00 INFO Is weekly report enabled: enable
2022-12-12T11:59:31+00:00 INFO Is weekly report enabled: enable
2022-12-12T11:59:32+00:00 INFO Is weekly report enabled: enable
2022-12-12T11:59:45+00:00 INFO Is weekly report enabled: enable
2022-12-12T11:59:46+00:00 INFO Is weekly report enabled: enable
2022-12-12T11:59:46+00:00 INFO Is weekly report enabled: enable
2022-12-12T11:59:47+00:00 INFO Is weekly report enabled: enable
2022-12-12T11:59:48+00:00 INFO Is weekly report enabled: enable
2022-12-12T11:59:48+00:00 INFO Is weekly report enabled: enable
2022-12-12T11:59:54+00:00 INFO Is weekly report enabled: enable
2022-12-12T11:59:57+00:00 INFO Is weekly report enabled: enable
2022-12-12T12:00:04+00:00 INFO Is weekly report enabled: enable
2022-12-12T12:00:09+00:00 INFO Start-Cartflows_Frontend::redirect_to_thankyou_page
2022-12-12T12:00:09+00:00 INFO Only for thank you page
2022-12-12T12:00:09+00:00 INFO End-Cartflows_Frontend::redirect_to_thankyou_page
2022-12-12T12:00:16+00:00 INFO Is weekly report enabled: enable
2022-12-12T12:00:20+00:00 INFO Is weekly report enabled: enable
2022-12-12T12:01:06+00:00 INFO Is weekly report enabled: enable
2022-12-12T12:01:07+00:00 INFO Is weekly report enabled: enable
2022-12-12T12:01:21+00:00 INFO Is weekly report enabled: enable
2022-12-12T12:03:06+00:00 INFO Is weekly report enabled: enable
2022-12-12T12:03:08+00:00 INFO Is weekly report enabled: enable
2022-12-12T12:03:21+00:00 INFO Is weekly report enabled: enable
2022-12-12T12:04:24+00:00 INFO Is weekly report enabled: enable
2022-12-12T12:05:07+00:00 INFO Is weekly report enabled: enable
2022-12-12T12:05:25+00:00 INFO Is weekly report enabled: enable
2022-12-12T12:05:25+00:00 INFO Is weekly report enabled: enable
2022-12-12T12:05:26+00:00 INFO Is weekly report enabled: enable
2022-12-12T12:05:27+00:00 INFO Is weekly report enabled: enable
2022-12-12T12:06:24+00:00 INFO Is weekly report enabled: enable
2022-12-12T12:07:08+00:00 INFO Is weekly report enabled: enable
2022-12-12T12:08:25+00:00 INFO Is weekly report enabled: enable
2022-12-12T12:08:27+00:00 INFO Is weekly report enabled: enable
2022-12-12T12:09:09+00:00 INFO Is weekly report enabled: enable
2022-12-12T12:10:26+00:00 INFO Is weekly report enabled: enable
2022-12-12T12:10:28+00:00 INFO Is weekly report enabled: enable
2022-12-12T12:11:10+00:00 INFO Is weekly report enabled: enable
2022-12-12T12:12:28+00:00 INFO Is weekly report enabled: enable
2022-12-12T12:12:29+00:00 INFO Is weekly report enabled: enable
2022-12-12T12:17:04+00:00 INFO Is weekly report enabled: enable
2022-12-12T12:17:05+00:00 INFO Is weekly report enabled: enable
2022-12-12T12:17:09+00:00 INFO Is weekly report enabled: enable
2022-12-12T12:17:15+00:00 INFO Is weekly report enabled: enable
2022-12-12T12:17:15+00:00 INFO Is weekly report enabled: enable
2022-12-12T12:17:22+00:00 INFO Is weekly report enabled: enable
2022-12-12T12:17:26+00:00 INFO Is weekly report enabled: enable
2022-12-12T12:17:31+00:00 INFO Is weekly report enabled: enable
2022-12-12T12:17:38+00:00 INFO Is weekly report enabled: enable
2022-12-12T12:17:53+00:00 INFO Is weekly report enabled: enable
2022-12-12T12:17:56+00:00 INFO Is weekly report enabled: enable
2022-12-12T12:18:04+00:00 INFO Is weekly report enabled: enable
2022-12-12T12:18:38+00:00 INFO Is weekly report enabled: enable
2022-12-12T12:19:04+00:00 INFO Is weekly report enabled: enable
2022-12-12T12:19:28+00:00 INFO Is weekly report enabled: enable
2022-12-12T12:19:56+00:00 INFO Is weekly report enabled: enable
2022-12-12T12:19:59+00:00 INFO Is weekly report enabled: enable
2022-12-12T12:20:00+00:00 INFO Is weekly report enabled: enable
2022-12-12T12:20:01+00:00 INFO Is weekly report enabled: enable
2022-12-12T12:20:02+00:00 INFO Is weekly report enabled: enable
2022-12-12T12:20:04+00:00 INFO Is weekly report enabled: enable
2022-12-12T12:20:04+00:00 INFO Is weekly report enabled: enable
2022-12-12T12:20:31+00:00 INFO Start-Cartflows_Frontend::redirect_to_thankyou_page
2022-12-12T12:20:31+00:00 INFO Only for thank you page
2022-12-12T12:20:31+00:00 INFO End-Cartflows_Frontend::redirect_to_thankyou_page
2022-12-12T12:20:39+00:00 INFO Is weekly report enabled: enable
2022-12-12T12:22:06+00:00 INFO Is weekly report enabled: enable
2022-12-12T12:22:07+00:00 INFO Is weekly report enabled: enable
2022-12-12T12:22:40+00:00 INFO Is weekly report enabled: enable
2022-12-12T12:24:07+00:00 INFO Is weekly report enabled: enable
2022-12-12T12:24:08+00:00 INFO Is weekly report enabled: enable
2022-12-12T12:24:42+00:00 INFO Is weekly report enabled: enable
2022-12-12T12:26:07+00:00 INFO Is weekly report enabled: enable
2022-12-12T12:26:09+00:00 INFO Is weekly report enabled: enable
2022-12-12T12:26:42+00:00 INFO Is weekly report enabled: enable
2022-12-12T12:28:08+00:00 INFO Is weekly report enabled: enable
2022-12-12T12:28:10+00:00 INFO Is weekly report enabled: enable
2022-12-12T12:28:43+00:00 INFO Is weekly report enabled: enable
2022-12-12T12:30:45+00:00 INFO Is weekly report enabled: enable
2022-12-12T12:30:47+00:00 INFO Is weekly report enabled: enable
2022-12-12T12:32:46+00:00 INFO Is weekly report enabled: enable
2022-12-12T12:32:48+00:00 INFO Is weekly report enabled: enable
2022-12-12T12:34:47+00:00 INFO Is weekly report enabled: enable
2022-12-12T12:36:48+00:00 INFO Is weekly report enabled: enable
2022-12-12T12:36:50+00:00 INFO Is weekly report enabled: enable
2022-12-12T12:38:50+00:00 INFO Is weekly report enabled: enable
2022-12-12T12:38:51+00:00 INFO Is weekly report enabled: enable
2022-12-12T12:40:50+00:00 INFO Is weekly report enabled: enable
2022-12-12T12:40:52+00:00 INFO Is weekly report enabled: enable
2022-12-12T12:42:51+00:00 INFO Is weekly report enabled: enable
2022-12-12T12:42:53+00:00 INFO Is weekly report enabled: enable
2022-12-12T12:44:52+00:00 INFO Is weekly report enabled: enable
2022-12-12T12:44:54+00:00 INFO Is weekly report enabled: enable
2022-12-12T12:46:54+00:00 INFO Is weekly report enabled: enable
2022-12-12T12:46:55+00:00 INFO Is weekly report enabled: enable
2022-12-12T12:48:55+00:00 INFO Is weekly report enabled: enable
2022-12-12T12:48:56+00:00 INFO Is weekly report enabled: enable
2022-12-12T12:50:56+00:00 INFO Is weekly report enabled: enable
2022-12-12T12:50:57+00:00 INFO Is weekly report enabled: enable
2022-12-12T12:52:57+00:00 INFO Is weekly report enabled: enable
2022-12-12T12:52:58+00:00 INFO Is weekly report enabled: enable
2022-12-12T12:54:57+00:00 INFO Is weekly report enabled: enable
2022-12-12T12:54:59+00:00 INFO Is weekly report enabled: enable
2022-12-12T12:56:59+00:00 INFO Is weekly report enabled: enable
2022-12-12T12:57:00+00:00 INFO Is weekly report enabled: enable
2022-12-12T12:59:00+00:00 INFO Is weekly report enabled: enable
2022-12-12T12:59:01+00:00 INFO Is weekly report enabled: enable
2022-12-12T13:01:01+00:00 INFO Is weekly report enabled: enable
2022-12-12T13:01:02+00:00 INFO Is weekly report enabled: enable
2022-12-12T13:03:02+00:00 INFO Is weekly report enabled: enable
2022-12-12T13:03:03+00:00 INFO Is weekly report enabled: enable
2022-12-12T13:05:35+00:00 INFO Is weekly report enabled: enable
2022-12-12T13:07:04+00:00 INFO Is weekly report enabled: enable
2022-12-12T13:09:05+00:00 INFO Is weekly report enabled: enable
2022-12-12T13:09:06+00:00 INFO Is weekly report enabled: enable
2022-12-12T13:11:06+00:00 INFO Is weekly report enabled: enable
2022-12-12T13:11:07+00:00 INFO Is weekly report enabled: enable
2022-12-12T13:13:07+00:00 INFO Is weekly report enabled: enable
2022-12-12T13:13:08+00:00 INFO Is weekly report enabled: enable
2022-12-12T13:15:08+00:00 INFO Is weekly report enabled: enable
2022-12-12T13:15:09+00:00 INFO Is weekly report enabled: enable
2022-12-12T13:17:09+00:00 INFO Is weekly report enabled: enable
2022-12-12T13:17:10+00:00 INFO Is weekly report enabled: enable
2022-12-12T13:19:10+00:00 INFO Is weekly report enabled: enable
2022-12-12T13:19:11+00:00 INFO Is weekly report enabled: enable
2022-12-12T13:21:11+00:00 INFO Is weekly report enabled: enable
2022-12-12T13:21:12+00:00 INFO Is weekly report enabled: enable
2022-12-12T13:23:12+00:00 INFO Is weekly report enabled: enable
2022-12-12T13:23:13+00:00 INFO Is weekly report enabled: enable
2022-12-12T13:25:13+00:00 INFO Is weekly report enabled: enable
2022-12-12T13:25:14+00:00 INFO Is weekly report enabled: enable
2022-12-12T13:27:16+00:00 INFO Is weekly report enabled: enable
2022-12-12T13:27:17+00:00 INFO Is weekly report enabled: enable
2022-12-12T18:03:26+00:00 INFO Is weekly report enabled: enable
2022-12-12T18:03:27+00:00 INFO Is weekly report enabled: enable
2022-12-12T18:03:27+00:00 INFO Start-Cartflows_Admin_Report_Emails::send_weekly_report_email
2022-12-12T18:03:27+00:00 INFO Send weekly emails to eeyad334@gmail.com
2022-12-12T18:03:27+00:00 INFO Total Revenue: 0.00
2022-12-12T18:03:36+00:00 INFO Is weekly report enabled: enable
2022-12-12T18:05:26+00:00 INFO Is weekly report enabled: enable
2022-12-12T18:07:27+00:00 INFO Is weekly report enabled: enable
2022-12-12T18:07:29+00:00 INFO Is weekly report enabled: enable
2022-12-12T18:09:28+00:00 INFO Is weekly report enabled: enable
2022-12-12T18:09:29+00:00 INFO Is weekly report enabled: enable
2022-12-12T18:11:29+00:00 INFO Is weekly report enabled: enable
2022-12-12T18:11:30+00:00 INFO Is weekly report enabled: enable
2022-12-12T18:13:30+00:00 INFO Is weekly report enabled: enable
2022-12-12T18:13:31+00:00 INFO Is weekly report enabled: enable
2022-12-12T18:15:31+00:00 INFO Is weekly report enabled: enable
2022-12-12T18:15:32+00:00 INFO Is weekly report enabled: enable
2022-12-12T18:17:32+00:00 INFO Is weekly report enabled: enable
2022-12-12T18:17:33+00:00 INFO Is weekly report enabled: enable
2022-12-12T18:19:33+00:00 INFO Is weekly report enabled: enable
2022-12-12T18:19:34+00:00 INFO Is weekly report enabled: enable
2022-12-12T18:21:34+00:00 INFO Is weekly report enabled: enable
2022-12-12T18:21:35+00:00 INFO Is weekly report enabled: enable
2022-12-12T18:23:35+00:00 INFO Is weekly report enabled: enable
2022-12-12T18:23:36+00:00 INFO Is weekly report enabled: enable
2022-12-12T18:25:36+00:00 INFO Is weekly report enabled: enable
2022-12-12T18:25:37+00:00 INFO Is weekly report enabled: enable
2022-12-12T18:27:37+00:00 INFO Is weekly report enabled: enable
2022-12-12T18:27:38+00:00 INFO Is weekly report enabled: enable
2022-12-12T18:29:38+00:00 INFO Is weekly report enabled: enable
2022-12-12T18:29:39+00:00 INFO Is weekly report enabled: enable
2022-12-12T18:31:39+00:00 INFO Is weekly report enabled: enable
2022-12-12T18:31:40+00:00 INFO Is weekly report enabled: enable
2022-12-12T18:33:40+00:00 INFO Is weekly report enabled: enable
2022-12-12T18:33:41+00:00 INFO Is weekly report enabled: enable
2022-12-12T18:35:41+00:00 INFO Is weekly report enabled: enable
2022-12-12T18:35:42+00:00 INFO Is weekly report enabled: enable
2022-12-12T18:37:42+00:00 INFO Is weekly report enabled: enable
2022-12-12T18:37:43+00:00 INFO Is weekly report enabled: enable
2022-12-12T18:39:43+00:00 INFO Is weekly report enabled: enable
2022-12-12T18:39:44+00:00 INFO Is weekly report enabled: enable
2022-12-12T18:41:44+00:00 INFO Is weekly report enabled: enable
2022-12-12T18:41:45+00:00 INFO Is weekly report enabled: enable
2022-12-12T18:43:45+00:00 INFO Is weekly report enabled: enable
2022-12-12T18:43:46+00:00 INFO Is weekly report enabled: enable
2022-12-12T18:45:46+00:00 INFO Is weekly report enabled: enable
2022-12-12T18:45:47+00:00 INFO Is weekly report enabled: enable
2022-12-12T18:47:47+00:00 INFO Is weekly report enabled: enable
2022-12-12T18:47:48+00:00 INFO Is weekly report enabled: enable
2022-12-12T18:49:48+00:00 INFO Is weekly report enabled: enable
2022-12-12T18:49:49+00:00 INFO Is weekly report enabled: enable
2022-12-12T18:51:49+00:00 INFO Is weekly report enabled: enable
2022-12-12T18:51:50+00:00 INFO Is weekly report enabled: enable
2022-12-12T18:53:50+00:00 INFO Is weekly report enabled: enable
2022-12-12T18:53:51+00:00 INFO Is weekly report enabled: enable
2022-12-12T18:55:51+00:00 INFO Is weekly report enabled: enable
2022-12-12T18:55:52+00:00 INFO Is weekly report enabled: enable
2022-12-12T18:57:52+00:00 INFO Is weekly report enabled: enable
2022-12-12T18:57:53+00:00 INFO Is weekly report enabled: enable
2022-12-12T18:59:53+00:00 INFO Is weekly report enabled: enable
2022-12-12T18:59:54+00:00 INFO Is weekly report enabled: enable
2022-12-12T19:01:54+00:00 INFO Is weekly report enabled: enable
2022-12-12T19:01:55+00:00 INFO Is weekly report enabled: enable
2022-12-12T19:03:55+00:00 INFO Is weekly report enabled: enable
2022-12-12T19:05:56+00:00 INFO Is weekly report enabled: enable
2022-12-12T19:05:57+00:00 INFO Is weekly report enabled: enable
2022-12-12T19:07:57+00:00 INFO Is weekly report enabled: enable
2022-12-12T19:07:58+00:00 INFO Is weekly report enabled: enable
2022-12-12T19:09:58+00:00 INFO Is weekly report enabled: enable
2022-12-12T19:09:59+00:00 INFO Is weekly report enabled: enable
2022-12-12T19:11:59+00:00 INFO Is weekly report enabled: enable
2022-12-12T19:12:00+00:00 INFO Is weekly report enabled: enable
2022-12-12T19:14:00+00:00 INFO Is weekly report enabled: enable
2022-12-12T19:14:01+00:00 INFO Is weekly report enabled: enable
2022-12-12T19:16:01+00:00 INFO Is weekly report enabled: enable
2022-12-12T19:16:02+00:00 INFO Is weekly report enabled: enable
2022-12-12T19:18:02+00:00 INFO Is weekly report enabled: enable
2022-12-12T19:18:03+00:00 INFO Is weekly report enabled: enable
2022-12-12T19:20:03+00:00 INFO Is weekly report enabled: enable
2022-12-12T19:20:04+00:00 INFO Is weekly report enabled: enable
2022-12-12T19:22:04+00:00 INFO Is weekly report enabled: enable
2022-12-12T19:22:05+00:00 INFO Is weekly report enabled: enable
2022-12-12T19:24:05+00:00 INFO Is weekly report enabled: enable
2022-12-12T19:24:06+00:00 INFO Is weekly report enabled: enable
2022-12-12T19:24:07+00:00 INFO Is weekly report enabled: enable
2022-12-12T19:26:06+00:00 INFO Is weekly report enabled: enable
2022-12-12T19:28:07+00:00 INFO Is weekly report enabled: enable
2022-12-12T19:28:08+00:00 INFO Is weekly report enabled: enable
2022-12-12T19:28:08+00:00 INFO Is weekly report enabled: enable
2022-12-12T19:30:08+00:00 INFO Is weekly report enabled: enable
2022-12-12T19:30:09+00:00 INFO Is weekly report enabled: enable
2022-12-12T19:32:09+00:00 INFO Is weekly report enabled: enable
2022-12-12T19:32:10+00:00 INFO Is weekly report enabled: enable
2022-12-12T19:34:10+00:00 INFO Is weekly report enabled: enable
2022-12-12T19:34:11+00:00 INFO Is weekly report enabled: enable
2022-12-12T19:36:11+00:00 INFO Is weekly report enabled: enable
2022-12-12T19:36:12+00:00 INFO Is weekly report enabled: enable
2022-12-12T19:38:12+00:00 INFO Is weekly report enabled: enable
2022-12-12T19:38:13+00:00 INFO Is weekly report enabled: enable
2022-12-12T19:40:13+00:00 INFO Is weekly report enabled: enable
2022-12-12T19:40:14+00:00 INFO Is weekly report enabled: enable
2022-12-12T19:42:14+00:00 INFO Is weekly report enabled: enable
2022-12-12T19:42:15+00:00 INFO Is weekly report enabled: enable
2022-12-12T19:44:15+00:00 INFO Is weekly report enabled: enable
2022-12-12T19:44:16+00:00 INFO Is weekly report enabled: enable
2022-12-12T19:46:16+00:00 INFO Is weekly report enabled: enable
2022-12-12T19:46:17+00:00 INFO Is weekly report enabled: enable
2022-12-12T19:48:17+00:00 INFO Is weekly report enabled: enable
2022-12-12T19:48:18+00:00 INFO Is weekly report enabled: enable
2022-12-12T19:50:18+00:00 INFO Is weekly report enabled: enable
2022-12-12T19:50:19+00:00 INFO Is weekly report enabled: enable
2022-12-12T19:52:19+00:00 INFO Is weekly report enabled: enable
2022-12-12T19:52:20+00:00 INFO Is weekly report enabled: enable
2022-12-12T19:54:20+00:00 INFO Is weekly report enabled: enable
2022-12-12T19:54:21+00:00 INFO Is weekly report enabled: enable
2022-12-12T19:56:21+00:00 INFO Is weekly report enabled: enable
2022-12-12T19:56:22+00:00 INFO Is weekly report enabled: enable
2022-12-12T19:58:22+00:00 INFO Is weekly report enabled: enable
2022-12-12T19:58:23+00:00 INFO Is weekly report enabled: enable
2022-12-12T20:00:23+00:00 INFO Is weekly report enabled: enable
2022-12-12T20:00:24+00:00 INFO Is weekly report enabled: enable
2022-12-12T20:02:24+00:00 INFO Is weekly report enabled: enable
2022-12-12T20:02:25+00:00 INFO Is weekly report enabled: enable
2022-12-12T20:04:25+00:00 INFO Is weekly report enabled: enable
2022-12-12T20:06:26+00:00 INFO Is weekly report enabled: enable
2022-12-12T20:06:27+00:00 INFO Is weekly report enabled: enable
2022-12-12T20:08:27+00:00 INFO Is weekly report enabled: enable
2022-12-12T20:08:28+00:00 INFO Is weekly report enabled: enable
2022-12-12T20:10:28+00:00 INFO Is weekly report enabled: enable
2022-12-12T20:10:29+00:00 INFO Is weekly report enabled: enable
2022-12-12T20:12:29+00:00 INFO Is weekly report enabled: enable
2022-12-12T20:12:30+00:00 INFO Is weekly report enabled: enable
2022-12-12T20:14:30+00:00 INFO Is weekly report enabled: enable
2022-12-12T20:14:31+00:00 INFO Is weekly report enabled: enable
2022-12-12T20:16:31+00:00 INFO Is weekly report enabled: enable
2022-12-12T20:16:32+00:00 INFO Is weekly report enabled: enable
2022-12-12T20:18:32+00:00 INFO Is weekly report enabled: enable
2022-12-12T20:18:33+00:00 INFO Is weekly report enabled: enable
2022-12-12T20:20:33+00:00 INFO Is weekly report enabled: enable
2022-12-12T20:20:34+00:00 INFO Is weekly report enabled: enable
2022-12-12T20:22:34+00:00 INFO Is weekly report enabled: enable
2022-12-12T20:22:35+00:00 INFO Is weekly report enabled: enable
2022-12-12T20:24:35+00:00 INFO Is weekly report enabled: enable
2022-12-12T20:24:36+00:00 INFO Is weekly report enabled: enable
2022-12-12T20:26:36+00:00 INFO Is weekly report enabled: enable
2022-12-12T20:26:37+00:00 INFO Is weekly report enabled: enable
2022-12-12T20:28:37+00:00 INFO Is weekly report enabled: enable
2022-12-12T20:28:38+00:00 INFO Is weekly report enabled: enable
2022-12-12T20:30:38+00:00 INFO Is weekly report enabled: enable
2022-12-12T20:30:39+00:00 INFO Is weekly report enabled: enable
2022-12-12T20:32:39+00:00 INFO Is weekly report enabled: enable
2022-12-12T20:32:40+00:00 INFO Is weekly report enabled: enable
2022-12-12T20:34:40+00:00 INFO Is weekly report enabled: enable
2022-12-12T20:34:41+00:00 INFO Is weekly report enabled: enable
2022-12-12T20:36:41+00:00 INFO Is weekly report enabled: enable
2022-12-12T20:36:42+00:00 INFO Is weekly report enabled: enable
