2023-01-03T00:01:15+00:00 INFO Is weekly report enabled: enable
2023-01-03T00:01:17+00:00 INFO Is weekly report enabled: enable
2023-01-03T00:03:16+00:00 INFO Is weekly report enabled: enable
2023-01-03T00:03:18+00:00 INFO Is weekly report enabled: enable
2023-01-03T00:05:17+00:00 INFO Is weekly report enabled: enable
2023-01-03T00:05:19+00:00 INFO Is weekly report enabled: enable
2023-01-03T00:07:18+00:00 INFO Is weekly report enabled: enable
2023-01-03T00:07:20+00:00 INFO Is weekly report enabled: enable
2023-01-03T00:09:19+00:00 INFO Is weekly report enabled: enable
2023-01-03T00:09:21+00:00 INFO Is weekly report enabled: enable
2023-01-03T00:11:20+00:00 INFO Is weekly report enabled: enable
2023-01-03T00:11:22+00:00 INFO Is weekly report enabled: enable
2023-01-03T00:13:21+00:00 INFO Is weekly report enabled: enable
2023-01-03T00:13:23+00:00 INFO Is weekly report enabled: enable
2023-01-03T00:15:22+00:00 INFO Is weekly report enabled: enable
2023-01-03T00:15:24+00:00 INFO Is weekly report enabled: enable
2023-01-03T00:17:23+00:00 INFO Is weekly report enabled: enable
2023-01-03T00:17:25+00:00 INFO Is weekly report enabled: enable
2023-01-03T00:19:24+00:00 INFO Is weekly report enabled: enable
2023-01-03T00:19:26+00:00 INFO Is weekly report enabled: enable
2023-01-03T00:21:25+00:00 INFO Is weekly report enabled: enable
2023-01-03T00:21:27+00:00 INFO Is weekly report enabled: enable
2023-01-03T00:23:26+00:00 INFO Is weekly report enabled: enable
2023-01-03T00:23:28+00:00 INFO Is weekly report enabled: enable
2023-01-03T00:25:27+00:00 INFO Is weekly report enabled: enable
2023-01-03T00:25:29+00:00 INFO Is weekly report enabled: enable
2023-01-03T00:27:28+00:00 INFO Is weekly report enabled: enable
2023-01-03T00:27:30+00:00 INFO Is weekly report enabled: enable
2023-01-03T00:29:29+00:00 INFO Is weekly report enabled: enable
2023-01-03T00:29:31+00:00 INFO Is weekly report enabled: enable
2023-01-03T00:31:30+00:00 INFO Is weekly report enabled: enable
2023-01-03T00:31:32+00:00 INFO Is weekly report enabled: enable
2023-01-03T00:33:31+00:00 INFO Is weekly report enabled: enable
2023-01-03T00:33:33+00:00 INFO Is weekly report enabled: enable
2023-01-03T00:35:32+00:00 INFO Is weekly report enabled: enable
2023-01-03T00:35:34+00:00 INFO Is weekly report enabled: enable
2023-01-03T00:37:33+00:00 INFO Is weekly report enabled: enable
2023-01-03T00:37:35+00:00 INFO Is weekly report enabled: enable
2023-01-03T00:39:34+00:00 INFO Is weekly report enabled: enable
2023-01-03T00:39:36+00:00 INFO Is weekly report enabled: enable
2023-01-03T00:41:35+00:00 INFO Is weekly report enabled: enable
2023-01-03T00:41:37+00:00 INFO Is weekly report enabled: enable
2023-01-03T00:43:36+00:00 INFO Is weekly report enabled: enable
2023-01-03T00:43:38+00:00 INFO Is weekly report enabled: enable
2023-01-03T00:45:37+00:00 INFO Is weekly report enabled: enable
2023-01-03T00:45:39+00:00 INFO Is weekly report enabled: enable
2023-01-03T00:47:38+00:00 INFO Is weekly report enabled: enable
2023-01-03T00:47:40+00:00 INFO Is weekly report enabled: enable
2023-01-03T00:49:39+00:00 INFO Is weekly report enabled: enable
2023-01-03T00:49:41+00:00 INFO Is weekly report enabled: enable
2023-01-03T00:51:40+00:00 INFO Is weekly report enabled: enable
2023-01-03T00:53:41+00:00 INFO Is weekly report enabled: enable
2023-01-03T00:53:43+00:00 INFO Is weekly report enabled: enable
2023-01-03T00:55:42+00:00 INFO Is weekly report enabled: enable
2023-01-03T00:55:44+00:00 INFO Is weekly report enabled: enable
2023-01-03T00:57:43+00:00 INFO Is weekly report enabled: enable
2023-01-03T00:57:45+00:00 INFO Is weekly report enabled: enable
2023-01-03T00:59:44+00:00 INFO Is weekly report enabled: enable
2023-01-03T00:59:46+00:00 INFO Is weekly report enabled: enable
2023-01-03T01:01:45+00:00 INFO Is weekly report enabled: enable
2023-01-03T01:01:47+00:00 INFO Is weekly report enabled: enable
2023-01-03T01:03:46+00:00 INFO Is weekly report enabled: enable
2023-01-03T01:03:48+00:00 INFO Is weekly report enabled: enable
2023-01-03T01:05:47+00:00 INFO Is weekly report enabled: enable
2023-01-03T01:05:49+00:00 INFO Is weekly report enabled: enable
2023-01-03T01:07:48+00:00 INFO Is weekly report enabled: enable
2023-01-03T01:07:50+00:00 INFO Is weekly report enabled: enable
2023-01-03T01:09:49+00:00 INFO Is weekly report enabled: enable
2023-01-03T01:09:51+00:00 INFO Is weekly report enabled: enable
2023-01-03T01:11:50+00:00 INFO Is weekly report enabled: enable
2023-01-03T01:11:52+00:00 INFO Is weekly report enabled: enable
2023-01-03T01:13:51+00:00 INFO Is weekly report enabled: enable
2023-01-03T01:13:53+00:00 INFO Is weekly report enabled: enable
2023-01-03T01:15:52+00:00 INFO Is weekly report enabled: enable
2023-01-03T01:15:54+00:00 INFO Is weekly report enabled: enable
2023-01-03T01:17:53+00:00 INFO Is weekly report enabled: enable
2023-01-03T01:17:55+00:00 INFO Is weekly report enabled: enable
2023-01-03T01:19:54+00:00 INFO Is weekly report enabled: enable
2023-01-03T01:19:56+00:00 INFO Is weekly report enabled: enable
2023-01-03T01:21:55+00:00 INFO Is weekly report enabled: enable
2023-01-03T01:21:57+00:00 INFO Is weekly report enabled: enable
2023-01-03T01:23:56+00:00 INFO Is weekly report enabled: enable
2023-01-03T01:23:58+00:00 INFO Is weekly report enabled: enable
2023-01-03T01:25:57+00:00 INFO Is weekly report enabled: enable
2023-01-03T01:25:59+00:00 INFO Is weekly report enabled: enable
2023-01-03T01:27:58+00:00 INFO Is weekly report enabled: enable
2023-01-03T01:28:00+00:00 INFO Is weekly report enabled: enable
2023-01-03T01:29:58+00:00 INFO Is weekly report enabled: enable
2023-01-03T01:29:59+00:00 INFO Is weekly report enabled: enable
2023-01-03T01:31:59+00:00 INFO Is weekly report enabled: enable
2023-01-03T01:32:00+00:00 INFO Is weekly report enabled: enable
2023-01-03T01:34:00+00:00 INFO Is weekly report enabled: enable
2023-01-03T01:34:01+00:00 INFO Is weekly report enabled: enable
2023-01-03T01:36:01+00:00 INFO Is weekly report enabled: enable
2023-01-03T01:36:02+00:00 INFO Is weekly report enabled: enable
2023-01-03T01:38:02+00:00 INFO Is weekly report enabled: enable
2023-01-03T01:38:03+00:00 INFO Is weekly report enabled: enable
2023-01-03T01:40:03+00:00 INFO Is weekly report enabled: enable
2023-01-03T01:40:04+00:00 INFO Is weekly report enabled: enable
2023-01-03T01:42:04+00:00 INFO Is weekly report enabled: enable
2023-01-03T01:42:05+00:00 INFO Is weekly report enabled: enable
2023-01-03T01:44:05+00:00 INFO Is weekly report enabled: enable
2023-01-03T01:44:06+00:00 INFO Is weekly report enabled: enable
2023-01-03T01:46:06+00:00 INFO Is weekly report enabled: enable
2023-01-03T01:46:07+00:00 INFO Is weekly report enabled: enable
2023-01-03T01:48:07+00:00 INFO Is weekly report enabled: enable
2023-01-03T01:48:08+00:00 INFO Is weekly report enabled: enable
2023-01-03T01:50:08+00:00 INFO Is weekly report enabled: enable
2023-01-03T01:50:09+00:00 INFO Is weekly report enabled: enable
2023-01-03T01:52:09+00:00 INFO Is weekly report enabled: enable
2023-01-03T01:54:10+00:00 INFO Is weekly report enabled: enable
2023-01-03T01:54:11+00:00 INFO Is weekly report enabled: enable
2023-01-03T01:56:11+00:00 INFO Is weekly report enabled: enable
2023-01-03T01:56:12+00:00 INFO Is weekly report enabled: enable
2023-01-03T01:58:12+00:00 INFO Is weekly report enabled: enable
2023-01-03T01:58:13+00:00 INFO Is weekly report enabled: enable
2023-01-03T02:00:13+00:00 INFO Is weekly report enabled: enable
2023-01-03T02:00:14+00:00 INFO Is weekly report enabled: enable
2023-01-03T02:02:14+00:00 INFO Is weekly report enabled: enable
2023-01-03T02:02:15+00:00 INFO Is weekly report enabled: enable
2023-01-03T02:04:15+00:00 INFO Is weekly report enabled: enable
2023-01-03T02:04:16+00:00 INFO Is weekly report enabled: enable
2023-01-03T02:06:16+00:00 INFO Is weekly report enabled: enable
2023-01-03T02:06:17+00:00 INFO Is weekly report enabled: enable
2023-01-03T02:08:17+00:00 INFO Is weekly report enabled: enable
2023-01-03T02:08:18+00:00 INFO Is weekly report enabled: enable
2023-01-03T02:10:18+00:00 INFO Is weekly report enabled: enable
2023-01-03T02:10:19+00:00 INFO Is weekly report enabled: enable
2023-01-03T02:12:19+00:00 INFO Is weekly report enabled: enable
2023-01-03T02:12:20+00:00 INFO Is weekly report enabled: enable
2023-01-03T02:14:20+00:00 INFO Is weekly report enabled: enable
2023-01-03T02:14:21+00:00 INFO Is weekly report enabled: enable
2023-01-03T02:16:21+00:00 INFO Is weekly report enabled: enable
2023-01-03T02:16:22+00:00 INFO Is weekly report enabled: enable
2023-01-03T02:18:22+00:00 INFO Is weekly report enabled: enable
2023-01-03T02:18:23+00:00 INFO Is weekly report enabled: enable
2023-01-03T02:20:23+00:00 INFO Is weekly report enabled: enable
2023-01-03T02:20:24+00:00 INFO Is weekly report enabled: enable
2023-01-03T02:22:24+00:00 INFO Is weekly report enabled: enable
2023-01-03T02:22:25+00:00 INFO Is weekly report enabled: enable
2023-01-03T02:24:25+00:00 INFO Is weekly report enabled: enable
2023-01-03T02:24:26+00:00 INFO Is weekly report enabled: enable
2023-01-03T02:26:26+00:00 INFO Is weekly report enabled: enable
2023-01-03T02:26:27+00:00 INFO Is weekly report enabled: enable
2023-01-03T02:28:27+00:00 INFO Is weekly report enabled: enable
2023-01-03T02:28:28+00:00 INFO Is weekly report enabled: enable
2023-01-03T02:30:28+00:00 INFO Is weekly report enabled: enable
2023-01-03T02:30:29+00:00 INFO Is weekly report enabled: enable
2023-01-03T02:32:29+00:00 INFO Is weekly report enabled: enable
2023-01-03T02:32:30+00:00 INFO Is weekly report enabled: enable
2023-01-03T02:34:30+00:00 INFO Is weekly report enabled: enable
2023-01-03T02:34:31+00:00 INFO Is weekly report enabled: enable
2023-01-03T02:36:31+00:00 INFO Is weekly report enabled: enable
2023-01-03T02:36:32+00:00 INFO Is weekly report enabled: enable
2023-01-03T02:38:32+00:00 INFO Is weekly report enabled: enable
2023-01-03T02:38:33+00:00 INFO Is weekly report enabled: enable
2023-01-03T02:40:33+00:00 INFO Is weekly report enabled: enable
2023-01-03T02:40:34+00:00 INFO Is weekly report enabled: enable
2023-01-03T02:42:34+00:00 INFO Is weekly report enabled: enable
2023-01-03T02:42:35+00:00 INFO Is weekly report enabled: enable
2023-01-03T02:44:35+00:00 INFO Is weekly report enabled: enable
2023-01-03T02:44:36+00:00 INFO Is weekly report enabled: enable
2023-01-03T02:46:36+00:00 INFO Is weekly report enabled: enable
2023-01-03T02:46:37+00:00 INFO Is weekly report enabled: enable
2023-01-03T02:48:37+00:00 INFO Is weekly report enabled: enable
2023-01-03T02:48:38+00:00 INFO Is weekly report enabled: enable
2023-01-03T02:50:38+00:00 INFO Is weekly report enabled: enable
2023-01-03T02:50:39+00:00 INFO Is weekly report enabled: enable
2023-01-03T02:52:39+00:00 INFO Is weekly report enabled: enable
2023-01-03T02:54:40+00:00 INFO Is weekly report enabled: enable
2023-01-03T02:54:41+00:00 INFO Is weekly report enabled: enable
2023-01-03T02:56:41+00:00 INFO Is weekly report enabled: enable
2023-01-03T02:56:42+00:00 INFO Is weekly report enabled: enable
2023-01-03T02:58:42+00:00 INFO Is weekly report enabled: enable
2023-01-03T02:58:43+00:00 INFO Is weekly report enabled: enable
2023-01-03T03:00:43+00:00 INFO Is weekly report enabled: enable
2023-01-03T03:00:44+00:00 INFO Is weekly report enabled: enable
2023-01-03T03:02:44+00:00 INFO Is weekly report enabled: enable
2023-01-03T03:02:45+00:00 INFO Is weekly report enabled: enable
2023-01-03T03:04:45+00:00 INFO Is weekly report enabled: enable
2023-01-03T03:04:46+00:00 INFO Is weekly report enabled: enable
2023-01-03T03:06:46+00:00 INFO Is weekly report enabled: enable
2023-01-03T03:06:47+00:00 INFO Is weekly report enabled: enable
2023-01-03T03:08:47+00:00 INFO Is weekly report enabled: enable
2023-01-03T03:08:48+00:00 INFO Is weekly report enabled: enable
2023-01-03T03:10:48+00:00 INFO Is weekly report enabled: enable
2023-01-03T03:10:49+00:00 INFO Is weekly report enabled: enable
2023-01-03T03:12:49+00:00 INFO Is weekly report enabled: enable
2023-01-03T03:12:50+00:00 INFO Is weekly report enabled: enable
2023-01-03T03:14:50+00:00 INFO Is weekly report enabled: enable
2023-01-03T03:14:51+00:00 INFO Is weekly report enabled: enable
2023-01-03T03:16:51+00:00 INFO Is weekly report enabled: enable
2023-01-03T03:16:52+00:00 INFO Is weekly report enabled: enable
2023-01-03T03:18:52+00:00 INFO Is weekly report enabled: enable
2023-01-03T03:18:53+00:00 INFO Is weekly report enabled: enable
2023-01-03T03:20:53+00:00 INFO Is weekly report enabled: enable
2023-01-03T03:20:54+00:00 INFO Is weekly report enabled: enable
2023-01-03T03:22:54+00:00 INFO Is weekly report enabled: enable
2023-01-03T03:22:55+00:00 INFO Is weekly report enabled: enable
2023-01-03T03:24:55+00:00 INFO Is weekly report enabled: enable
2023-01-03T03:24:56+00:00 INFO Is weekly report enabled: enable
2023-01-03T03:26:56+00:00 INFO Is weekly report enabled: enable
2023-01-03T03:26:57+00:00 INFO Is weekly report enabled: enable
2023-01-03T03:28:57+00:00 INFO Is weekly report enabled: enable
2023-01-03T03:28:58+00:00 INFO Is weekly report enabled: enable
2023-01-03T03:30:58+00:00 INFO Is weekly report enabled: enable
2023-01-03T03:30:59+00:00 INFO Is weekly report enabled: enable
2023-01-03T03:32:59+00:00 INFO Is weekly report enabled: enable
2023-01-03T03:33:00+00:00 INFO Is weekly report enabled: enable
2023-01-03T03:35:00+00:00 INFO Is weekly report enabled: enable
2023-01-03T03:35:01+00:00 INFO Is weekly report enabled: enable
2023-01-03T03:37:01+00:00 INFO Is weekly report enabled: enable
2023-01-03T03:37:02+00:00 INFO Is weekly report enabled: enable
2023-01-03T03:39:02+00:00 INFO Is weekly report enabled: enable
2023-01-03T03:39:03+00:00 INFO Is weekly report enabled: enable
2023-01-03T03:41:03+00:00 INFO Is weekly report enabled: enable
2023-01-03T03:41:04+00:00 INFO Is weekly report enabled: enable
2023-01-03T03:43:04+00:00 INFO Is weekly report enabled: enable
2023-01-03T03:43:05+00:00 INFO Is weekly report enabled: enable
2023-01-03T03:45:05+00:00 INFO Is weekly report enabled: enable
2023-01-03T03:45:06+00:00 INFO Is weekly report enabled: enable
2023-01-03T03:47:06+00:00 INFO Is weekly report enabled: enable
2023-01-03T03:47:07+00:00 INFO Is weekly report enabled: enable
2023-01-03T03:49:07+00:00 INFO Is weekly report enabled: enable
2023-01-03T03:49:08+00:00 INFO Is weekly report enabled: enable
2023-01-03T03:51:08+00:00 INFO Is weekly report enabled: enable
2023-01-03T03:51:09+00:00 INFO Is weekly report enabled: enable
2023-01-03T03:53:09+00:00 INFO Is weekly report enabled: enable
2023-01-03T03:55:10+00:00 INFO Is weekly report enabled: enable
2023-01-03T03:55:11+00:00 INFO Is weekly report enabled: enable
2023-01-03T03:57:11+00:00 INFO Is weekly report enabled: enable
2023-01-03T03:57:12+00:00 INFO Is weekly report enabled: enable
2023-01-03T03:59:12+00:00 INFO Is weekly report enabled: enable
2023-01-03T03:59:13+00:00 INFO Is weekly report enabled: enable
2023-01-03T04:01:13+00:00 INFO Is weekly report enabled: enable
2023-01-03T04:01:14+00:00 INFO Is weekly report enabled: enable
2023-01-03T04:03:14+00:00 INFO Is weekly report enabled: enable
2023-01-03T04:03:15+00:00 INFO Is weekly report enabled: enable
2023-01-03T04:05:15+00:00 INFO Is weekly report enabled: enable
2023-01-03T04:05:16+00:00 INFO Is weekly report enabled: enable
2023-01-03T04:07:16+00:00 INFO Is weekly report enabled: enable
2023-01-03T04:07:17+00:00 INFO Is weekly report enabled: enable
2023-01-03T04:09:17+00:00 INFO Is weekly report enabled: enable
2023-01-03T04:09:18+00:00 INFO Is weekly report enabled: enable
2023-01-03T04:11:18+00:00 INFO Is weekly report enabled: enable
2023-01-03T04:11:19+00:00 INFO Is weekly report enabled: enable
2023-01-03T04:13:19+00:00 INFO Is weekly report enabled: enable
2023-01-03T04:13:20+00:00 INFO Is weekly report enabled: enable
2023-01-03T04:15:20+00:00 INFO Is weekly report enabled: enable
2023-01-03T04:15:21+00:00 INFO Is weekly report enabled: enable
2023-01-03T04:17:21+00:00 INFO Is weekly report enabled: enable
2023-01-03T04:17:22+00:00 INFO Is weekly report enabled: enable
2023-01-03T04:19:22+00:00 INFO Is weekly report enabled: enable
2023-01-03T04:19:23+00:00 INFO Is weekly report enabled: enable
2023-01-03T04:21:23+00:00 INFO Is weekly report enabled: enable
2023-01-03T04:21:24+00:00 INFO Is weekly report enabled: enable
2023-01-03T04:23:24+00:00 INFO Is weekly report enabled: enable
2023-01-03T04:23:25+00:00 INFO Is weekly report enabled: enable
2023-01-03T04:25:25+00:00 INFO Is weekly report enabled: enable
2023-01-03T04:25:26+00:00 INFO Is weekly report enabled: enable
2023-01-03T04:27:26+00:00 INFO Is weekly report enabled: enable
2023-01-03T04:27:27+00:00 INFO Is weekly report enabled: enable
2023-01-03T04:29:27+00:00 INFO Is weekly report enabled: enable
2023-01-03T04:29:28+00:00 INFO Is weekly report enabled: enable
2023-01-03T04:31:28+00:00 INFO Is weekly report enabled: enable
2023-01-03T04:31:29+00:00 INFO Is weekly report enabled: enable
2023-01-03T04:33:29+00:00 INFO Is weekly report enabled: enable
2023-01-03T04:33:30+00:00 INFO Is weekly report enabled: enable
2023-01-03T04:35:30+00:00 INFO Is weekly report enabled: enable
2023-01-03T04:35:31+00:00 INFO Is weekly report enabled: enable
2023-01-03T04:37:31+00:00 INFO Is weekly report enabled: enable
2023-01-03T04:37:32+00:00 INFO Is weekly report enabled: enable
2023-01-03T04:39:32+00:00 INFO Is weekly report enabled: enable
2023-01-03T04:39:33+00:00 INFO Is weekly report enabled: enable
2023-01-03T04:41:33+00:00 INFO Is weekly report enabled: enable
2023-01-03T04:41:34+00:00 INFO Is weekly report enabled: enable
2023-01-03T04:43:34+00:00 INFO Is weekly report enabled: enable
2023-01-03T04:43:35+00:00 INFO Is weekly report enabled: enable
2023-01-03T04:45:35+00:00 INFO Is weekly report enabled: enable
2023-01-03T04:45:36+00:00 INFO Is weekly report enabled: enable
2023-01-03T04:47:36+00:00 INFO Is weekly report enabled: enable
2023-01-03T04:47:37+00:00 INFO Is weekly report enabled: enable
2023-01-03T04:49:37+00:00 INFO Is weekly report enabled: enable
2023-01-03T04:49:38+00:00 INFO Is weekly report enabled: enable
2023-01-03T04:51:38+00:00 INFO Is weekly report enabled: enable
2023-01-03T04:51:39+00:00 INFO Is weekly report enabled: enable
2023-01-03T04:53:39+00:00 INFO Is weekly report enabled: enable
2023-01-03T04:55:40+00:00 INFO Is weekly report enabled: enable
2023-01-03T04:55:41+00:00 INFO Is weekly report enabled: enable
2023-01-03T04:57:41+00:00 INFO Is weekly report enabled: enable
2023-01-03T04:57:42+00:00 INFO Is weekly report enabled: enable
2023-01-03T04:59:42+00:00 INFO Is weekly report enabled: enable
2023-01-03T04:59:43+00:00 INFO Is weekly report enabled: enable
2023-01-03T05:01:43+00:00 INFO Is weekly report enabled: enable
2023-01-03T05:01:44+00:00 INFO Is weekly report enabled: enable
2023-01-03T05:03:44+00:00 INFO Is weekly report enabled: enable
2023-01-03T05:03:45+00:00 INFO Is weekly report enabled: enable
2023-01-03T05:05:45+00:00 INFO Is weekly report enabled: enable
2023-01-03T05:05:46+00:00 INFO Is weekly report enabled: enable
2023-01-03T05:07:46+00:00 INFO Is weekly report enabled: enable
2023-01-03T05:07:47+00:00 INFO Is weekly report enabled: enable
2023-01-03T05:09:47+00:00 INFO Is weekly report enabled: enable
2023-01-03T05:09:48+00:00 INFO Is weekly report enabled: enable
2023-01-03T05:11:48+00:00 INFO Is weekly report enabled: enable
2023-01-03T05:11:49+00:00 INFO Is weekly report enabled: enable
2023-01-03T05:13:49+00:00 INFO Is weekly report enabled: enable
2023-01-03T05:13:50+00:00 INFO Is weekly report enabled: enable
2023-01-03T05:15:50+00:00 INFO Is weekly report enabled: enable
2023-01-03T05:15:51+00:00 INFO Is weekly report enabled: enable
2023-01-03T05:17:51+00:00 INFO Is weekly report enabled: enable
2023-01-03T05:17:52+00:00 INFO Is weekly report enabled: enable
2023-01-03T05:19:52+00:00 INFO Is weekly report enabled: enable
2023-01-03T05:19:53+00:00 INFO Is weekly report enabled: enable
2023-01-03T05:21:53+00:00 INFO Is weekly report enabled: enable
2023-01-03T05:21:54+00:00 INFO Is weekly report enabled: enable
2023-01-03T05:23:54+00:00 INFO Is weekly report enabled: enable
2023-01-03T05:23:55+00:00 INFO Is weekly report enabled: enable
2023-01-03T05:25:55+00:00 INFO Is weekly report enabled: enable
2023-01-03T05:25:56+00:00 INFO Is weekly report enabled: enable
2023-01-03T05:27:56+00:00 INFO Is weekly report enabled: enable
2023-01-03T05:27:57+00:00 INFO Is weekly report enabled: enable
2023-01-03T05:29:57+00:00 INFO Is weekly report enabled: enable
2023-01-03T05:29:58+00:00 INFO Is weekly report enabled: enable
2023-01-03T05:31:58+00:00 INFO Is weekly report enabled: enable
2023-01-03T05:31:59+00:00 INFO Is weekly report enabled: enable
2023-01-03T05:33:59+00:00 INFO Is weekly report enabled: enable
2023-01-03T05:34:00+00:00 INFO Is weekly report enabled: enable
2023-01-03T05:36:00+00:00 INFO Is weekly report enabled: enable
2023-01-03T05:36:01+00:00 INFO Is weekly report enabled: enable
2023-01-03T05:38:01+00:00 INFO Is weekly report enabled: enable
2023-01-03T05:38:02+00:00 INFO Is weekly report enabled: enable
2023-01-03T05:40:02+00:00 INFO Is weekly report enabled: enable
2023-01-03T05:40:03+00:00 INFO Is weekly report enabled: enable
2023-01-03T05:42:03+00:00 INFO Is weekly report enabled: enable
2023-01-03T05:42:04+00:00 INFO Is weekly report enabled: enable
2023-01-03T05:44:04+00:00 INFO Is weekly report enabled: enable
2023-01-03T05:44:05+00:00 INFO Is weekly report enabled: enable
2023-01-03T05:46:05+00:00 INFO Is weekly report enabled: enable
2023-01-03T05:46:06+00:00 INFO Is weekly report enabled: enable
2023-01-03T05:48:06+00:00 INFO Is weekly report enabled: enable
2023-01-03T05:48:07+00:00 INFO Is weekly report enabled: enable
2023-01-03T05:50:07+00:00 INFO Is weekly report enabled: enable
2023-01-03T05:50:08+00:00 INFO Is weekly report enabled: enable
2023-01-03T05:52:08+00:00 INFO Is weekly report enabled: enable
2023-01-03T05:52:09+00:00 INFO Is weekly report enabled: enable
2023-01-03T05:54:09+00:00 INFO Is weekly report enabled: enable
2023-01-03T05:56:10+00:00 INFO Is weekly report enabled: enable
2023-01-03T05:56:11+00:00 INFO Is weekly report enabled: enable
2023-01-03T05:58:11+00:00 INFO Is weekly report enabled: enable
2023-01-03T05:58:12+00:00 INFO Is weekly report enabled: enable
2023-01-03T06:00:12+00:00 INFO Is weekly report enabled: enable
2023-01-03T06:00:13+00:00 INFO Is weekly report enabled: enable
2023-01-03T06:02:13+00:00 INFO Is weekly report enabled: enable
2023-01-03T06:02:14+00:00 INFO Is weekly report enabled: enable
2023-01-03T06:04:14+00:00 INFO Is weekly report enabled: enable
2023-01-03T06:04:15+00:00 INFO Is weekly report enabled: enable
2023-01-03T06:06:15+00:00 INFO Is weekly report enabled: enable
2023-01-03T06:06:16+00:00 INFO Is weekly report enabled: enable
2023-01-03T06:08:16+00:00 INFO Is weekly report enabled: enable
2023-01-03T06:08:17+00:00 INFO Is weekly report enabled: enable
2023-01-03T06:10:17+00:00 INFO Is weekly report enabled: enable
2023-01-03T06:12:18+00:00 INFO Is weekly report enabled: enable
2023-01-03T06:12:19+00:00 INFO Is weekly report enabled: enable
2023-01-03T06:14:19+00:00 INFO Is weekly report enabled: enable
2023-01-03T06:14:20+00:00 INFO Is weekly report enabled: enable
2023-01-03T06:16:20+00:00 INFO Is weekly report enabled: enable
2023-01-03T06:16:21+00:00 INFO Is weekly report enabled: enable
2023-01-03T06:18:21+00:00 INFO Is weekly report enabled: enable
2023-01-03T06:18:22+00:00 INFO Is weekly report enabled: enable
2023-01-03T06:20:22+00:00 INFO Is weekly report enabled: enable
2023-01-03T06:20:23+00:00 INFO Is weekly report enabled: enable
2023-01-03T06:22:23+00:00 INFO Is weekly report enabled: enable
2023-01-03T06:22:24+00:00 INFO Is weekly report enabled: enable
2023-01-03T06:24:24+00:00 INFO Is weekly report enabled: enable
2023-01-03T06:24:25+00:00 INFO Is weekly report enabled: enable
2023-01-03T06:26:25+00:00 INFO Is weekly report enabled: enable
2023-01-03T06:26:26+00:00 INFO Is weekly report enabled: enable
2023-01-03T06:28:26+00:00 INFO Is weekly report enabled: enable
2023-01-03T06:28:27+00:00 INFO Is weekly report enabled: enable
2023-01-03T06:30:27+00:00 INFO Is weekly report enabled: enable
2023-01-03T06:30:28+00:00 INFO Is weekly report enabled: enable
2023-01-03T06:32:28+00:00 INFO Is weekly report enabled: enable
2023-01-03T06:32:29+00:00 INFO Is weekly report enabled: enable
2023-01-03T06:34:29+00:00 INFO Is weekly report enabled: enable
2023-01-03T06:34:30+00:00 INFO Is weekly report enabled: enable
2023-01-03T06:36:30+00:00 INFO Is weekly report enabled: enable
2023-01-03T06:36:31+00:00 INFO Is weekly report enabled: enable
2023-01-03T06:38:31+00:00 INFO Is weekly report enabled: enable
2023-01-03T06:38:32+00:00 INFO Is weekly report enabled: enable
2023-01-03T06:40:32+00:00 INFO Is weekly report enabled: enable
2023-01-03T06:40:33+00:00 INFO Is weekly report enabled: enable
2023-01-03T06:42:33+00:00 INFO Is weekly report enabled: enable
2023-01-03T06:42:34+00:00 INFO Is weekly report enabled: enable
2023-01-03T06:44:34+00:00 INFO Is weekly report enabled: enable
2023-01-03T06:44:35+00:00 INFO Is weekly report enabled: enable
2023-01-03T06:46:35+00:00 INFO Is weekly report enabled: enable
2023-01-03T06:46:36+00:00 INFO Is weekly report enabled: enable
2023-01-03T06:48:36+00:00 INFO Is weekly report enabled: enable
2023-01-03T06:48:37+00:00 INFO Is weekly report enabled: enable
2023-01-03T06:51:08+00:00 INFO Is weekly report enabled: enable
2023-01-03T06:52:38+00:00 INFO Is weekly report enabled: enable
2023-01-03T06:54:39+00:00 INFO Is weekly report enabled: enable
2023-01-03T06:56:40+00:00 INFO Is weekly report enabled: enable
2023-01-03T06:56:41+00:00 INFO Is weekly report enabled: enable
2023-01-03T06:58:41+00:00 INFO Is weekly report enabled: enable
2023-01-03T06:58:42+00:00 INFO Is weekly report enabled: enable
2023-01-03T07:00:42+00:00 INFO Is weekly report enabled: enable
2023-01-03T07:00:43+00:00 INFO Is weekly report enabled: enable
2023-01-03T07:02:43+00:00 INFO Is weekly report enabled: enable
2023-01-03T07:02:44+00:00 INFO Is weekly report enabled: enable
2023-01-03T07:04:44+00:00 INFO Is weekly report enabled: enable
2023-01-03T07:04:45+00:00 INFO Is weekly report enabled: enable
2023-01-03T07:06:45+00:00 INFO Is weekly report enabled: enable
2023-01-03T07:06:46+00:00 INFO Is weekly report enabled: enable
2023-01-03T07:08:46+00:00 INFO Is weekly report enabled: enable
2023-01-03T07:08:47+00:00 INFO Is weekly report enabled: enable
2023-01-03T07:10:47+00:00 INFO Is weekly report enabled: enable
2023-01-03T07:10:48+00:00 INFO Is weekly report enabled: enable
2023-01-03T07:12:48+00:00 INFO Is weekly report enabled: enable
2023-01-03T07:12:49+00:00 INFO Is weekly report enabled: enable
2023-01-03T07:14:49+00:00 INFO Is weekly report enabled: enable
2023-01-03T07:14:50+00:00 INFO Is weekly report enabled: enable
2023-01-03T07:16:50+00:00 INFO Is weekly report enabled: enable
2023-01-03T07:16:51+00:00 INFO Is weekly report enabled: enable
2023-01-03T07:18:51+00:00 INFO Is weekly report enabled: enable
2023-01-03T07:18:53+00:00 INFO Is weekly report enabled: enable
2023-01-03T07:20:52+00:00 INFO Is weekly report enabled: enable
2023-01-03T07:20:53+00:00 INFO Is weekly report enabled: enable
2023-01-03T07:22:53+00:00 INFO Is weekly report enabled: enable
2023-01-03T07:22:54+00:00 INFO Is weekly report enabled: enable
2023-01-03T07:24:54+00:00 INFO Is weekly report enabled: enable
2023-01-03T07:24:55+00:00 INFO Is weekly report enabled: enable
2023-01-03T07:26:55+00:00 INFO Is weekly report enabled: enable
2023-01-03T07:26:56+00:00 INFO Is weekly report enabled: enable
2023-01-03T07:28:56+00:00 INFO Is weekly report enabled: enable
2023-01-03T07:28:57+00:00 INFO Is weekly report enabled: enable
2023-01-03T07:30:57+00:00 INFO Is weekly report enabled: enable
2023-01-03T07:30:58+00:00 INFO Is weekly report enabled: enable
2023-01-03T07:32:58+00:00 INFO Is weekly report enabled: enable
2023-01-03T07:32:59+00:00 INFO Is weekly report enabled: enable
2023-01-03T07:34:59+00:00 INFO Is weekly report enabled: enable
2023-01-03T07:35:00+00:00 INFO Is weekly report enabled: enable
2023-01-03T07:37:00+00:00 INFO Is weekly report enabled: enable
2023-01-03T07:37:01+00:00 INFO Is weekly report enabled: enable
2023-01-03T07:39:01+00:00 INFO Is weekly report enabled: enable
2023-01-03T07:39:02+00:00 INFO Is weekly report enabled: enable
2023-01-03T07:41:02+00:00 INFO Is weekly report enabled: enable
2023-01-03T07:41:03+00:00 INFO Is weekly report enabled: enable
2023-01-03T07:43:03+00:00 INFO Is weekly report enabled: enable
2023-01-03T07:43:04+00:00 INFO Is weekly report enabled: enable
2023-01-03T07:45:04+00:00 INFO Is weekly report enabled: enable
2023-01-03T07:45:05+00:00 INFO Is weekly report enabled: enable
2023-01-03T07:47:05+00:00 INFO Is weekly report enabled: enable
2023-01-03T07:47:06+00:00 INFO Is weekly report enabled: enable
2023-01-03T07:49:06+00:00 INFO Is weekly report enabled: enable
2023-01-03T07:49:07+00:00 INFO Is weekly report enabled: enable
2023-01-03T07:51:07+00:00 INFO Is weekly report enabled: enable
2023-01-03T07:51:08+00:00 INFO Is weekly report enabled: enable
2023-01-03T07:53:08+00:00 INFO Is weekly report enabled: enable
2023-01-03T07:53:09+00:00 INFO Is weekly report enabled: enable
2023-01-03T07:55:09+00:00 INFO Is weekly report enabled: enable
2023-01-03T07:57:10+00:00 INFO Is weekly report enabled: enable
2023-01-03T07:57:11+00:00 INFO Is weekly report enabled: enable
2023-01-03T07:59:11+00:00 INFO Is weekly report enabled: enable
2023-01-03T07:59:12+00:00 INFO Is weekly report enabled: enable
2023-01-03T08:01:12+00:00 INFO Is weekly report enabled: enable
2023-01-03T08:01:13+00:00 INFO Is weekly report enabled: enable
2023-01-03T08:03:13+00:00 INFO Is weekly report enabled: enable
2023-01-03T08:03:14+00:00 INFO Is weekly report enabled: enable
2023-01-03T08:05:14+00:00 INFO Is weekly report enabled: enable
2023-01-03T08:05:15+00:00 INFO Is weekly report enabled: enable
2023-01-03T08:07:15+00:00 INFO Is weekly report enabled: enable
2023-01-03T08:07:16+00:00 INFO Is weekly report enabled: enable
2023-01-03T08:09:16+00:00 INFO Is weekly report enabled: enable
2023-01-03T08:09:17+00:00 INFO Is weekly report enabled: enable
2023-01-03T08:11:17+00:00 INFO Is weekly report enabled: enable
2023-01-03T08:11:18+00:00 INFO Is weekly report enabled: enable
2023-01-03T08:13:18+00:00 INFO Is weekly report enabled: enable
2023-01-03T08:13:19+00:00 INFO Is weekly report enabled: enable
2023-01-03T08:15:19+00:00 INFO Is weekly report enabled: enable
2023-01-03T08:15:20+00:00 INFO Is weekly report enabled: enable
2023-01-03T08:15:27+00:00 INFO Is weekly report enabled: enable
2023-01-03T08:17:20+00:00 INFO Is weekly report enabled: enable
2023-01-03T08:19:21+00:00 INFO Is weekly report enabled: enable
2023-01-03T08:19:22+00:00 INFO Is weekly report enabled: enable
2023-01-03T08:21:22+00:00 INFO Is weekly report enabled: enable
2023-01-03T08:21:23+00:00 INFO Is weekly report enabled: enable
2023-01-03T08:23:23+00:00 INFO Is weekly report enabled: enable
2023-01-03T08:23:24+00:00 INFO Is weekly report enabled: enable
2023-01-03T08:25:24+00:00 INFO Is weekly report enabled: enable
2023-01-03T08:25:25+00:00 INFO Is weekly report enabled: enable
2023-01-03T08:27:25+00:00 INFO Is weekly report enabled: enable
2023-01-03T08:27:26+00:00 INFO Is weekly report enabled: enable
2023-01-03T08:29:26+00:00 INFO Is weekly report enabled: enable
2023-01-03T08:29:27+00:00 INFO Is weekly report enabled: enable
2023-01-03T08:31:27+00:00 INFO Is weekly report enabled: enable
2023-01-03T08:31:28+00:00 INFO Is weekly report enabled: enable
2023-01-03T08:31:29+00:00 INFO Is weekly report enabled: enable
2023-01-03T08:33:28+00:00 INFO Is weekly report enabled: enable
2023-01-03T08:33:29+00:00 INFO Is weekly report enabled: enable
2023-01-03T08:35:29+00:00 INFO Is weekly report enabled: enable
2023-01-03T08:35:30+00:00 INFO Is weekly report enabled: enable
2023-01-03T08:37:30+00:00 INFO Is weekly report enabled: enable
2023-01-03T08:37:31+00:00 INFO Is weekly report enabled: enable
2023-01-03T08:39:31+00:00 INFO Is weekly report enabled: enable
2023-01-03T08:39:32+00:00 INFO Is weekly report enabled: enable
2023-01-03T08:41:32+00:00 INFO Is weekly report enabled: enable
2023-01-03T08:41:33+00:00 INFO Is weekly report enabled: enable
2023-01-03T08:43:33+00:00 INFO Is weekly report enabled: enable
2023-01-03T08:43:34+00:00 INFO Is weekly report enabled: enable
2023-01-03T08:45:34+00:00 INFO Is weekly report enabled: enable
2023-01-03T08:45:35+00:00 INFO Is weekly report enabled: enable
2023-01-03T08:47:35+00:00 INFO Is weekly report enabled: enable
2023-01-03T08:47:36+00:00 INFO Is weekly report enabled: enable
2023-01-03T08:49:36+00:00 INFO Is weekly report enabled: enable
2023-01-03T08:49:37+00:00 INFO Is weekly report enabled: enable
2023-01-03T08:51:37+00:00 INFO Is weekly report enabled: enable
2023-01-03T08:51:38+00:00 INFO Is weekly report enabled: enable
2023-01-03T08:53:38+00:00 INFO Is weekly report enabled: enable
2023-01-03T08:53:39+00:00 INFO Is weekly report enabled: enable
2023-01-03T08:55:39+00:00 INFO Is weekly report enabled: enable
2023-01-03T08:57:40+00:00 INFO Is weekly report enabled: enable
2023-01-03T08:57:41+00:00 INFO Is weekly report enabled: enable
2023-01-03T08:59:41+00:00 INFO Is weekly report enabled: enable
2023-01-03T08:59:42+00:00 INFO Is weekly report enabled: enable
2023-01-03T09:01:42+00:00 INFO Is weekly report enabled: enable
2023-01-03T09:01:43+00:00 INFO Is weekly report enabled: enable
2023-01-03T09:03:43+00:00 INFO Is weekly report enabled: enable
2023-01-03T09:03:44+00:00 INFO Is weekly report enabled: enable
2023-01-03T09:05:44+00:00 INFO Is weekly report enabled: enable
2023-01-03T09:05:45+00:00 INFO Is weekly report enabled: enable
2023-01-03T09:07:45+00:00 INFO Is weekly report enabled: enable
2023-01-03T09:07:47+00:00 INFO Is weekly report enabled: enable
2023-01-03T09:09:46+00:00 INFO Is weekly report enabled: enable
2023-01-03T09:09:47+00:00 INFO Is weekly report enabled: enable
2023-01-03T09:11:47+00:00 INFO Is weekly report enabled: enable
2023-01-03T09:11:48+00:00 INFO Is weekly report enabled: enable
2023-01-03T09:13:48+00:00 INFO Is weekly report enabled: enable
2023-01-03T09:13:49+00:00 INFO Is weekly report enabled: enable
2023-01-03T09:15:49+00:00 INFO Is weekly report enabled: enable
2023-01-03T09:15:51+00:00 INFO Is weekly report enabled: enable
2023-01-03T09:17:50+00:00 INFO Is weekly report enabled: enable
2023-01-03T09:17:51+00:00 INFO Is weekly report enabled: enable
2023-01-03T09:19:51+00:00 INFO Is weekly report enabled: enable
2023-01-03T09:19:52+00:00 INFO Is weekly report enabled: enable
2023-01-03T09:21:52+00:00 INFO Is weekly report enabled: enable
2023-01-03T09:21:53+00:00 INFO Is weekly report enabled: enable
2023-01-03T09:23:53+00:00 INFO Is weekly report enabled: enable
2023-01-03T09:23:54+00:00 INFO Is weekly report enabled: enable
2023-01-03T09:25:54+00:00 INFO Is weekly report enabled: enable
2023-01-03T09:25:55+00:00 INFO Is weekly report enabled: enable
2023-01-03T09:27:55+00:00 INFO Is weekly report enabled: enable
2023-01-03T09:27:56+00:00 INFO Is weekly report enabled: enable
2023-01-03T09:29:56+00:00 INFO Is weekly report enabled: enable
2023-01-03T09:29:57+00:00 INFO Is weekly report enabled: enable
2023-01-03T09:31:57+00:00 INFO Is weekly report enabled: enable
2023-01-03T09:31:58+00:00 INFO Is weekly report enabled: enable
2023-01-03T09:33:58+00:00 INFO Is weekly report enabled: enable
2023-01-03T09:33:59+00:00 INFO Is weekly report enabled: enable
2023-01-03T09:35:59+00:00 INFO Is weekly report enabled: enable
2023-01-03T09:36:00+00:00 INFO Is weekly report enabled: enable
2023-01-03T09:38:00+00:00 INFO Is weekly report enabled: enable
2023-01-03T09:38:01+00:00 INFO Is weekly report enabled: enable
2023-01-03T09:40:01+00:00 INFO Is weekly report enabled: enable
2023-01-03T09:40:02+00:00 INFO Is weekly report enabled: enable
2023-01-03T09:42:02+00:00 INFO Is weekly report enabled: enable
2023-01-03T09:42:02+00:00 INFO Start-Cartflows_Admin_Report_Emails::send_weekly_report_email
2023-01-03T09:42:02+00:00 INFO Send weekly emails to eeyad334@gmail.com
2023-01-03T09:42:02+00:00 INFO Total Revenue: 0.00
2023-01-03T09:42:03+00:00 INFO Is weekly report enabled: enable
2023-01-03T09:44:03+00:00 INFO Is weekly report enabled: enable
2023-01-03T09:46:04+00:00 INFO Is weekly report enabled: enable
2023-01-03T09:46:05+00:00 INFO Is weekly report enabled: enable
2023-01-03T09:48:05+00:00 INFO Is weekly report enabled: enable
2023-01-03T09:48:06+00:00 INFO Is weekly report enabled: enable
2023-01-03T09:50:06+00:00 INFO Is weekly report enabled: enable
2023-01-03T09:50:07+00:00 INFO Is weekly report enabled: enable
2023-01-03T09:52:07+00:00 INFO Is weekly report enabled: enable
2023-01-03T09:52:08+00:00 INFO Is weekly report enabled: enable
2023-01-03T09:54:08+00:00 INFO Is weekly report enabled: enable
2023-01-03T09:54:09+00:00 INFO Is weekly report enabled: enable
2023-01-03T09:56:09+00:00 INFO Is weekly report enabled: enable
2023-01-03T09:58:10+00:00 INFO Is weekly report enabled: enable
2023-01-03T09:58:11+00:00 INFO Is weekly report enabled: enable
2023-01-03T10:00:11+00:00 INFO Is weekly report enabled: enable
2023-01-03T10:00:12+00:00 INFO Is weekly report enabled: enable
2023-01-03T10:02:12+00:00 INFO Is weekly report enabled: enable
2023-01-03T10:02:13+00:00 INFO Is weekly report enabled: enable
2023-01-03T10:04:13+00:00 INFO Is weekly report enabled: enable
2023-01-03T10:04:14+00:00 INFO Is weekly report enabled: enable
2023-01-03T10:06:14+00:00 INFO Is weekly report enabled: enable
2023-01-03T10:06:15+00:00 INFO Is weekly report enabled: enable
2023-01-03T10:08:15+00:00 INFO Is weekly report enabled: enable
2023-01-03T10:08:16+00:00 INFO Is weekly report enabled: enable
2023-01-03T10:10:16+00:00 INFO Is weekly report enabled: enable
2023-01-03T10:10:17+00:00 INFO Is weekly report enabled: enable
2023-01-03T10:12:17+00:00 INFO Is weekly report enabled: enable
2023-01-03T10:12:18+00:00 INFO Is weekly report enabled: enable
2023-01-03T10:14:18+00:00 INFO Is weekly report enabled: enable
2023-01-03T10:14:19+00:00 INFO Is weekly report enabled: enable
2023-01-03T10:16:19+00:00 INFO Is weekly report enabled: enable
2023-01-03T10:16:20+00:00 INFO Is weekly report enabled: enable
2023-01-03T10:18:20+00:00 INFO Is weekly report enabled: enable
2023-01-03T10:18:21+00:00 INFO Is weekly report enabled: enable
2023-01-03T10:20:21+00:00 INFO Is weekly report enabled: enable
2023-01-03T10:20:22+00:00 INFO Is weekly report enabled: enable
2023-01-03T10:22:22+00:00 INFO Is weekly report enabled: enable
2023-01-03T10:22:23+00:00 INFO Is weekly report enabled: enable
2023-01-03T10:24:23+00:00 INFO Is weekly report enabled: enable
2023-01-03T10:24:24+00:00 INFO Is weekly report enabled: enable
2023-01-03T10:26:24+00:00 INFO Is weekly report enabled: enable
2023-01-03T10:26:25+00:00 INFO Is weekly report enabled: enable
2023-01-03T10:28:25+00:00 INFO Is weekly report enabled: enable
2023-01-03T10:28:26+00:00 INFO Is weekly report enabled: enable
2023-01-03T10:30:26+00:00 INFO Is weekly report enabled: enable
2023-01-03T10:30:27+00:00 INFO Is weekly report enabled: enable
2023-01-03T10:32:27+00:00 INFO Is weekly report enabled: enable
2023-01-03T10:32:28+00:00 INFO Is weekly report enabled: enable
2023-01-03T10:34:28+00:00 INFO Is weekly report enabled: enable
2023-01-03T10:34:29+00:00 INFO Is weekly report enabled: enable
2023-01-03T10:36:29+00:00 INFO Is weekly report enabled: enable
2023-01-03T10:36:30+00:00 INFO Is weekly report enabled: enable
2023-01-03T10:38:30+00:00 INFO Is weekly report enabled: enable
2023-01-03T10:38:31+00:00 INFO Is weekly report enabled: enable
2023-01-03T10:40:31+00:00 INFO Is weekly report enabled: enable
2023-01-03T10:40:32+00:00 INFO Is weekly report enabled: enable
2023-01-03T10:42:32+00:00 INFO Is weekly report enabled: enable
2023-01-03T10:42:33+00:00 INFO Is weekly report enabled: enable
2023-01-03T10:44:33+00:00 INFO Is weekly report enabled: enable
2023-01-03T10:44:34+00:00 INFO Is weekly report enabled: enable
2023-01-03T10:46:34+00:00 INFO Is weekly report enabled: enable
2023-01-03T10:46:35+00:00 INFO Is weekly report enabled: enable
2023-01-03T10:48:35+00:00 INFO Is weekly report enabled: enable
2023-01-03T10:48:36+00:00 INFO Is weekly report enabled: enable
2023-01-03T10:50:36+00:00 INFO Is weekly report enabled: enable
2023-01-03T10:50:37+00:00 INFO Is weekly report enabled: enable
2023-01-03T10:52:37+00:00 INFO Is weekly report enabled: enable
2023-01-03T10:52:38+00:00 INFO Is weekly report enabled: enable
2023-01-03T10:54:38+00:00 INFO Is weekly report enabled: enable
2023-01-03T10:54:39+00:00 INFO Is weekly report enabled: enable
2023-01-03T10:56:39+00:00 INFO Is weekly report enabled: enable
2023-01-03T10:58:40+00:00 INFO Is weekly report enabled: enable
2023-01-03T10:58:41+00:00 INFO Is weekly report enabled: enable
2023-01-03T11:00:41+00:00 INFO Is weekly report enabled: enable
2023-01-03T11:00:42+00:00 INFO Is weekly report enabled: enable
2023-01-03T11:02:42+00:00 INFO Is weekly report enabled: enable
2023-01-03T11:02:43+00:00 INFO Is weekly report enabled: enable
2023-01-03T11:04:43+00:00 INFO Is weekly report enabled: enable
2023-01-03T11:04:44+00:00 INFO Is weekly report enabled: enable
2023-01-03T11:06:44+00:00 INFO Is weekly report enabled: enable
2023-01-03T11:06:45+00:00 INFO Is weekly report enabled: enable
2023-01-03T11:08:45+00:00 INFO Is weekly report enabled: enable
2023-01-03T11:08:46+00:00 INFO Is weekly report enabled: enable
2023-01-03T11:10:46+00:00 INFO Is weekly report enabled: enable
2023-01-03T11:10:47+00:00 INFO Is weekly report enabled: enable
2023-01-03T11:12:47+00:00 INFO Is weekly report enabled: enable
2023-01-03T11:12:48+00:00 INFO Is weekly report enabled: enable
2023-01-03T11:14:48+00:00 INFO Is weekly report enabled: enable
2023-01-03T11:14:49+00:00 INFO Is weekly report enabled: enable
2023-01-03T11:16:49+00:00 INFO Is weekly report enabled: enable
2023-01-03T11:16:50+00:00 INFO Is weekly report enabled: enable
2023-01-03T11:18:50+00:00 INFO Is weekly report enabled: enable
2023-01-03T11:18:51+00:00 INFO Is weekly report enabled: enable
2023-01-03T11:20:51+00:00 INFO Is weekly report enabled: enable
2023-01-03T11:20:52+00:00 INFO Is weekly report enabled: enable
2023-01-03T11:22:52+00:00 INFO Is weekly report enabled: enable
2023-01-03T11:22:53+00:00 INFO Is weekly report enabled: enable
2023-01-03T11:24:53+00:00 INFO Is weekly report enabled: enable
2023-01-03T11:24:54+00:00 INFO Is weekly report enabled: enable
2023-01-03T11:26:54+00:00 INFO Is weekly report enabled: enable
2023-01-03T11:26:55+00:00 INFO Is weekly report enabled: enable
2023-01-03T11:28:55+00:00 INFO Is weekly report enabled: enable
2023-01-03T11:28:56+00:00 INFO Is weekly report enabled: enable
2023-01-03T11:30:56+00:00 INFO Is weekly report enabled: enable
2023-01-03T11:30:57+00:00 INFO Is weekly report enabled: enable
2023-01-03T11:32:57+00:00 INFO Is weekly report enabled: enable
2023-01-03T11:32:58+00:00 INFO Is weekly report enabled: enable
2023-01-03T11:34:58+00:00 INFO Is weekly report enabled: enable
2023-01-03T11:34:59+00:00 INFO Is weekly report enabled: enable
2023-01-03T11:36:59+00:00 INFO Is weekly report enabled: enable
2023-01-03T11:37:00+00:00 INFO Is weekly report enabled: enable
2023-01-03T11:38:59+00:00 INFO Is weekly report enabled: enable
2023-01-03T11:39:00+00:00 INFO Is weekly report enabled: enable
2023-01-03T11:41:00+00:00 INFO Is weekly report enabled: enable
2023-01-03T11:43:02+00:00 INFO Is weekly report enabled: enable
2023-01-03T11:45:03+00:00 INFO Is weekly report enabled: enable
2023-01-03T11:45:04+00:00 INFO Is weekly report enabled: enable
2023-01-03T11:47:04+00:00 INFO Is weekly report enabled: enable
2023-01-03T11:47:05+00:00 INFO Is weekly report enabled: enable
2023-01-03T11:49:05+00:00 INFO Is weekly report enabled: enable
2023-01-03T11:49:06+00:00 INFO Is weekly report enabled: enable
2023-01-03T11:50:37+00:00 INFO Is weekly report enabled: enable
2023-01-03T11:51:37+00:00 INFO Is weekly report enabled: enable
2023-01-03T11:53:39+00:00 INFO Is weekly report enabled: enable
2023-01-03T11:55:40+00:00 INFO Is weekly report enabled: enable
2023-01-03T11:55:41+00:00 INFO Is weekly report enabled: enable
2023-01-03T11:56:41+00:00 INFO Is weekly report enabled: enable
2023-01-03T11:57:41+00:00 INFO Is weekly report enabled: enable
2023-01-03T11:58:43+00:00 INFO Is weekly report enabled: enable
2023-01-03T11:58:44+00:00 INFO Is weekly report enabled: enable
2023-01-03T12:00:44+00:00 INFO Is weekly report enabled: enable
2023-01-03T12:00:45+00:00 INFO Is weekly report enabled: enable
2023-01-03T12:02:45+00:00 INFO Is weekly report enabled: enable
2023-01-03T12:02:46+00:00 INFO Is weekly report enabled: enable
2023-01-03T12:04:46+00:00 INFO Is weekly report enabled: enable
2023-01-03T12:04:47+00:00 INFO Is weekly report enabled: enable
2023-01-03T12:06:47+00:00 INFO Is weekly report enabled: enable
2023-01-03T12:06:48+00:00 INFO Is weekly report enabled: enable
2023-01-03T13:00:00+00:00 INFO Is weekly report enabled: enable
2023-01-03T13:00:02+00:00 INFO Is weekly report enabled: enable
2023-01-03T13:02:06+00:00 INFO Is weekly report enabled: enable
2023-01-03T13:02:19+00:00 INFO Is weekly report enabled: enable
2023-01-03T13:02:41+00:00 INFO Is weekly report enabled: enable
2023-01-03T13:04:42+00:00 INFO Is weekly report enabled: enable
2023-01-03T13:04:43+00:00 INFO Is weekly report enabled: enable
2023-01-03T13:05:28+00:00 INFO Is weekly report enabled: enable
2023-01-03T13:05:46+00:00 INFO Is weekly report enabled: enable
2023-01-03T13:05:47+00:00 INFO Is weekly report enabled: enable
2023-01-03T13:06:47+00:00 INFO Is weekly report enabled: enable
2023-01-03T13:06:48+00:00 INFO Is weekly report enabled: enable
2023-01-03T13:06:55+00:00 INFO Is weekly report enabled: enable
2023-01-03T13:08:49+00:00 INFO Is weekly report enabled: enable
2023-01-03T13:08:50+00:00 INFO Is weekly report enabled: enable
2023-01-03T13:11:26+00:00 INFO Is weekly report enabled: enable
2023-01-03T13:11:44+00:00 INFO Is weekly report enabled: enable
2023-01-03T13:12:46+00:00 INFO Is weekly report enabled: enable
2023-01-03T13:12:48+00:00 INFO Is weekly report enabled: enable
2023-01-03T13:12:54+00:00 INFO Is weekly report enabled: enable
2023-01-03T13:13:02+00:00 INFO Is weekly report enabled: enable
2023-01-03T13:13:08+00:00 INFO Is weekly report enabled: enable
2023-01-03T13:13:15+00:00 INFO Is weekly report enabled: enable
2023-01-03T13:13:21+00:00 INFO Is weekly report enabled: enable
2023-01-03T13:13:28+00:00 INFO Is weekly report enabled: enable
2023-01-03T13:13:35+00:00 INFO Is weekly report enabled: enable
2023-01-03T13:13:41+00:00 INFO Is weekly report enabled: enable
2023-01-03T13:13:48+00:00 INFO Is weekly report enabled: enable
2023-01-03T13:24:47+00:00 INFO Is weekly report enabled: enable
2023-01-03T13:25:06+00:00 INFO Is weekly report enabled: enable
2023-01-03T13:25:30+00:00 INFO Is weekly report enabled: enable
2023-01-03T13:25:49+00:00 INFO Is weekly report enabled: enable
2023-01-03T13:25:50+00:00 INFO Is weekly report enabled: enable
2023-01-03T13:25:58+00:00 INFO Is weekly report enabled: enable
2023-01-03T13:26:00+00:00 INFO Is weekly report enabled: enable
2023-01-03T13:26:05+00:00 INFO Is weekly report enabled: enable
2023-01-03T13:26:22+00:00 INFO Is weekly report enabled: enable
2023-01-03T13:27:24+00:00 INFO Is weekly report enabled: enable
2023-01-03T13:27:25+00:00 INFO Is weekly report enabled: enable
2023-01-03T13:27:32+00:00 INFO Is weekly report enabled: enable
2023-01-03T13:27:38+00:00 INFO Is weekly report enabled: enable
2023-01-03T13:27:45+00:00 INFO Is weekly report enabled: enable
2023-01-03T13:27:52+00:00 INFO Is weekly report enabled: enable
2023-01-03T13:27:59+00:00 INFO Is weekly report enabled: enable
2023-01-03T13:28:06+00:00 INFO Is weekly report enabled: enable
2023-01-03T13:28:13+00:00 INFO Is weekly report enabled: enable
2023-01-03T13:28:19+00:00 INFO Is weekly report enabled: enable
2023-01-03T13:28:26+00:00 INFO Is weekly report enabled: enable
2023-01-03T13:29:25+00:00 INFO Is weekly report enabled: enable
2023-01-03T13:29:26+00:00 INFO Is weekly report enabled: enable
2023-01-03T13:29:33+00:00 INFO Is weekly report enabled: enable
2023-01-03T13:29:39+00:00 INFO Is weekly report enabled: enable
2023-01-03T13:29:46+00:00 INFO Is weekly report enabled: enable
2023-01-03T13:29:53+00:00 INFO Is weekly report enabled: enable
2023-01-03T13:30:00+00:00 INFO Is weekly report enabled: enable
2023-01-03T13:30:07+00:00 INFO Is weekly report enabled: enable
2023-01-03T13:31:26+00:00 INFO Is weekly report enabled: enable
2023-01-03T13:31:27+00:00 INFO Is weekly report enabled: enable
2023-01-03T13:31:34+00:00 INFO Is weekly report enabled: enable
2023-01-03T13:31:41+00:00 INFO Is weekly report enabled: enable
2023-01-03T13:31:47+00:00 INFO Is weekly report enabled: enable
2023-01-03T13:31:54+00:00 INFO Is weekly report enabled: enable
2023-01-03T13:32:02+00:00 INFO Is weekly report enabled: enable
2023-01-03T13:32:08+00:00 INFO Is weekly report enabled: enable
2023-01-03T13:32:15+00:00 INFO Is weekly report enabled: enable
2023-01-03T13:32:22+00:00 INFO Is weekly report enabled: enable
2023-01-03T13:32:28+00:00 INFO Is weekly report enabled: enable
2023-01-03T13:33:27+00:00 INFO Is weekly report enabled: enable
2023-01-03T13:33:28+00:00 INFO Is weekly report enabled: enable
2023-01-03T13:33:35+00:00 INFO Is weekly report enabled: enable
2023-01-03T13:33:42+00:00 INFO Is weekly report enabled: enable
2023-01-03T13:33:48+00:00 INFO Is weekly report enabled: enable
2023-01-03T13:33:55+00:00 INFO Is weekly report enabled: enable
2023-01-03T13:34:03+00:00 INFO Is weekly report enabled: enable
2023-01-03T13:34:09+00:00 INFO Is weekly report enabled: enable
2023-01-03T13:34:16+00:00 INFO Is weekly report enabled: enable
2023-01-03T13:34:23+00:00 INFO Is weekly report enabled: enable
2023-01-03T13:34:29+00:00 INFO Is weekly report enabled: enable
2023-01-03T13:35:28+00:00 INFO Is weekly report enabled: enable
2023-01-03T13:35:29+00:00 INFO Is weekly report enabled: enable
2023-01-03T13:35:36+00:00 INFO Is weekly report enabled: enable
2023-01-03T13:35:42+00:00 INFO Is weekly report enabled: enable
2023-01-03T13:35:49+00:00 INFO Is weekly report enabled: enable
2023-01-03T13:35:55+00:00 INFO Is weekly report enabled: enable
2023-01-03T13:36:03+00:00 INFO Is weekly report enabled: enable
2023-01-03T13:36:10+00:00 INFO Is weekly report enabled: enable
2023-01-03T13:36:16+00:00 INFO Is weekly report enabled: enable
2023-01-03T13:36:23+00:00 INFO Is weekly report enabled: enable
2023-01-03T13:36:29+00:00 INFO Is weekly report enabled: enable
2023-01-03T13:37:29+00:00 INFO Is weekly report enabled: enable
2023-01-03T13:37:30+00:00 INFO Is weekly report enabled: enable
2023-01-03T13:37:37+00:00 INFO Is weekly report enabled: enable
2023-01-03T13:37:43+00:00 INFO Is weekly report enabled: enable
2023-01-03T13:37:50+00:00 INFO Is weekly report enabled: enable
2023-01-03T13:37:56+00:00 INFO Is weekly report enabled: enable
2023-01-03T13:38:04+00:00 INFO Is weekly report enabled: enable
2023-01-03T13:38:11+00:00 INFO Is weekly report enabled: enable
2023-01-03T13:38:17+00:00 INFO Is weekly report enabled: enable
2023-01-03T13:38:24+00:00 INFO Is weekly report enabled: enable
2023-01-03T13:38:30+00:00 INFO Is weekly report enabled: enable
2023-01-03T14:29:35+00:00 INFO Is weekly report enabled: enable
2023-01-03T14:29:45+00:00 INFO Is weekly report enabled: enable
2023-01-03T14:31:45+00:00 INFO Is weekly report enabled: enable
2023-01-03T14:31:46+00:00 INFO Is weekly report enabled: enable
2023-01-03T14:33:46+00:00 INFO Is weekly report enabled: enable
2023-01-03T14:33:47+00:00 INFO Is weekly report enabled: enable
2023-01-03T14:35:47+00:00 INFO Is weekly report enabled: enable
2023-01-03T14:35:48+00:00 INFO Is weekly report enabled: enable
2023-01-03T14:37:48+00:00 INFO Is weekly report enabled: enable
2023-01-03T14:37:49+00:00 INFO Is weekly report enabled: enable
2023-01-03T14:39:49+00:00 INFO Is weekly report enabled: enable
2023-01-03T14:39:50+00:00 INFO Is weekly report enabled: enable
2023-01-03T14:41:50+00:00 INFO Is weekly report enabled: enable
2023-01-03T14:41:51+00:00 INFO Is weekly report enabled: enable
2023-01-03T14:43:51+00:00 INFO Is weekly report enabled: enable
2023-01-03T14:43:53+00:00 INFO Is weekly report enabled: enable
2023-01-03T14:45:52+00:00 INFO Is weekly report enabled: enable
2023-01-03T14:45:54+00:00 INFO Is weekly report enabled: enable
2023-01-03T14:48:33+00:00 INFO Is weekly report enabled: enable
2023-01-03T14:49:54+00:00 INFO Is weekly report enabled: enable
2023-01-03T14:51:55+00:00 INFO Is weekly report enabled: enable
2023-01-03T14:51:57+00:00 INFO Is weekly report enabled: enable
2023-01-03T14:53:56+00:00 INFO Is weekly report enabled: enable
2023-01-03T14:53:58+00:00 INFO Is weekly report enabled: enable
2023-01-03T14:55:57+00:00 INFO Is weekly report enabled: enable
2023-01-03T14:55:58+00:00 INFO Is weekly report enabled: enable
2023-01-03T14:57:58+00:00 INFO Is weekly report enabled: enable
2023-01-03T14:57:59+00:00 INFO Is weekly report enabled: enable
2023-01-03T14:59:59+00:00 INFO Is weekly report enabled: enable
2023-01-03T15:00:00+00:00 INFO Is weekly report enabled: enable
2023-01-03T15:02:00+00:00 INFO Is weekly report enabled: enable
2023-01-03T15:02:02+00:00 INFO Is weekly report enabled: enable
2023-01-03T15:04:01+00:00 INFO Is weekly report enabled: enable
2023-01-03T15:04:02+00:00 INFO Is weekly report enabled: enable
2023-01-03T15:06:02+00:00 INFO Is weekly report enabled: enable
2023-01-03T15:06:03+00:00 INFO Is weekly report enabled: enable
2023-01-03T15:08:03+00:00 INFO Is weekly report enabled: enable
2023-01-03T15:08:04+00:00 INFO Is weekly report enabled: enable
2023-01-03T15:10:04+00:00 INFO Is weekly report enabled: enable
2023-01-03T15:10:05+00:00 INFO Is weekly report enabled: enable
2023-01-03T15:12:05+00:00 INFO Is weekly report enabled: enable
2023-01-03T15:12:06+00:00 INFO Is weekly report enabled: enable
2023-01-03T15:14:06+00:00 INFO Is weekly report enabled: enable
2023-01-03T15:14:07+00:00 INFO Is weekly report enabled: enable
2023-01-03T15:16:07+00:00 INFO Is weekly report enabled: enable
2023-01-03T15:16:09+00:00 INFO Is weekly report enabled: enable
2023-01-03T15:18:08+00:00 INFO Is weekly report enabled: enable
2023-01-03T15:18:09+00:00 INFO Is weekly report enabled: enable
2023-01-03T15:20:09+00:00 INFO Is weekly report enabled: enable
2023-01-03T15:20:10+00:00 INFO Is weekly report enabled: enable
2023-01-03T15:22:10+00:00 INFO Is weekly report enabled: enable
2023-01-03T15:22:11+00:00 INFO Is weekly report enabled: enable
2023-01-03T15:24:11+00:00 INFO Is weekly report enabled: enable
2023-01-03T15:24:13+00:00 INFO Is weekly report enabled: enable
2023-01-03T15:26:12+00:00 INFO Is weekly report enabled: enable
2023-01-03T15:26:14+00:00 INFO Is weekly report enabled: enable
2023-01-03T15:28:13+00:00 INFO Is weekly report enabled: enable
2023-01-03T15:28:15+00:00 INFO Is weekly report enabled: enable
2023-01-03T15:30:14+00:00 INFO Is weekly report enabled: enable
2023-01-03T15:30:15+00:00 INFO Is weekly report enabled: enable
2023-01-03T15:32:15+00:00 INFO Is weekly report enabled: enable
2023-01-03T15:32:16+00:00 INFO Is weekly report enabled: enable
2023-01-03T15:34:16+00:00 INFO Is weekly report enabled: enable
2023-01-03T15:34:17+00:00 INFO Is weekly report enabled: enable
2023-01-03T15:36:17+00:00 INFO Is weekly report enabled: enable
2023-01-03T15:36:18+00:00 INFO Is weekly report enabled: enable
2023-01-03T15:38:18+00:00 INFO Is weekly report enabled: enable
2023-01-03T15:38:19+00:00 INFO Is weekly report enabled: enable
2023-01-03T15:40:19+00:00 INFO Is weekly report enabled: enable
2023-01-03T15:40:20+00:00 INFO Is weekly report enabled: enable
2023-01-03T15:42:20+00:00 INFO Is weekly report enabled: enable
2023-01-03T15:42:21+00:00 INFO Is weekly report enabled: enable
2023-01-03T15:43:51+00:00 INFO Is weekly report enabled: enable
2023-01-03T15:45:51+00:00 INFO Is weekly report enabled: enable
2023-01-03T15:45:52+00:00 INFO Is weekly report enabled: enable
2023-01-03T15:47:52+00:00 INFO Is weekly report enabled: enable
2023-01-03T15:47:53+00:00 INFO Is weekly report enabled: enable
2023-01-03T15:49:53+00:00 INFO Is weekly report enabled: enable
2023-01-03T15:49:54+00:00 INFO Is weekly report enabled: enable
2023-01-03T15:51:54+00:00 INFO Is weekly report enabled: enable
2023-01-03T15:51:55+00:00 INFO Is weekly report enabled: enable
2023-01-03T15:53:55+00:00 INFO Is weekly report enabled: enable
2023-01-03T15:53:56+00:00 INFO Is weekly report enabled: enable
2023-01-03T17:48:28+00:00 INFO Is weekly report enabled: enable
2023-01-03T17:48:30+00:00 INFO Is weekly report enabled: enable
2023-01-03T17:50:41+00:00 INFO Is weekly report enabled: enable
2023-01-03T17:50:43+00:00 INFO Is weekly report enabled: enable
2023-01-03T17:50:44+00:00 INFO Is weekly report enabled: enable
2023-01-03T17:50:49+00:00 INFO Is weekly report enabled: enable
2023-01-03T17:50:56+00:00 INFO Is weekly report enabled: enable
2023-01-03T17:51:04+00:00 INFO Is weekly report enabled: enable
2023-01-03T17:51:07+00:00 INFO Is weekly report enabled: enable
2023-01-03T17:51:10+00:00 INFO Is weekly report enabled: enable
2023-01-03T17:51:16+00:00 INFO Is weekly report enabled: enable
2023-01-03T17:51:23+00:00 INFO Is weekly report enabled: enable
2023-01-03T17:51:29+00:00 INFO Is weekly report enabled: enable
2023-01-03T17:51:36+00:00 INFO Is weekly report enabled: enable
2023-01-03T17:51:42+00:00 INFO Is weekly report enabled: enable
2023-01-03T17:52:08+00:00 INFO Is weekly report enabled: enable
2023-01-03T17:52:09+00:00 INFO Is weekly report enabled: enable
2023-01-03T17:52:16+00:00 INFO Is weekly report enabled: enable
2023-01-03T17:52:22+00:00 INFO Is weekly report enabled: enable
2023-01-03T17:52:29+00:00 INFO Is weekly report enabled: enable
2023-01-03T17:52:35+00:00 INFO Is weekly report enabled: enable
2023-01-03T17:52:42+00:00 INFO Is weekly report enabled: enable
2023-01-03T17:52:48+00:00 INFO Is weekly report enabled: enable
2023-01-03T17:52:55+00:00 INFO Is weekly report enabled: enable
2023-01-03T17:53:03+00:00 INFO Is weekly report enabled: enable
2023-01-03T17:53:08+00:00 INFO Is weekly report enabled: enable
2023-01-03T17:53:10+00:00 INFO Is weekly report enabled: enable
2023-01-03T17:55:10+00:00 INFO Is weekly report enabled: enable
2023-01-03T17:55:11+00:00 INFO Is weekly report enabled: enable
2023-01-03T17:55:18+00:00 INFO Is weekly report enabled: enable
2023-01-03T17:55:24+00:00 INFO Is weekly report enabled: enable
2023-01-03T17:55:31+00:00 INFO Is weekly report enabled: enable
2023-01-03T17:55:38+00:00 INFO Is weekly report enabled: enable
2023-01-03T17:55:45+00:00 INFO Is weekly report enabled: enable
2023-01-03T17:55:51+00:00 INFO Is weekly report enabled: enable
2023-01-03T17:55:58+00:00 INFO Is weekly report enabled: enable
2023-01-03T17:56:05+00:00 INFO Is weekly report enabled: enable
2023-01-03T17:56:12+00:00 INFO Is weekly report enabled: enable
2023-01-03T17:56:56+00:00 INFO Is weekly report enabled: enable
2023-01-03T17:56:58+00:00 INFO Is weekly report enabled: enable
2023-01-03T17:56:59+00:00 INFO Is weekly report enabled: enable
2023-01-03T17:57:17+00:00 INFO Is weekly report enabled: enable
2023-01-03T17:58:18+00:00 INFO Is weekly report enabled: enable
2023-01-03T17:58:20+00:00 INFO Is weekly report enabled: enable
2023-01-03T17:58:26+00:00 INFO Is weekly report enabled: enable
2023-01-03T17:58:33+00:00 INFO Is weekly report enabled: enable
2023-01-03T17:58:40+00:00 INFO Is weekly report enabled: enable
2023-01-03T17:58:46+00:00 INFO Is weekly report enabled: enable
2023-01-03T17:58:53+00:00 INFO Is weekly report enabled: enable
2023-01-03T17:58:59+00:00 INFO Is weekly report enabled: enable
2023-01-03T17:59:07+00:00 INFO Is weekly report enabled: enable
2023-01-03T17:59:14+00:00 INFO Is weekly report enabled: enable
2023-01-03T17:59:18+00:00 INFO Is weekly report enabled: enable
2023-01-03T17:59:20+00:00 INFO Is weekly report enabled: enable
2023-01-03T18:01:20+00:00 INFO Is weekly report enabled: enable
2023-01-03T18:01:21+00:00 INFO Is weekly report enabled: enable
2023-01-03T18:01:28+00:00 INFO Is weekly report enabled: enable
2023-01-03T18:01:34+00:00 INFO Is weekly report enabled: enable
2023-01-03T18:01:41+00:00 INFO Is weekly report enabled: enable
2023-01-03T18:01:47+00:00 INFO Is weekly report enabled: enable
2023-01-03T18:01:54+00:00 INFO Is weekly report enabled: enable
2023-01-03T18:02:00+00:00 INFO Is weekly report enabled: enable
2023-01-03T18:02:08+00:00 INFO Is weekly report enabled: enable
2023-01-03T18:02:14+00:00 INFO Is weekly report enabled: enable
2023-01-03T18:02:21+00:00 INFO Is weekly report enabled: enable
2023-01-03T18:03:21+00:00 INFO Is weekly report enabled: enable
2023-01-03T18:03:23+00:00 INFO Is weekly report enabled: enable
2023-01-03T18:03:29+00:00 INFO Is weekly report enabled: enable
2023-01-03T18:03:36+00:00 INFO Is weekly report enabled: enable
2023-01-03T18:03:43+00:00 INFO Is weekly report enabled: enable
2023-01-03T18:03:49+00:00 INFO Is weekly report enabled: enable
2023-01-03T18:03:56+00:00 INFO Is weekly report enabled: enable
2023-01-03T18:04:04+00:00 INFO Is weekly report enabled: enable
2023-01-03T18:04:11+00:00 INFO Is weekly report enabled: enable
2023-01-03T18:04:17+00:00 INFO Is weekly report enabled: enable
2023-01-03T18:04:24+00:00 INFO Is weekly report enabled: enable
2023-01-03T18:04:57+00:00 INFO Is weekly report enabled: enable
2023-01-03T18:04:59+00:00 INFO Is weekly report enabled: enable
2023-01-03T18:05:07+00:00 INFO Is weekly report enabled: enable
2023-01-03T18:05:13+00:00 INFO Is weekly report enabled: enable
2023-01-03T18:05:20+00:00 INFO Is weekly report enabled: enable
2023-01-03T18:05:27+00:00 INFO Is weekly report enabled: enable
2023-01-03T18:05:33+00:00 INFO Is weekly report enabled: enable
2023-01-03T18:05:40+00:00 INFO Is weekly report enabled: enable
2023-01-03T18:05:46+00:00 INFO Is weekly report enabled: enable
2023-01-03T18:05:53+00:00 INFO Is weekly report enabled: enable
2023-01-03T18:05:58+00:00 INFO Is weekly report enabled: enable
2023-01-03T18:05:59+00:00 INFO Is weekly report enabled: enable
2023-01-03T18:06:00+00:00 INFO Is weekly report enabled: enable
2023-01-03T18:06:59+00:00 INFO Is weekly report enabled: enable
2023-01-03T18:07:00+00:00 INFO Is weekly report enabled: enable
2023-01-03T18:07:08+00:00 INFO Is weekly report enabled: enable
2023-01-03T18:07:15+00:00 INFO Is weekly report enabled: enable
2023-01-03T18:07:21+00:00 INFO Is weekly report enabled: enable
2023-01-03T18:07:28+00:00 INFO Is weekly report enabled: enable
2023-01-03T18:07:35+00:00 INFO Is weekly report enabled: enable
2023-01-03T18:07:41+00:00 INFO Is weekly report enabled: enable
2023-01-03T18:07:48+00:00 INFO Is weekly report enabled: enable
2023-01-03T18:07:54+00:00 INFO Is weekly report enabled: enable
2023-01-03T18:08:02+00:00 INFO Is weekly report enabled: enable
2023-01-03T18:08:58+00:00 INFO Is weekly report enabled: enable
2023-01-03T18:08:59+00:00 INFO Is weekly report enabled: enable
2023-01-03T18:09:07+00:00 INFO Is weekly report enabled: enable
2023-01-03T18:09:13+00:00 INFO Is weekly report enabled: enable
2023-01-03T18:09:20+00:00 INFO Is weekly report enabled: enable
2023-01-03T18:09:27+00:00 INFO Is weekly report enabled: enable
2023-01-03T18:09:33+00:00 INFO Is weekly report enabled: enable
2023-01-03T18:09:40+00:00 INFO Is weekly report enabled: enable
2023-01-03T18:09:46+00:00 INFO Is weekly report enabled: enable
2023-01-03T18:09:53+00:00 INFO Is weekly report enabled: enable
2023-01-03T18:09:58+00:00 INFO Is weekly report enabled: enable
2023-01-03T18:09:59+00:00 INFO Is weekly report enabled: enable
2023-01-03T18:10:59+00:00 INFO Is weekly report enabled: enable
2023-01-03T18:11:00+00:00 INFO Is weekly report enabled: enable
2023-01-03T18:11:08+00:00 INFO Is weekly report enabled: enable
2023-01-03T18:11:14+00:00 INFO Is weekly report enabled: enable
2023-01-03T18:11:21+00:00 INFO Is weekly report enabled: enable
2023-01-03T18:11:27+00:00 INFO Is weekly report enabled: enable
2023-01-03T18:11:34+00:00 INFO Is weekly report enabled: enable
2023-01-03T18:11:41+00:00 INFO Is weekly report enabled: enable
2023-01-03T18:11:47+00:00 INFO Is weekly report enabled: enable
2023-01-03T18:11:54+00:00 INFO Is weekly report enabled: enable
2023-01-03T18:11:58+00:00 INFO Is weekly report enabled: enable
2023-01-03T18:12:00+00:00 INFO Is weekly report enabled: enable
2023-01-03T18:12:59+00:00 INFO Is weekly report enabled: enable
2023-01-03T18:13:00+00:00 INFO Is weekly report enabled: enable
2023-01-03T18:13:08+00:00 INFO Is weekly report enabled: enable
2023-01-03T18:13:14+00:00 INFO Is weekly report enabled: enable
2023-01-03T18:13:21+00:00 INFO Is weekly report enabled: enable
2023-01-03T18:13:27+00:00 INFO Is weekly report enabled: enable
2023-01-03T18:13:34+00:00 INFO Is weekly report enabled: enable
2023-01-03T18:13:40+00:00 INFO Is weekly report enabled: enable
2023-01-03T18:13:47+00:00 INFO Is weekly report enabled: enable
2023-01-03T18:13:53+00:00 INFO Is weekly report enabled: enable
2023-01-03T18:14:00+00:00 INFO Is weekly report enabled: enable
2023-01-03T18:14:59+00:00 INFO Is weekly report enabled: enable
2023-01-03T18:15:00+00:00 INFO Is weekly report enabled: enable
2023-01-03T18:15:08+00:00 INFO Is weekly report enabled: enable
2023-01-03T18:15:14+00:00 INFO Is weekly report enabled: enable
2023-01-03T18:15:21+00:00 INFO Is weekly report enabled: enable
2023-01-03T18:15:27+00:00 INFO Is weekly report enabled: enable
2023-01-03T18:15:34+00:00 INFO Is weekly report enabled: enable
2023-01-03T18:15:40+00:00 INFO Is weekly report enabled: enable
2023-01-03T18:15:47+00:00 INFO Is weekly report enabled: enable
2023-01-03T18:15:53+00:00 INFO Is weekly report enabled: enable
2023-01-03T18:16:00+00:00 INFO Is weekly report enabled: enable
2023-01-03T18:16:59+00:00 INFO Is weekly report enabled: enable
2023-01-03T18:17:00+00:00 INFO Is weekly report enabled: enable
2023-01-03T18:17:08+00:00 INFO Is weekly report enabled: enable
2023-01-03T18:17:14+00:00 INFO Is weekly report enabled: enable
2023-01-03T18:17:21+00:00 INFO Is weekly report enabled: enable
2023-01-03T18:17:27+00:00 INFO Is weekly report enabled: enable
2023-01-03T18:17:34+00:00 INFO Is weekly report enabled: enable
2023-01-03T18:17:40+00:00 INFO Is weekly report enabled: enable
2023-01-03T18:17:47+00:00 INFO Is weekly report enabled: enable
2023-01-03T18:17:53+00:00 INFO Is weekly report enabled: enable
2023-01-03T18:18:00+00:00 INFO Is weekly report enabled: enable
2023-01-03T18:18:59+00:00 INFO Is weekly report enabled: enable
2023-01-03T18:19:01+00:00 INFO Is weekly report enabled: enable
2023-01-03T18:19:08+00:00 INFO Is weekly report enabled: enable
2023-01-03T18:19:15+00:00 INFO Is weekly report enabled: enable
2023-01-03T18:19:21+00:00 INFO Is weekly report enabled: enable
2023-01-03T18:19:28+00:00 INFO Is weekly report enabled: enable
2023-01-03T18:19:35+00:00 INFO Is weekly report enabled: enable
2023-01-03T18:19:41+00:00 INFO Is weekly report enabled: enable
2023-01-03T18:19:48+00:00 INFO Is weekly report enabled: enable
2023-01-03T18:19:54+00:00 INFO Is weekly report enabled: enable
2023-01-03T18:20:02+00:00 INFO Is weekly report enabled: enable
2023-01-03T18:20:23+00:00 INFO Is weekly report enabled: enable
2023-01-03T18:20:24+00:00 INFO Is weekly report enabled: enable
2023-01-03T18:20:31+00:00 INFO Is weekly report enabled: enable
2023-01-03T18:20:37+00:00 INFO Is weekly report enabled: enable
2023-01-03T18:20:44+00:00 INFO Is weekly report enabled: enable
2023-01-03T18:20:50+00:00 INFO Is weekly report enabled: enable
2023-01-03T18:20:57+00:00 INFO Is weekly report enabled: enable
2023-01-03T18:21:05+00:00 INFO Is weekly report enabled: enable
2023-01-03T18:21:11+00:00 INFO Is weekly report enabled: enable
2023-01-03T18:21:18+00:00 INFO Is weekly report enabled: enable
2023-01-03T18:21:22+00:00 INFO Is weekly report enabled: enable
2023-01-03T18:21:24+00:00 INFO Is weekly report enabled: enable
2023-01-03T18:23:23+00:00 INFO Is weekly report enabled: enable
2023-01-03T18:23:25+00:00 INFO Is weekly report enabled: enable
2023-01-03T18:23:31+00:00 INFO Is weekly report enabled: enable
2023-01-03T18:23:38+00:00 INFO Is weekly report enabled: enable
2023-01-03T18:23:44+00:00 INFO Is weekly report enabled: enable
2023-01-03T18:23:51+00:00 INFO Is weekly report enabled: enable
2023-01-03T18:23:57+00:00 INFO Is weekly report enabled: enable
2023-01-03T18:24:05+00:00 INFO Is weekly report enabled: enable
2023-01-03T18:24:11+00:00 INFO Is weekly report enabled: enable
2023-01-03T18:24:18+00:00 INFO Is weekly report enabled: enable
2023-01-03T18:24:25+00:00 INFO Is weekly report enabled: enable
2023-01-03T18:25:12+00:00 INFO Is weekly report enabled: enable
2023-01-03T18:25:13+00:00 INFO Is weekly report enabled: enable
2023-01-03T18:25:20+00:00 INFO Is weekly report enabled: enable
2023-01-03T18:25:26+00:00 INFO Is weekly report enabled: enable
2023-01-03T18:25:33+00:00 INFO Is weekly report enabled: enable
2023-01-03T18:25:39+00:00 INFO Is weekly report enabled: enable
2023-01-03T18:25:46+00:00 INFO Is weekly report enabled: enable
2023-01-03T18:25:52+00:00 INFO Is weekly report enabled: enable
2023-01-03T18:25:59+00:00 INFO Is weekly report enabled: enable
2023-01-03T18:26:07+00:00 INFO Is weekly report enabled: enable
2023-01-03T18:26:13+00:00 INFO Is weekly report enabled: enable
2023-01-03T18:27:12+00:00 INFO Is weekly report enabled: enable
2023-01-03T18:27:13+00:00 INFO Is weekly report enabled: enable
2023-01-03T18:27:21+00:00 INFO Is weekly report enabled: enable
2023-01-03T18:27:27+00:00 INFO Is weekly report enabled: enable
2023-01-03T18:27:34+00:00 INFO Is weekly report enabled: enable
2023-01-03T18:27:40+00:00 INFO Is weekly report enabled: enable
2023-01-03T18:27:47+00:00 INFO Is weekly report enabled: enable
2023-01-03T18:27:53+00:00 INFO Is weekly report enabled: enable
2023-01-03T18:28:00+00:00 INFO Is weekly report enabled: enable
2023-01-03T18:28:07+00:00 INFO Is weekly report enabled: enable
2023-01-03T18:28:14+00:00 INFO Is weekly report enabled: enable
2023-01-03T18:29:13+00:00 INFO Is weekly report enabled: enable
2023-01-03T18:29:14+00:00 INFO Is weekly report enabled: enable
2023-01-03T18:29:21+00:00 INFO Is weekly report enabled: enable
2023-01-03T18:29:27+00:00 INFO Is weekly report enabled: enable
2023-01-03T18:29:34+00:00 INFO Is weekly report enabled: enable
2023-01-03T18:29:40+00:00 INFO Is weekly report enabled: enable
2023-01-03T18:29:47+00:00 INFO Is weekly report enabled: enable
2023-01-03T18:29:53+00:00 INFO Is weekly report enabled: enable
2023-01-03T18:30:00+00:00 INFO Is weekly report enabled: enable
2023-01-03T18:30:07+00:00 INFO Is weekly report enabled: enable
2023-01-03T18:30:14+00:00 INFO Is weekly report enabled: enable
2023-01-03T18:31:14+00:00 INFO Is weekly report enabled: enable
2023-01-03T18:31:15+00:00 INFO Is weekly report enabled: enable
2023-01-03T18:31:22+00:00 INFO Is weekly report enabled: enable
2023-01-03T18:31:28+00:00 INFO Is weekly report enabled: enable
2023-01-03T18:31:35+00:00 INFO Is weekly report enabled: enable
2023-01-03T18:31:41+00:00 INFO Is weekly report enabled: enable
2023-01-03T18:31:48+00:00 INFO Is weekly report enabled: enable
2023-01-03T18:31:55+00:00 INFO Is weekly report enabled: enable
2023-01-03T18:32:02+00:00 INFO Is weekly report enabled: enable
2023-01-03T18:32:09+00:00 INFO Is weekly report enabled: enable
2023-01-03T18:32:15+00:00 INFO Is weekly report enabled: enable
2023-01-03T18:33:15+00:00 INFO Is weekly report enabled: enable
2023-01-03T18:33:16+00:00 INFO Is weekly report enabled: enable
2023-01-03T18:33:23+00:00 INFO Is weekly report enabled: enable
2023-01-03T18:33:29+00:00 INFO Is weekly report enabled: enable
2023-01-03T18:33:36+00:00 INFO Is weekly report enabled: enable
2023-01-03T18:33:43+00:00 INFO Is weekly report enabled: enable
2023-01-03T18:33:49+00:00 INFO Is weekly report enabled: enable
2023-01-03T18:33:56+00:00 INFO Is weekly report enabled: enable
2023-01-03T18:34:03+00:00 INFO Is weekly report enabled: enable
2023-01-03T18:34:10+00:00 INFO Is weekly report enabled: enable
2023-01-03T18:34:16+00:00 INFO Is weekly report enabled: enable
2023-01-03T18:35:16+00:00 INFO Is weekly report enabled: enable
2023-01-03T18:35:17+00:00 INFO Is weekly report enabled: enable
2023-01-03T18:35:24+00:00 INFO Is weekly report enabled: enable
2023-01-03T18:35:30+00:00 INFO Is weekly report enabled: enable
2023-01-03T18:35:37+00:00 INFO Is weekly report enabled: enable
2023-01-03T18:35:43+00:00 INFO Is weekly report enabled: enable
2023-01-03T18:35:50+00:00 INFO Is weekly report enabled: enable
2023-01-03T18:35:57+00:00 INFO Is weekly report enabled: enable
2023-01-03T18:36:04+00:00 INFO Is weekly report enabled: enable
2023-01-03T18:36:11+00:00 INFO Is weekly report enabled: enable
2023-01-03T18:36:17+00:00 INFO Is weekly report enabled: enable
2023-01-03T18:58:52+00:00 INFO Is weekly report enabled: enable
2023-01-03T18:59:20+00:00 INFO Is weekly report enabled: enable
2023-01-03T18:59:26+00:00 INFO Is weekly report enabled: enable
2023-01-03T19:01:04+00:00 INFO Is weekly report enabled: enable
2023-01-03T19:03:05+00:00 INFO Is weekly report enabled: enable
2023-01-03T19:03:06+00:00 INFO Is weekly report enabled: enable
2023-01-03T19:05:06+00:00 INFO Is weekly report enabled: enable
2023-01-03T19:05:07+00:00 INFO Is weekly report enabled: enable
2023-01-03T19:07:07+00:00 INFO Is weekly report enabled: enable
2023-01-03T19:07:08+00:00 INFO Is weekly report enabled: enable
2023-01-03T19:09:08+00:00 INFO Is weekly report enabled: enable
2023-01-03T19:09:09+00:00 INFO Is weekly report enabled: enable
2023-01-03T19:11:09+00:00 INFO Is weekly report enabled: enable
2023-01-03T19:11:10+00:00 INFO Is weekly report enabled: enable
2023-01-03T19:13:10+00:00 INFO Is weekly report enabled: enable
2023-01-03T19:13:11+00:00 INFO Is weekly report enabled: enable
2023-01-03T19:15:11+00:00 INFO Is weekly report enabled: enable
2023-01-03T19:15:12+00:00 INFO Is weekly report enabled: enable
2023-01-03T19:16:11+00:00 INFO Is weekly report enabled: enable
2023-01-03T19:18:13+00:00 INFO Is weekly report enabled: enable
2023-01-03T19:18:14+00:00 INFO Is weekly report enabled: enable
2023-01-03T19:20:14+00:00 INFO Is weekly report enabled: enable
2023-01-03T19:20:15+00:00 INFO Is weekly report enabled: enable
2023-01-03T19:22:15+00:00 INFO Is weekly report enabled: enable
2023-01-03T19:22:16+00:00 INFO Is weekly report enabled: enable
2023-01-03T19:23:15+00:00 INFO Is weekly report enabled: enable
2023-01-03T19:25:15+00:00 INFO Is weekly report enabled: enable
2023-01-03T19:25:16+00:00 INFO Is weekly report enabled: enable
2023-01-03T19:25:23+00:00 INFO Is weekly report enabled: enable
2023-01-03T19:25:29+00:00 INFO Is weekly report enabled: enable
2023-01-03T19:25:36+00:00 INFO Is weekly report enabled: enable
2023-01-03T19:25:42+00:00 INFO Is weekly report enabled: enable
2023-01-03T19:25:49+00:00 INFO Is weekly report enabled: enable
2023-01-03T19:25:55+00:00 INFO Is weekly report enabled: enable
2023-01-03T19:26:03+00:00 INFO Is weekly report enabled: enable
2023-01-03T19:26:09+00:00 INFO Is weekly report enabled: enable
2023-01-03T19:26:16+00:00 INFO Is weekly report enabled: enable
2023-01-03T19:27:15+00:00 INFO Is weekly report enabled: enable
2023-01-03T19:27:16+00:00 INFO Is weekly report enabled: enable
2023-01-03T19:27:23+00:00 INFO Is weekly report enabled: enable
2023-01-03T19:27:29+00:00 INFO Is weekly report enabled: enable
2023-01-03T19:27:37+00:00 INFO Is weekly report enabled: enable
2023-01-03T19:27:44+00:00 INFO Is weekly report enabled: enable
2023-01-03T19:27:50+00:00 INFO Is weekly report enabled: enable
2023-01-03T19:27:57+00:00 INFO Is weekly report enabled: enable
2023-01-03T19:28:04+00:00 INFO Is weekly report enabled: enable
2023-01-03T19:28:11+00:00 INFO Is weekly report enabled: enable
2023-01-03T19:28:15+00:00 INFO Is weekly report enabled: enable
2023-01-03T19:28:18+00:00 INFO Is weekly report enabled: enable
2023-01-03T19:30:17+00:00 INFO Is weekly report enabled: enable
2023-01-03T19:30:18+00:00 INFO Is weekly report enabled: enable
2023-01-03T19:30:25+00:00 INFO Is weekly report enabled: enable
2023-01-03T19:30:32+00:00 INFO Is weekly report enabled: enable
2023-01-03T19:30:39+00:00 INFO Is weekly report enabled: enable
2023-01-03T19:30:46+00:00 INFO Is weekly report enabled: enable
2023-01-03T19:30:52+00:00 INFO Is weekly report enabled: enable
2023-01-03T19:30:59+00:00 INFO Is weekly report enabled: enable
2023-01-03T19:31:06+00:00 INFO Is weekly report enabled: enable
2023-01-03T19:31:13+00:00 INFO Is weekly report enabled: enable
2023-01-03T19:31:19+00:00 INFO Is weekly report enabled: enable
2023-01-03T19:32:18+00:00 INFO Is weekly report enabled: enable
2023-01-03T19:32:19+00:00 INFO Is weekly report enabled: enable
2023-01-03T19:32:26+00:00 INFO Is weekly report enabled: enable
2023-01-03T19:32:32+00:00 INFO Is weekly report enabled: enable
2023-01-03T19:32:39+00:00 INFO Is weekly report enabled: enable
2023-01-03T19:32:45+00:00 INFO Is weekly report enabled: enable
2023-01-03T19:32:52+00:00 INFO Is weekly report enabled: enable
2023-01-03T19:32:59+00:00 INFO Is weekly report enabled: enable
2023-01-03T19:33:06+00:00 INFO Is weekly report enabled: enable
2023-01-03T19:33:13+00:00 INFO Is weekly report enabled: enable
2023-01-03T19:33:19+00:00 INFO Is weekly report enabled: enable
2023-01-03T19:34:19+00:00 INFO Is weekly report enabled: enable
2023-01-03T19:34:20+00:00 INFO Is weekly report enabled: enable
2023-01-03T19:34:27+00:00 INFO Is weekly report enabled: enable
2023-01-03T19:34:33+00:00 INFO Is weekly report enabled: enable
2023-01-03T19:34:40+00:00 INFO Is weekly report enabled: enable
2023-01-03T19:34:46+00:00 INFO Is weekly report enabled: enable
2023-01-03T19:34:53+00:00 INFO Is weekly report enabled: enable
2023-01-03T19:34:59+00:00 INFO Is weekly report enabled: enable
2023-01-03T19:35:07+00:00 INFO Is weekly report enabled: enable
2023-01-03T19:35:14+00:00 INFO Is weekly report enabled: enable
2023-01-03T19:35:20+00:00 INFO Is weekly report enabled: enable
2023-01-03T19:36:20+00:00 INFO Is weekly report enabled: enable
2023-01-03T19:36:21+00:00 INFO Is weekly report enabled: enable
2023-01-03T19:36:28+00:00 INFO Is weekly report enabled: enable
2023-01-03T19:36:34+00:00 INFO Is weekly report enabled: enable
2023-01-03T19:36:41+00:00 INFO Is weekly report enabled: enable
2023-01-03T19:36:47+00:00 INFO Is weekly report enabled: enable
2023-01-03T19:36:54+00:00 INFO Is weekly report enabled: enable
2023-01-03T19:37:00+00:00 INFO Is weekly report enabled: enable
2023-01-03T19:37:08+00:00 INFO Is weekly report enabled: enable
2023-01-03T19:37:14+00:00 INFO Is weekly report enabled: enable
2023-01-03T19:37:21+00:00 INFO Is weekly report enabled: enable
2023-01-03T20:27:09+00:00 INFO Is weekly report enabled: enable
2023-01-03T20:29:16+00:00 INFO Is weekly report enabled: enable
2023-01-03T20:29:17+00:00 INFO Is weekly report enabled: enable
2023-01-03T20:31:17+00:00 INFO Is weekly report enabled: enable
2023-01-03T20:31:18+00:00 INFO Is weekly report enabled: enable
2023-01-03T20:33:18+00:00 INFO Is weekly report enabled: enable
2023-01-03T20:33:19+00:00 INFO Is weekly report enabled: enable
2023-01-03T20:35:19+00:00 INFO Is weekly report enabled: enable
2023-01-03T20:35:20+00:00 INFO Is weekly report enabled: enable
2023-01-03T20:37:20+00:00 INFO Is weekly report enabled: enable
2023-01-03T20:37:21+00:00 INFO Is weekly report enabled: enable
2023-01-03T20:39:21+00:00 INFO Is weekly report enabled: enable
2023-01-03T20:39:22+00:00 INFO Is weekly report enabled: enable
2023-01-03T20:41:22+00:00 INFO Is weekly report enabled: enable
2023-01-03T20:41:23+00:00 INFO Is weekly report enabled: enable
2023-01-03T20:43:23+00:00 INFO Is weekly report enabled: enable
2023-01-03T20:43:24+00:00 INFO Is weekly report enabled: enable
2023-01-03T20:45:24+00:00 INFO Is weekly report enabled: enable
2023-01-03T20:45:25+00:00 INFO Is weekly report enabled: enable
2023-01-03T20:47:25+00:00 INFO Is weekly report enabled: enable
2023-01-03T20:47:26+00:00 INFO Is weekly report enabled: enable
2023-01-03T20:49:26+00:00 INFO Is weekly report enabled: enable
2023-01-03T20:49:27+00:00 INFO Is weekly report enabled: enable
2023-01-03T20:51:27+00:00 INFO Is weekly report enabled: enable
2023-01-03T20:51:28+00:00 INFO Is weekly report enabled: enable
2023-01-03T20:53:28+00:00 INFO Is weekly report enabled: enable
2023-01-03T20:53:29+00:00 INFO Is weekly report enabled: enable
2023-01-03T20:55:29+00:00 INFO Is weekly report enabled: enable
2023-01-03T20:55:30+00:00 INFO Is weekly report enabled: enable
2023-01-03T20:57:30+00:00 INFO Is weekly report enabled: enable
2023-01-03T20:57:31+00:00 INFO Is weekly report enabled: enable
2023-01-03T20:59:31+00:00 INFO Is weekly report enabled: enable
2023-01-03T20:59:32+00:00 INFO Is weekly report enabled: enable
2023-01-03T21:01:32+00:00 INFO Is weekly report enabled: enable
2023-01-03T21:01:33+00:00 INFO Is weekly report enabled: enable
2023-01-03T21:03:33+00:00 INFO Is weekly report enabled: enable
2023-01-03T21:03:34+00:00 INFO Is weekly report enabled: enable
2023-01-03T21:05:34+00:00 INFO Is weekly report enabled: enable
2023-01-03T21:05:35+00:00 INFO Is weekly report enabled: enable
2023-01-03T21:07:35+00:00 INFO Is weekly report enabled: enable
2023-01-03T21:07:36+00:00 INFO Is weekly report enabled: enable
2023-01-03T21:09:36+00:00 INFO Is weekly report enabled: enable
2023-01-03T21:09:37+00:00 INFO Is weekly report enabled: enable
2023-01-03T21:11:37+00:00 INFO Is weekly report enabled: enable
2023-01-03T21:11:38+00:00 INFO Is weekly report enabled: enable
2023-01-03T21:13:38+00:00 INFO Is weekly report enabled: enable
2023-01-03T21:13:39+00:00 INFO Is weekly report enabled: enable
2023-01-03T21:15:39+00:00 INFO Is weekly report enabled: enable
2023-01-03T21:15:40+00:00 INFO Is weekly report enabled: enable
2023-01-03T21:17:40+00:00 INFO Is weekly report enabled: enable
2023-01-03T21:17:41+00:00 INFO Is weekly report enabled: enable
2023-01-03T21:19:40+00:00 INFO Is weekly report enabled: enable
2023-01-03T21:19:41+00:00 INFO Is weekly report enabled: enable
2023-01-03T21:21:41+00:00 INFO Is weekly report enabled: enable
2023-01-03T21:21:42+00:00 INFO Is weekly report enabled: enable
2023-01-03T21:22:42+00:00 INFO Is weekly report enabled: enable
2023-01-03T21:24:44+00:00 INFO Is weekly report enabled: enable
2023-01-03T21:24:45+00:00 INFO Is weekly report enabled: enable
2023-01-03T21:26:45+00:00 INFO Is weekly report enabled: enable
2023-01-03T21:26:46+00:00 INFO Is weekly report enabled: enable
2023-01-03T21:28:46+00:00 INFO Is weekly report enabled: enable
2023-01-03T21:30:28+00:00 INFO Is weekly report enabled: enable
2023-01-03T21:30:53+00:00 INFO Is weekly report enabled: enable
2023-01-03T21:32:55+00:00 INFO Is weekly report enabled: enable
2023-01-03T21:34:56+00:00 INFO Is weekly report enabled: enable
2023-01-03T21:34:57+00:00 INFO Is weekly report enabled: enable
2023-01-03T21:36:57+00:00 INFO Is weekly report enabled: enable
2023-01-03T21:36:58+00:00 INFO Is weekly report enabled: enable
2023-01-03T21:38:58+00:00 INFO Is weekly report enabled: enable
2023-01-03T21:38:59+00:00 INFO Is weekly report enabled: enable
2023-01-03T21:40:59+00:00 INFO Is weekly report enabled: enable
2023-01-03T21:41:00+00:00 INFO Is weekly report enabled: enable
2023-01-03T21:43:00+00:00 INFO Is weekly report enabled: enable
2023-01-03T21:43:01+00:00 INFO Is weekly report enabled: enable
2023-01-03T21:45:01+00:00 INFO Is weekly report enabled: enable
2023-01-03T21:45:02+00:00 INFO Is weekly report enabled: enable
2023-01-03T21:47:02+00:00 INFO Is weekly report enabled: enable
2023-01-03T21:47:03+00:00 INFO Is weekly report enabled: enable
2023-01-03T21:49:03+00:00 INFO Is weekly report enabled: enable
2023-01-03T21:49:04+00:00 INFO Is weekly report enabled: enable
2023-01-03T21:51:04+00:00 INFO Is weekly report enabled: enable
2023-01-03T21:51:05+00:00 INFO Is weekly report enabled: enable
2023-01-03T21:52:04+00:00 INFO Is weekly report enabled: enable
2023-01-03T21:53:04+00:00 INFO Is weekly report enabled: enable
2023-01-03T21:53:05+00:00 INFO Is weekly report enabled: enable
2023-01-03T21:54:04+00:00 INFO Is weekly report enabled: enable
2023-01-03T21:55:04+00:00 INFO Is weekly report enabled: enable
2023-01-03T21:55:05+00:00 INFO Is weekly report enabled: enable
2023-01-03T21:56:05+00:00 INFO Is weekly report enabled: enable
