2023-01-02T05:59:36+00:00 INFO Is weekly report enabled: enable
2023-01-02T05:59:38+00:00 INFO Is weekly report enabled: enable
2023-01-02T05:59:43+00:00 INFO Is weekly report enabled: enable
2023-01-02T05:59:52+00:00 INFO Is weekly report enabled: enable
2023-01-02T06:00:08+00:00 INFO Is weekly report enabled: enable
2023-01-02T06:01:10+00:00 INFO Is weekly report enabled: enable
2023-01-02T06:02:20+00:00 INFO Is weekly report enabled: enable
2023-01-02T06:02:22+00:00 INFO Is weekly report enabled: enable
2023-01-02T06:02:23+00:00 INFO Is weekly report enabled: enable
2023-01-02T06:02:40+00:00 INFO Is weekly report enabled: enable
2023-01-02T06:03:47+00:00 INFO Is weekly report enabled: enable
2023-01-02T06:03:47+00:00 INFO Is weekly report enabled: enable
2023-01-02T06:04:06+00:00 INFO Is weekly report enabled: enable
2023-01-02T06:06:10+00:00 INFO Is weekly report enabled: enable
2023-01-02T06:06:11+00:00 INFO Is weekly report enabled: enable
2023-01-02T06:07:28+00:00 INFO Is weekly report enabled: enable
2023-01-02T06:07:29+00:00 INFO Is weekly report enabled: enable
2023-01-02T06:07:47+00:00 INFO Is weekly report enabled: enable
2023-01-02T06:09:50+00:00 INFO Is weekly report enabled: enable
2023-01-02T06:11:50+00:00 INFO Is weekly report enabled: enable
2023-01-02T06:11:51+00:00 INFO Is weekly report enabled: enable
2023-01-02T06:11:51+00:00 INFO Is weekly report enabled: enable
2023-01-02T06:13:52+00:00 INFO Is weekly report enabled: enable
2023-01-02T06:13:53+00:00 INFO Is weekly report enabled: enable
2023-01-02T06:14:11+00:00 INFO Is weekly report enabled: enable
2023-01-02T06:15:11+00:00 INFO Is weekly report enabled: enable
2023-01-02T06:16:12+00:00 INFO Is weekly report enabled: enable
2023-01-02T06:16:14+00:00 INFO Is weekly report enabled: enable
2023-01-02T06:18:13+00:00 INFO Is weekly report enabled: enable
2023-01-02T06:18:15+00:00 INFO Is weekly report enabled: enable
2023-01-02T06:20:14+00:00 INFO Is weekly report enabled: enable
2023-01-02T06:20:16+00:00 INFO Is weekly report enabled: enable
2023-01-02T06:22:15+00:00 INFO Is weekly report enabled: enable
2023-01-02T06:22:17+00:00 INFO Is weekly report enabled: enable
2023-01-02T06:24:08+00:00 INFO Is weekly report enabled: enable
2023-01-02T06:25:08+00:00 INFO Is weekly report enabled: enable
2023-01-02T06:26:09+00:00 INFO Is weekly report enabled: enable
2023-01-02T06:28:10+00:00 INFO Is weekly report enabled: enable
2023-01-02T06:28:12+00:00 INFO Is weekly report enabled: enable
2023-01-02T06:30:11+00:00 INFO Is weekly report enabled: enable
2023-01-02T06:30:13+00:00 INFO Is weekly report enabled: enable
2023-01-02T06:32:12+00:00 INFO Is weekly report enabled: enable
2023-01-02T06:32:14+00:00 INFO Is weekly report enabled: enable
2023-01-02T06:34:13+00:00 INFO Is weekly report enabled: enable
2023-01-02T06:34:15+00:00 INFO Is weekly report enabled: enable
2023-01-02T06:36:14+00:00 INFO Is weekly report enabled: enable
2023-01-02T06:36:16+00:00 INFO Is weekly report enabled: enable
2023-01-02T07:14:54+00:00 INFO Is weekly report enabled: enable
2023-01-02T07:14:54+00:00 INFO Is weekly report enabled: enable
2023-01-02T07:16:12+00:00 INFO Is weekly report enabled: enable
2023-01-02T07:18:12+00:00 INFO Is weekly report enabled: enable
2023-01-02T07:18:14+00:00 INFO Is weekly report enabled: enable
2023-01-02T07:20:13+00:00 INFO Is weekly report enabled: enable
2023-01-02T07:20:15+00:00 INFO Is weekly report enabled: enable
2023-01-02T07:22:14+00:00 INFO Is weekly report enabled: enable
2023-01-02T07:22:16+00:00 INFO Is weekly report enabled: enable
2023-01-02T07:24:15+00:00 INFO Is weekly report enabled: enable
2023-01-02T07:24:17+00:00 INFO Is weekly report enabled: enable
2023-01-02T07:54:29+00:00 INFO Is weekly report enabled: enable
2023-01-02T07:54:30+00:00 INFO Is weekly report enabled: enable
2023-01-02T07:55:30+00:00 INFO Is weekly report enabled: enable
2023-01-02T07:57:31+00:00 INFO Is weekly report enabled: enable
2023-01-02T07:57:32+00:00 INFO Is weekly report enabled: enable
2023-01-02T07:59:32+00:00 INFO Is weekly report enabled: enable
2023-01-02T07:59:34+00:00 INFO Is weekly report enabled: enable
2023-01-02T08:01:33+00:00 INFO Is weekly report enabled: enable
2023-01-02T08:01:35+00:00 INFO Is weekly report enabled: enable
2023-01-02T08:03:33+00:00 INFO Is weekly report enabled: enable
2023-01-02T08:03:35+00:00 INFO Is weekly report enabled: enable
2023-01-02T08:05:34+00:00 INFO Is weekly report enabled: enable
2023-01-02T08:05:36+00:00 INFO Is weekly report enabled: enable
2023-01-02T08:24:08+00:00 INFO Is weekly report enabled: enable
2023-01-02T08:26:09+00:00 INFO Is weekly report enabled: enable
2023-01-02T08:26:10+00:00 INFO Is weekly report enabled: enable
2023-01-02T08:28:09+00:00 INFO Is weekly report enabled: enable
2023-01-02T08:28:11+00:00 INFO Is weekly report enabled: enable
2023-01-02T08:30:10+00:00 INFO Is weekly report enabled: enable
2023-01-02T08:30:12+00:00 INFO Is weekly report enabled: enable
2023-01-02T08:32:11+00:00 INFO Is weekly report enabled: enable
2023-01-02T08:32:13+00:00 INFO Is weekly report enabled: enable
2023-01-02T08:32:13+00:00 INFO Is weekly report enabled: enable
2023-01-02T08:33:12+00:00 INFO Is weekly report enabled: enable
2023-01-02T08:34:13+00:00 INFO Is weekly report enabled: enable
2023-01-02T08:34:15+00:00 INFO Is weekly report enabled: enable
2023-01-02T08:36:15+00:00 INFO Is weekly report enabled: enable
2023-01-02T08:36:16+00:00 INFO Is weekly report enabled: enable
2023-01-02T08:38:15+00:00 INFO Is weekly report enabled: enable
2023-01-02T08:38:17+00:00 INFO Is weekly report enabled: enable
2023-01-02T08:40:16+00:00 INFO Is weekly report enabled: enable
2023-01-02T08:40:18+00:00 INFO Is weekly report enabled: enable
2023-01-02T08:42:18+00:00 INFO Is weekly report enabled: enable
2023-01-02T08:42:19+00:00 INFO Is weekly report enabled: enable
2023-01-02T09:08:20+00:00 INFO Is weekly report enabled: enable
2023-01-02T09:08:22+00:00 INFO Is weekly report enabled: enable
2023-01-02T09:10:21+00:00 INFO Is weekly report enabled: enable
2023-01-02T09:10:22+00:00 INFO Is weekly report enabled: enable
2023-01-02T09:12:08+00:00 INFO Is weekly report enabled: enable
2023-01-02T09:13:09+00:00 INFO Is weekly report enabled: enable
2023-01-02T09:15:09+00:00 INFO Is weekly report enabled: enable
2023-01-02T09:15:11+00:00 INFO Is weekly report enabled: enable
2023-01-02T09:17:10+00:00 INFO Is weekly report enabled: enable
2023-01-02T09:17:12+00:00 INFO Is weekly report enabled: enable
2023-01-02T09:18:50+00:00 INFO Is weekly report enabled: enable
2023-01-02T09:19:25+00:00 INFO Is weekly report enabled: enable
2023-01-02T09:19:26+00:00 INFO Is weekly report enabled: enable
2023-01-02T09:19:35+00:00 INFO Is weekly report enabled: enable
2023-01-02T09:19:36+00:00 INFO Is weekly report enabled: enable
2023-01-02T09:19:37+00:00 INFO Is weekly report enabled: enable
2023-01-02T09:19:41+00:00 INFO Is weekly report enabled: enable
2023-01-02T09:19:43+00:00 INFO Is weekly report enabled: enable
2023-01-02T09:19:46+00:00 INFO Is weekly report enabled: enable
2023-01-02T09:19:49+00:00 INFO Is weekly report enabled: enable
2023-01-02T09:20:10+00:00 INFO Start-Cartflows_Frontend::redirect_to_thankyou_page
2023-01-02T09:20:10+00:00 INFO Only for thank you page
2023-01-02T09:20:10+00:00 INFO End-Cartflows_Frontend::redirect_to_thankyou_page
2023-01-02T09:21:52+00:00 INFO Is weekly report enabled: enable
2023-01-02T09:23:53+00:00 INFO Is weekly report enabled: enable
2023-01-02T09:23:54+00:00 INFO Is weekly report enabled: enable
2023-01-02T09:24:19+00:00 INFO Is weekly report enabled: enable
2023-01-02T09:24:40+00:00 INFO Is weekly report enabled: enable
2023-01-02T09:25:41+00:00 INFO Is weekly report enabled: enable
2023-01-02T09:26:41+00:00 INFO Is weekly report enabled: enable
2023-01-02T09:27:41+00:00 INFO Is weekly report enabled: enable
2023-01-02T09:29:42+00:00 INFO Is weekly report enabled: enable
2023-01-02T09:29:44+00:00 INFO Is weekly report enabled: enable
2023-01-02T09:31:43+00:00 INFO Is weekly report enabled: enable
2023-01-02T09:31:45+00:00 INFO Is weekly report enabled: enable
2023-01-02T09:33:44+00:00 INFO Is weekly report enabled: enable
2023-01-02T09:33:46+00:00 INFO Is weekly report enabled: enable
2023-01-02T09:35:45+00:00 INFO Is weekly report enabled: enable
2023-01-02T09:35:47+00:00 INFO Is weekly report enabled: enable
2023-01-02T13:22:06+00:00 INFO Is weekly report enabled: enable
2023-01-02T13:22:06+00:00 INFO Is weekly report enabled: enable
2023-01-02T13:22:08+00:00 INFO Is weekly report enabled: enable
2023-01-02T13:22:29+00:00 INFO Is weekly report enabled: enable
2023-01-02T13:22:54+00:00 INFO Is weekly report enabled: enable
2023-01-02T13:23:12+00:00 INFO Is weekly report enabled: enable
2023-01-02T13:23:54+00:00 INFO Is weekly report enabled: enable
2023-01-02T13:24:14+00:00 INFO Is weekly report enabled: enable
2023-01-02T13:24:15+00:00 INFO Is weekly report enabled: enable
2023-01-02T13:24:16+00:00 INFO Is weekly report enabled: enable
2023-01-02T13:24:19+00:00 INFO Is weekly report enabled: enable
2023-01-02T13:24:34+00:00 INFO Is weekly report enabled: enable
2023-01-02T13:26:36+00:00 INFO Is weekly report enabled: enable
2023-01-02T13:26:38+00:00 INFO Is weekly report enabled: enable
2023-01-02T13:27:23+00:00 INFO Is weekly report enabled: enable
2023-01-02T13:27:41+00:00 INFO Is weekly report enabled: enable
2023-01-02T13:29:44+00:00 INFO Is weekly report enabled: enable
2023-01-02T13:29:45+00:00 INFO Is weekly report enabled: enable
2023-01-02T13:31:44+00:00 INFO Is weekly report enabled: enable
2023-01-02T13:31:46+00:00 INFO Is weekly report enabled: enable
2023-01-02T13:33:45+00:00 INFO Is weekly report enabled: enable
2023-01-02T13:35:46+00:00 INFO Is weekly report enabled: enable
2023-01-02T13:35:48+00:00 INFO Is weekly report enabled: enable
2023-01-02T13:37:32+00:00 INFO Is weekly report enabled: enable
2023-01-02T13:37:50+00:00 INFO Is weekly report enabled: enable
2023-01-02T13:38:51+00:00 INFO Is weekly report enabled: enable
2023-01-02T13:38:52+00:00 INFO Is weekly report enabled: enable
2023-01-02T13:38:59+00:00 INFO Is weekly report enabled: enable
2023-01-02T13:39:06+00:00 INFO Is weekly report enabled: enable
2023-01-02T13:39:13+00:00 INFO Is weekly report enabled: enable
2023-01-02T13:39:20+00:00 INFO Is weekly report enabled: enable
2023-01-02T13:39:26+00:00 INFO Is weekly report enabled: enable
2023-01-02T13:39:33+00:00 INFO Is weekly report enabled: enable
2023-01-02T13:39:39+00:00 INFO Is weekly report enabled: enable
2023-01-02T13:39:46+00:00 INFO Is weekly report enabled: enable
2023-01-02T13:39:50+00:00 INFO Is weekly report enabled: enable
2023-01-02T13:39:52+00:00 INFO Is weekly report enabled: enable
2023-01-02T13:40:51+00:00 INFO Is weekly report enabled: enable
2023-01-02T13:40:52+00:00 INFO Is weekly report enabled: enable
2023-01-02T13:40:59+00:00 INFO Is weekly report enabled: enable
2023-01-02T13:41:06+00:00 INFO Is weekly report enabled: enable
2023-01-02T13:41:13+00:00 INFO Is weekly report enabled: enable
2023-01-02T13:41:20+00:00 INFO Is weekly report enabled: enable
2023-01-02T13:41:26+00:00 INFO Is weekly report enabled: enable
2023-01-02T13:41:33+00:00 INFO Is weekly report enabled: enable
2023-01-02T13:41:39+00:00 INFO Is weekly report enabled: enable
2023-01-02T13:41:46+00:00 INFO Is weekly report enabled: enable
2023-01-02T13:41:50+00:00 INFO Is weekly report enabled: enable
2023-01-02T13:41:52+00:00 INFO Is weekly report enabled: enable
2023-01-02T13:43:27+00:00 INFO Is weekly report enabled: enable
2023-01-02T13:43:50+00:00 INFO Is weekly report enabled: enable
2023-01-02T13:44:51+00:00 INFO Is weekly report enabled: enable
2023-01-02T13:44:53+00:00 INFO Is weekly report enabled: enable
2023-01-02T13:44:59+00:00 INFO Is weekly report enabled: enable
2023-01-02T13:45:07+00:00 INFO Is weekly report enabled: enable
2023-01-02T13:45:13+00:00 INFO Is weekly report enabled: enable
2023-01-02T13:45:20+00:00 INFO Is weekly report enabled: enable
2023-01-02T13:45:26+00:00 INFO Is weekly report enabled: enable
2023-01-02T13:45:33+00:00 INFO Is weekly report enabled: enable
2023-01-02T13:45:40+00:00 INFO Is weekly report enabled: enable
2023-01-02T13:45:46+00:00 INFO Is weekly report enabled: enable
2023-01-02T13:45:50+00:00 INFO Is weekly report enabled: enable
2023-01-02T13:45:53+00:00 INFO Is weekly report enabled: enable
2023-01-02T13:46:51+00:00 INFO Is weekly report enabled: enable
2023-01-02T13:46:52+00:00 INFO Is weekly report enabled: enable
2023-01-02T13:46:59+00:00 INFO Is weekly report enabled: enable
2023-01-02T13:47:07+00:00 INFO Is weekly report enabled: enable
2023-01-02T13:47:13+00:00 INFO Is weekly report enabled: enable
2023-01-02T13:47:20+00:00 INFO Is weekly report enabled: enable
2023-01-02T13:47:26+00:00 INFO Is weekly report enabled: enable
2023-01-02T13:47:33+00:00 INFO Is weekly report enabled: enable
2023-01-02T13:47:39+00:00 INFO Is weekly report enabled: enable
2023-01-02T13:47:46+00:00 INFO Is weekly report enabled: enable
2023-01-02T13:47:50+00:00 INFO Is weekly report enabled: enable
2023-01-02T13:47:52+00:00 INFO Is weekly report enabled: enable
2023-01-02T13:48:51+00:00 INFO Is weekly report enabled: enable
2023-01-02T13:48:53+00:00 INFO Is weekly report enabled: enable
2023-01-02T13:48:59+00:00 INFO Is weekly report enabled: enable
2023-01-02T13:49:07+00:00 INFO Is weekly report enabled: enable
2023-01-02T13:49:14+00:00 INFO Is weekly report enabled: enable
2023-01-02T13:49:20+00:00 INFO Is weekly report enabled: enable
2023-01-02T13:49:27+00:00 INFO Is weekly report enabled: enable
2023-01-02T13:49:34+00:00 INFO Is weekly report enabled: enable
2023-01-02T13:49:41+00:00 INFO Is weekly report enabled: enable
2023-01-02T13:49:48+00:00 INFO Is weekly report enabled: enable
2023-01-02T13:49:50+00:00 INFO Is weekly report enabled: enable
2023-01-02T13:49:54+00:00 INFO Is weekly report enabled: enable
2023-01-02T13:50:51+00:00 INFO Is weekly report enabled: enable
2023-01-02T13:50:53+00:00 INFO Is weekly report enabled: enable
2023-01-02T13:50:59+00:00 INFO Is weekly report enabled: enable
2023-01-02T13:51:07+00:00 INFO Is weekly report enabled: enable
2023-01-02T13:51:13+00:00 INFO Is weekly report enabled: enable
2023-01-02T13:51:20+00:00 INFO Is weekly report enabled: enable
2023-01-02T13:51:26+00:00 INFO Is weekly report enabled: enable
2023-01-02T13:51:33+00:00 INFO Is weekly report enabled: enable
2023-01-02T13:51:40+00:00 INFO Is weekly report enabled: enable
2023-01-02T13:51:46+00:00 INFO Is weekly report enabled: enable
2023-01-02T13:51:50+00:00 INFO Is weekly report enabled: enable
2023-01-02T13:51:53+00:00 INFO Is weekly report enabled: enable
2023-01-02T13:52:51+00:00 INFO Is weekly report enabled: enable
2023-01-02T13:52:53+00:00 INFO Is weekly report enabled: enable
2023-01-02T13:52:59+00:00 INFO Is weekly report enabled: enable
2023-01-02T13:53:07+00:00 INFO Is weekly report enabled: enable
2023-01-02T13:53:13+00:00 INFO Is weekly report enabled: enable
2023-01-02T13:53:20+00:00 INFO Is weekly report enabled: enable
2023-01-02T13:53:26+00:00 INFO Is weekly report enabled: enable
2023-01-02T13:53:33+00:00 INFO Is weekly report enabled: enable
2023-01-02T13:53:40+00:00 INFO Is weekly report enabled: enable
2023-01-02T13:53:46+00:00 INFO Is weekly report enabled: enable
2023-01-02T13:53:50+00:00 INFO Is weekly report enabled: enable
2023-01-02T13:53:53+00:00 INFO Is weekly report enabled: enable
2023-01-02T13:54:52+00:00 INFO Is weekly report enabled: enable
2023-01-02T13:54:53+00:00 INFO Is weekly report enabled: enable
2023-01-02T13:55:00+00:00 INFO Is weekly report enabled: enable
2023-01-02T13:55:07+00:00 INFO Is weekly report enabled: enable
2023-01-02T13:55:14+00:00 INFO Is weekly report enabled: enable
2023-01-02T13:55:21+00:00 INFO Is weekly report enabled: enable
2023-01-02T13:55:27+00:00 INFO Is weekly report enabled: enable
2023-01-02T13:55:34+00:00 INFO Is weekly report enabled: enable
2023-01-02T13:55:40+00:00 INFO Is weekly report enabled: enable
2023-01-02T13:55:47+00:00 INFO Is weekly report enabled: enable
2023-01-02T13:55:54+00:00 INFO Is weekly report enabled: enable
2023-01-02T13:56:52+00:00 INFO Is weekly report enabled: enable
2023-01-02T13:56:54+00:00 INFO Is weekly report enabled: enable
2023-01-02T13:57:02+00:00 INFO Is weekly report enabled: enable
2023-01-02T13:57:08+00:00 INFO Is weekly report enabled: enable
2023-01-02T13:57:15+00:00 INFO Is weekly report enabled: enable
2023-01-02T13:57:21+00:00 INFO Is weekly report enabled: enable
2023-01-02T13:57:28+00:00 INFO Is weekly report enabled: enable
2023-01-02T13:57:35+00:00 INFO Is weekly report enabled: enable
2023-01-02T13:57:41+00:00 INFO Is weekly report enabled: enable
2023-01-02T13:57:48+00:00 INFO Is weekly report enabled: enable
2023-01-02T13:57:55+00:00 INFO Is weekly report enabled: enable
2023-01-02T13:58:53+00:00 INFO Is weekly report enabled: enable
2023-01-02T13:58:55+00:00 INFO Is weekly report enabled: enable
2023-01-02T13:59:03+00:00 INFO Is weekly report enabled: enable
2023-01-02T13:59:09+00:00 INFO Is weekly report enabled: enable
2023-01-02T13:59:16+00:00 INFO Is weekly report enabled: enable
2023-01-02T13:59:23+00:00 INFO Is weekly report enabled: enable
2023-01-02T13:59:29+00:00 INFO Is weekly report enabled: enable
2023-01-02T13:59:36+00:00 INFO Is weekly report enabled: enable
2023-01-02T13:59:43+00:00 INFO Is weekly report enabled: enable
2023-01-02T13:59:49+00:00 INFO Is weekly report enabled: enable
2023-01-02T13:59:56+00:00 INFO Is weekly report enabled: enable
2023-01-02T14:00:54+00:00 INFO Is weekly report enabled: enable
2023-01-02T14:00:56+00:00 INFO Is weekly report enabled: enable
2023-01-02T14:01:04+00:00 INFO Is weekly report enabled: enable
2023-01-02T14:01:10+00:00 INFO Is weekly report enabled: enable
2023-01-02T14:01:17+00:00 INFO Is weekly report enabled: enable
2023-01-02T14:01:24+00:00 INFO Is weekly report enabled: enable
2023-01-02T14:01:30+00:00 INFO Is weekly report enabled: enable
2023-01-02T14:01:37+00:00 INFO Is weekly report enabled: enable
2023-01-02T14:01:43+00:00 INFO Is weekly report enabled: enable
2023-01-02T14:01:50+00:00 INFO Is weekly report enabled: enable
2023-01-02T14:01:57+00:00 INFO Is weekly report enabled: enable
2023-01-02T14:02:55+00:00 INFO Is weekly report enabled: enable
2023-01-02T14:02:57+00:00 INFO Is weekly report enabled: enable
2023-01-02T14:03:05+00:00 INFO Is weekly report enabled: enable
2023-01-02T14:03:11+00:00 INFO Is weekly report enabled: enable
2023-01-02T14:03:18+00:00 INFO Is weekly report enabled: enable
2023-01-02T14:03:24+00:00 INFO Is weekly report enabled: enable
2023-01-02T14:03:31+00:00 INFO Is weekly report enabled: enable
2023-01-02T14:03:38+00:00 INFO Is weekly report enabled: enable
2023-01-02T14:03:44+00:00 INFO Is weekly report enabled: enable
2023-01-02T14:03:51+00:00 INFO Is weekly report enabled: enable
2023-01-02T14:03:58+00:00 INFO Is weekly report enabled: enable
2023-01-02T14:09:48+00:00 INFO Is weekly report enabled: enable
2023-01-02T14:09:54+00:00 INFO Is weekly report enabled: enable
2023-01-02T14:11:56+00:00 INFO Is weekly report enabled: enable
2023-01-02T14:11:58+00:00 INFO Is weekly report enabled: enable
2023-01-02T14:13:57+00:00 INFO Is weekly report enabled: enable
2023-01-02T14:13:59+00:00 INFO Is weekly report enabled: enable
2023-01-02T14:15:58+00:00 INFO Is weekly report enabled: enable
2023-01-02T14:16:00+00:00 INFO Is weekly report enabled: enable
2023-01-02T14:17:59+00:00 INFO Is weekly report enabled: enable
2023-01-02T14:18:01+00:00 INFO Is weekly report enabled: enable
2023-01-02T14:20:00+00:00 INFO Is weekly report enabled: enable
2023-01-02T14:20:02+00:00 INFO Is weekly report enabled: enable
2023-01-02T14:22:01+00:00 INFO Is weekly report enabled: enable
2023-01-02T14:22:03+00:00 INFO Is weekly report enabled: enable
2023-01-02T14:24:02+00:00 INFO Is weekly report enabled: enable
2023-01-02T14:24:04+00:00 INFO Is weekly report enabled: enable
2023-01-02T14:26:03+00:00 INFO Is weekly report enabled: enable
2023-01-02T14:26:05+00:00 INFO Is weekly report enabled: enable
2023-01-02T14:28:04+00:00 INFO Is weekly report enabled: enable
2023-01-02T14:28:06+00:00 INFO Is weekly report enabled: enable
2023-01-02T14:30:05+00:00 INFO Is weekly report enabled: enable
2023-01-02T14:30:07+00:00 INFO Is weekly report enabled: enable
2023-01-02T14:32:06+00:00 INFO Is weekly report enabled: enable
2023-01-02T14:32:08+00:00 INFO Is weekly report enabled: enable
2023-01-02T14:34:07+00:00 INFO Is weekly report enabled: enable
2023-01-02T14:36:08+00:00 INFO Is weekly report enabled: enable
2023-01-02T14:36:10+00:00 INFO Is weekly report enabled: enable
2023-01-02T14:38:09+00:00 INFO Is weekly report enabled: enable
2023-01-02T14:38:11+00:00 INFO Is weekly report enabled: enable
2023-01-02T14:40:10+00:00 INFO Is weekly report enabled: enable
2023-01-02T14:40:12+00:00 INFO Is weekly report enabled: enable
2023-01-02T14:42:11+00:00 INFO Is weekly report enabled: enable
2023-01-02T14:42:13+00:00 INFO Is weekly report enabled: enable
2023-01-02T14:44:12+00:00 INFO Is weekly report enabled: enable
2023-01-02T14:44:14+00:00 INFO Is weekly report enabled: enable
2023-01-02T14:46:13+00:00 INFO Is weekly report enabled: enable
2023-01-02T14:46:15+00:00 INFO Is weekly report enabled: enable
2023-01-02T14:48:45+00:00 INFO Is weekly report enabled: enable
2023-01-02T14:50:15+00:00 INFO Is weekly report enabled: enable
2023-01-02T14:52:16+00:00 INFO Is weekly report enabled: enable
2023-01-02T14:52:18+00:00 INFO Is weekly report enabled: enable
2023-01-02T14:54:17+00:00 INFO Is weekly report enabled: enable
2023-01-02T14:54:19+00:00 INFO Is weekly report enabled: enable
2023-01-02T14:56:18+00:00 INFO Is weekly report enabled: enable
2023-01-02T14:56:20+00:00 INFO Is weekly report enabled: enable
2023-01-02T15:17:25+00:00 INFO Is weekly report enabled: enable
2023-01-02T15:17:38+00:00 INFO Is weekly report enabled: enable
2023-01-02T15:17:42+00:00 INFO Is weekly report enabled: enable
2023-01-02T15:17:42+00:00 INFO Is weekly report enabled: enable
2023-01-02T15:17:42+00:00 INFO Is weekly report enabled: enable
2023-01-02T15:17:44+00:00 INFO Is weekly report enabled: enable
2023-01-02T15:17:47+00:00 INFO Is weekly report enabled: enable
2023-01-02T15:18:10+00:00 INFO Is weekly report enabled: enable
2023-01-02T15:18:31+00:00 INFO Is weekly report enabled: enable
2023-01-02T15:18:45+00:00 INFO Is weekly report enabled: enable
2023-01-02T15:19:04+00:00 INFO Is weekly report enabled: enable
2023-01-02T15:20:11+00:00 INFO Is weekly report enabled: enable
2023-01-02T15:20:12+00:00 INFO Is weekly report enabled: enable
2023-01-02T15:21:46+00:00 INFO Is weekly report enabled: enable
2023-01-02T15:22:45+00:00 INFO Is weekly report enabled: enable
2023-01-02T15:24:47+00:00 INFO Is weekly report enabled: enable
2023-01-02T15:24:49+00:00 INFO Is weekly report enabled: enable
2023-01-02T15:26:48+00:00 INFO Is weekly report enabled: enable
2023-01-02T15:26:50+00:00 INFO Is weekly report enabled: enable
2023-01-02T15:28:49+00:00 INFO Is weekly report enabled: enable
2023-01-02T15:28:51+00:00 INFO Is weekly report enabled: enable
2023-01-02T15:30:32+00:00 INFO Is weekly report enabled: enable
2023-01-02T15:30:35+00:00 INFO Is weekly report enabled: enable
2023-01-02T15:30:42+00:00 INFO Is weekly report enabled: enable
2023-01-02T15:30:48+00:00 INFO Is weekly report enabled: enable
2023-01-02T15:31:11+00:00 INFO Is weekly report enabled: enable
2023-01-02T15:31:29+00:00 INFO Is weekly report enabled: enable
2023-01-02T15:32:30+00:00 INFO Is weekly report enabled: enable
2023-01-02T15:32:31+00:00 INFO Is weekly report enabled: enable
2023-01-02T15:32:38+00:00 INFO Is weekly report enabled: enable
2023-01-02T15:32:45+00:00 INFO Is weekly report enabled: enable
2023-01-02T15:32:51+00:00 INFO Is weekly report enabled: enable
2023-01-02T15:32:58+00:00 INFO Is weekly report enabled: enable
2023-01-02T15:33:05+00:00 INFO Is weekly report enabled: enable
2023-01-02T15:33:12+00:00 INFO Is weekly report enabled: enable
2023-01-02T15:33:19+00:00 INFO Is weekly report enabled: enable
2023-01-02T15:33:25+00:00 INFO Is weekly report enabled: enable
2023-01-02T15:33:29+00:00 INFO Is weekly report enabled: enable
2023-01-02T15:33:32+00:00 INFO Is weekly report enabled: enable
2023-01-02T15:34:30+00:00 INFO Is weekly report enabled: enable
2023-01-02T15:35:30+00:00 INFO Is weekly report enabled: enable
2023-01-02T15:36:31+00:00 INFO Is weekly report enabled: enable
2023-01-02T15:36:32+00:00 INFO Is weekly report enabled: enable
2023-01-02T15:36:39+00:00 INFO Is weekly report enabled: enable
2023-01-02T15:36:45+00:00 INFO Is weekly report enabled: enable
2023-01-02T15:36:52+00:00 INFO Is weekly report enabled: enable
2023-01-02T15:36:59+00:00 INFO Is weekly report enabled: enable
2023-01-02T15:37:06+00:00 INFO Is weekly report enabled: enable
2023-01-02T15:37:13+00:00 INFO Is weekly report enabled: enable
2023-01-02T15:37:20+00:00 INFO Is weekly report enabled: enable
2023-01-02T15:37:26+00:00 INFO Is weekly report enabled: enable
2023-01-02T15:37:33+00:00 INFO Is weekly report enabled: enable
2023-01-02T15:38:31+00:00 INFO Is weekly report enabled: enable
2023-01-02T15:38:33+00:00 INFO Is weekly report enabled: enable
2023-01-02T15:38:39+00:00 INFO Is weekly report enabled: enable
2023-01-02T15:38:46+00:00 INFO Is weekly report enabled: enable
2023-01-02T15:38:53+00:00 INFO Is weekly report enabled: enable
2023-01-02T15:38:59+00:00 INFO Is weekly report enabled: enable
2023-01-02T15:39:07+00:00 INFO Is weekly report enabled: enable
2023-01-02T15:39:14+00:00 INFO Is weekly report enabled: enable
2023-01-02T15:39:20+00:00 INFO Is weekly report enabled: enable
2023-01-02T15:39:27+00:00 INFO Is weekly report enabled: enable
2023-01-02T15:39:33+00:00 INFO Is weekly report enabled: enable
2023-01-02T15:40:32+00:00 INFO Is weekly report enabled: enable
2023-01-02T15:40:34+00:00 INFO Is weekly report enabled: enable
2023-01-02T15:40:40+00:00 INFO Is weekly report enabled: enable
2023-01-02T15:40:47+00:00 INFO Is weekly report enabled: enable
2023-01-02T15:40:54+00:00 INFO Is weekly report enabled: enable
2023-01-02T15:41:00+00:00 INFO Is weekly report enabled: enable
2023-01-02T15:41:08+00:00 INFO Is weekly report enabled: enable
2023-01-02T15:41:14+00:00 INFO Is weekly report enabled: enable
2023-01-02T15:41:21+00:00 INFO Is weekly report enabled: enable
2023-01-02T15:41:28+00:00 INFO Is weekly report enabled: enable
2023-01-02T15:41:34+00:00 INFO Is weekly report enabled: enable
2023-01-02T15:42:33+00:00 INFO Is weekly report enabled: enable
2023-01-02T15:42:35+00:00 INFO Is weekly report enabled: enable
2023-01-02T15:42:41+00:00 INFO Is weekly report enabled: enable
2023-01-02T15:42:48+00:00 INFO Is weekly report enabled: enable
2023-01-02T15:42:55+00:00 INFO Is weekly report enabled: enable
2023-01-02T15:43:03+00:00 INFO Is weekly report enabled: enable
2023-01-02T15:43:10+00:00 INFO Is weekly report enabled: enable
2023-01-02T15:43:16+00:00 INFO Is weekly report enabled: enable
2023-01-02T15:43:23+00:00 INFO Is weekly report enabled: enable
2023-01-02T15:43:29+00:00 INFO Is weekly report enabled: enable
2023-01-02T15:43:36+00:00 INFO Is weekly report enabled: enable
2023-01-02T15:44:34+00:00 INFO Is weekly report enabled: enable
2023-01-02T15:44:36+00:00 INFO Is weekly report enabled: enable
2023-01-02T15:44:42+00:00 INFO Is weekly report enabled: enable
2023-01-02T15:44:49+00:00 INFO Is weekly report enabled: enable
2023-01-02T15:44:56+00:00 INFO Is weekly report enabled: enable
2023-01-02T15:45:04+00:00 INFO Is weekly report enabled: enable
2023-01-02T15:45:10+00:00 INFO Is weekly report enabled: enable
2023-01-02T15:45:17+00:00 INFO Is weekly report enabled: enable
2023-01-02T15:45:23+00:00 INFO Is weekly report enabled: enable
2023-01-02T15:45:30+00:00 INFO Is weekly report enabled: enable
2023-01-02T15:45:36+00:00 INFO Is weekly report enabled: enable
2023-01-02T15:46:36+00:00 INFO Is weekly report enabled: enable
2023-01-02T15:46:37+00:00 INFO Is weekly report enabled: enable
2023-01-02T15:46:44+00:00 INFO Is weekly report enabled: enable
2023-01-02T15:46:50+00:00 INFO Is weekly report enabled: enable
2023-01-02T15:46:57+00:00 INFO Is weekly report enabled: enable
2023-01-02T15:47:04+00:00 INFO Is weekly report enabled: enable
2023-01-02T15:47:11+00:00 INFO Is weekly report enabled: enable
2023-01-02T15:47:18+00:00 INFO Is weekly report enabled: enable
2023-01-02T15:47:24+00:00 INFO Is weekly report enabled: enable
2023-01-02T15:47:31+00:00 INFO Is weekly report enabled: enable
2023-01-02T15:47:37+00:00 INFO Is weekly report enabled: enable
2023-01-02T16:02:20+00:00 INFO Is weekly report enabled: enable
2023-01-02T16:02:23+00:00 INFO Is weekly report enabled: enable
2023-01-02T16:04:25+00:00 INFO Is weekly report enabled: enable
2023-01-02T16:04:26+00:00 INFO Is weekly report enabled: enable
2023-01-02T16:06:25+00:00 INFO Is weekly report enabled: enable
2023-01-02T16:06:27+00:00 INFO Is weekly report enabled: enable
2023-01-02T16:08:23+00:00 INFO Is weekly report enabled: enable
2023-01-02T16:08:27+00:00 INFO Is weekly report enabled: enable
2023-01-02T16:08:44+00:00 INFO Is weekly report enabled: enable
2023-01-02T16:10:46+00:00 INFO Is weekly report enabled: enable
2023-01-02T16:10:48+00:00 INFO Is weekly report enabled: enable
2023-01-02T16:12:47+00:00 INFO Is weekly report enabled: enable
2023-01-02T16:12:49+00:00 INFO Is weekly report enabled: enable
2023-01-02T16:14:48+00:00 INFO Is weekly report enabled: enable
2023-01-02T16:14:50+00:00 INFO Is weekly report enabled: enable
2023-01-02T16:16:49+00:00 INFO Is weekly report enabled: enable
2023-01-02T16:16:51+00:00 INFO Is weekly report enabled: enable
2023-01-02T16:18:50+00:00 INFO Is weekly report enabled: enable
2023-01-02T16:18:52+00:00 INFO Is weekly report enabled: enable
2023-01-02T16:26:25+00:00 INFO Is weekly report enabled: enable
2023-01-02T16:26:42+00:00 INFO Is weekly report enabled: enable
2023-01-02T16:27:43+00:00 INFO Is weekly report enabled: enable
2023-01-02T16:27:45+00:00 INFO Is weekly report enabled: enable
2023-01-02T16:27:52+00:00 INFO Is weekly report enabled: enable
2023-01-02T16:27:58+00:00 INFO Is weekly report enabled: enable
2023-01-02T16:28:06+00:00 INFO Is weekly report enabled: enable
2023-01-02T16:28:12+00:00 INFO Is weekly report enabled: enable
2023-01-02T16:28:19+00:00 INFO Is weekly report enabled: enable
2023-01-02T16:28:25+00:00 INFO Is weekly report enabled: enable
2023-01-02T16:28:32+00:00 INFO Is weekly report enabled: enable
2023-01-02T16:28:39+00:00 INFO Is weekly report enabled: enable
2023-01-02T16:28:42+00:00 INFO Is weekly report enabled: enable
2023-01-02T16:28:45+00:00 INFO Is weekly report enabled: enable
2023-01-02T16:29:44+00:00 INFO Is weekly report enabled: enable
2023-01-02T16:29:46+00:00 INFO Is weekly report enabled: enable
2023-01-02T16:29:53+00:00 INFO Is weekly report enabled: enable
2023-01-02T16:29:59+00:00 INFO Is weekly report enabled: enable
2023-01-02T16:30:07+00:00 INFO Is weekly report enabled: enable
2023-01-02T16:30:13+00:00 INFO Is weekly report enabled: enable
2023-01-02T16:30:20+00:00 INFO Is weekly report enabled: enable
2023-01-02T16:30:27+00:00 INFO Is weekly report enabled: enable
2023-01-02T16:30:34+00:00 INFO Is weekly report enabled: enable
2023-01-02T16:30:41+00:00 INFO Is weekly report enabled: enable
2023-01-02T16:30:47+00:00 INFO Is weekly report enabled: enable
2023-01-02T16:31:45+00:00 INFO Is weekly report enabled: enable
2023-01-02T16:31:47+00:00 INFO Is weekly report enabled: enable
2023-01-02T16:31:53+00:00 INFO Is weekly report enabled: enable
2023-01-02T16:32:00+00:00 INFO Is weekly report enabled: enable
2023-01-02T16:32:07+00:00 INFO Is weekly report enabled: enable
2023-01-02T16:32:14+00:00 INFO Is weekly report enabled: enable
2023-01-02T16:32:20+00:00 INFO Is weekly report enabled: enable
2023-01-02T16:32:27+00:00 INFO Is weekly report enabled: enable
2023-01-02T16:32:34+00:00 INFO Is weekly report enabled: enable
2023-01-02T16:32:40+00:00 INFO Is weekly report enabled: enable
2023-01-02T16:32:47+00:00 INFO Is weekly report enabled: enable
2023-01-02T16:33:46+00:00 INFO Is weekly report enabled: enable
2023-01-02T16:33:48+00:00 INFO Is weekly report enabled: enable
2023-01-02T16:33:55+00:00 INFO Is weekly report enabled: enable
2023-01-02T16:34:02+00:00 INFO Is weekly report enabled: enable
2023-01-02T16:34:09+00:00 INFO Is weekly report enabled: enable
2023-01-02T16:34:15+00:00 INFO Is weekly report enabled: enable
2023-01-02T16:34:22+00:00 INFO Is weekly report enabled: enable
2023-01-02T16:34:28+00:00 INFO Is weekly report enabled: enable
2023-01-02T16:34:35+00:00 INFO Is weekly report enabled: enable
2023-01-02T16:34:43+00:00 INFO Is weekly report enabled: enable
2023-01-02T16:34:50+00:00 INFO Is weekly report enabled: enable
2023-01-02T16:35:47+00:00 INFO Is weekly report enabled: enable
2023-01-02T16:35:49+00:00 INFO Is weekly report enabled: enable
2023-01-02T16:35:55+00:00 INFO Is weekly report enabled: enable
2023-01-02T16:36:03+00:00 INFO Is weekly report enabled: enable
2023-01-02T16:36:10+00:00 INFO Is weekly report enabled: enable
2023-01-02T16:36:16+00:00 INFO Is weekly report enabled: enable
2023-01-02T16:36:23+00:00 INFO Is weekly report enabled: enable
2023-01-02T16:36:29+00:00 INFO Is weekly report enabled: enable
2023-01-02T16:36:36+00:00 INFO Is weekly report enabled: enable
2023-01-02T16:36:43+00:00 INFO Is weekly report enabled: enable
2023-01-02T16:36:49+00:00 INFO Is weekly report enabled: enable
2023-01-02T16:37:49+00:00 INFO Is weekly report enabled: enable
2023-01-02T16:37:50+00:00 INFO Is weekly report enabled: enable
2023-01-02T16:37:57+00:00 INFO Is weekly report enabled: enable
2023-01-02T16:38:04+00:00 INFO Is weekly report enabled: enable
2023-01-02T17:29:21+00:00 INFO Is weekly report enabled: enable
2023-01-02T17:29:22+00:00 INFO Is weekly report enabled: enable
2023-01-02T17:29:29+00:00 INFO Is weekly report enabled: enable
2023-01-02T17:29:35+00:00 INFO Is weekly report enabled: enable
2023-01-02T17:29:42+00:00 INFO Is weekly report enabled: enable
2023-01-02T17:29:49+00:00 INFO Is weekly report enabled: enable
2023-01-02T17:29:55+00:00 INFO Is weekly report enabled: enable
2023-01-02T17:29:59+00:00 INFO Is weekly report enabled: enable
2023-01-02T17:30:02+00:00 INFO Is weekly report enabled: enable
2023-01-02T17:30:02+00:00 INFO Is weekly report enabled: enable
2023-01-02T17:30:08+00:00 INFO Is weekly report enabled: enable
2023-01-02T17:30:09+00:00 INFO Is weekly report enabled: enable
2023-01-02T17:30:17+00:00 INFO Is weekly report enabled: enable
2023-01-02T17:31:19+00:00 INFO Is weekly report enabled: enable
2023-01-02T17:33:19+00:00 INFO Is weekly report enabled: enable
2023-01-02T17:33:21+00:00 INFO Is weekly report enabled: enable
2023-01-02T17:35:21+00:00 INFO Is weekly report enabled: enable
2023-01-02T17:36:20+00:00 INFO Is weekly report enabled: enable
2023-01-02T17:37:20+00:00 INFO Is weekly report enabled: enable
2023-01-02T17:40:20+00:00 INFO Is weekly report enabled: enable
2023-01-02T17:40:22+00:00 INFO Is weekly report enabled: enable
2023-01-02T17:40:25+00:00 INFO Is weekly report enabled: enable
2023-01-02T17:40:29+00:00 INFO Is weekly report enabled: enable
2023-01-02T17:40:35+00:00 INFO Is weekly report enabled: enable
2023-01-02T17:40:44+00:00 INFO Is weekly report enabled: enable
2023-01-02T17:43:44+00:00 INFO Is weekly report enabled: enable
2023-01-02T17:43:46+00:00 INFO Is weekly report enabled: enable
2023-01-02T17:43:48+00:00 INFO Is weekly report enabled: enable
2023-01-02T17:43:52+00:00 INFO Is weekly report enabled: enable
2023-01-02T17:43:59+00:00 INFO Is weekly report enabled: enable
2023-01-02T17:44:05+00:00 INFO Is weekly report enabled: enable
2023-01-02T17:44:06+00:00 INFO Is weekly report enabled: enable
2023-01-02T17:44:12+00:00 INFO Is weekly report enabled: enable
2023-01-02T17:44:18+00:00 INFO Is weekly report enabled: enable
2023-01-02T17:44:30+00:00 INFO Is weekly report enabled: enable
2023-01-02T17:44:41+00:00 INFO Is weekly report enabled: enable
2023-01-02T17:45:15+00:00 INFO Is weekly report enabled: enable
2023-01-02T17:45:16+00:00 INFO Is weekly report enabled: enable
2023-01-02T17:46:15+00:00 INFO Is weekly report enabled: enable
2023-01-02T17:46:17+00:00 INFO Is weekly report enabled: enable
2023-01-02T17:46:24+00:00 INFO Is weekly report enabled: enable
2023-01-02T17:46:30+00:00 INFO Is weekly report enabled: enable
2023-01-02T17:46:37+00:00 INFO Is weekly report enabled: enable
2023-01-02T17:46:43+00:00 INFO Is weekly report enabled: enable
2023-01-02T17:46:50+00:00 INFO Is weekly report enabled: enable
2023-01-02T17:46:57+00:00 INFO Is weekly report enabled: enable
2023-01-02T17:47:04+00:00 INFO Is weekly report enabled: enable
2023-01-02T17:47:11+00:00 INFO Is weekly report enabled: enable
2023-01-02T17:47:17+00:00 INFO Is weekly report enabled: enable
2023-01-02T17:48:16+00:00 INFO Is weekly report enabled: enable
2023-01-02T17:48:18+00:00 INFO Is weekly report enabled: enable
2023-01-02T17:48:24+00:00 INFO Is weekly report enabled: enable
2023-01-02T17:48:31+00:00 INFO Is weekly report enabled: enable
2023-01-02T17:48:38+00:00 INFO Is weekly report enabled: enable
2023-01-02T17:48:44+00:00 INFO Is weekly report enabled: enable
2023-01-02T17:48:51+00:00 INFO Is weekly report enabled: enable
2023-01-02T17:48:57+00:00 INFO Is weekly report enabled: enable
2023-01-02T17:49:05+00:00 INFO Is weekly report enabled: enable
2023-01-02T17:49:11+00:00 INFO Is weekly report enabled: enable
2023-01-02T17:49:18+00:00 INFO Is weekly report enabled: enable
2023-01-02T17:50:17+00:00 INFO Is weekly report enabled: enable
2023-01-02T17:50:19+00:00 INFO Is weekly report enabled: enable
2023-01-02T17:50:26+00:00 INFO Is weekly report enabled: enable
2023-01-02T17:50:33+00:00 INFO Is weekly report enabled: enable
2023-01-02T17:50:40+00:00 INFO Is weekly report enabled: enable
2023-01-02T17:50:46+00:00 INFO Is weekly report enabled: enable
2023-01-02T17:50:53+00:00 INFO Is weekly report enabled: enable
2023-01-02T17:50:59+00:00 INFO Is weekly report enabled: enable
2023-01-02T17:51:07+00:00 INFO Is weekly report enabled: enable
2023-01-02T17:51:13+00:00 INFO Is weekly report enabled: enable
2023-01-02T17:51:20+00:00 INFO Is weekly report enabled: enable
2023-01-02T17:52:18+00:00 INFO Is weekly report enabled: enable
2023-01-02T17:52:20+00:00 INFO Is weekly report enabled: enable
2023-01-02T17:52:26+00:00 INFO Is weekly report enabled: enable
2023-01-02T17:52:33+00:00 INFO Is weekly report enabled: enable
2023-01-02T17:52:40+00:00 INFO Is weekly report enabled: enable
2023-01-02T17:52:46+00:00 INFO Is weekly report enabled: enable
2023-01-02T17:52:53+00:00 INFO Is weekly report enabled: enable
2023-01-02T17:52:59+00:00 INFO Is weekly report enabled: enable
2023-01-02T17:53:07+00:00 INFO Is weekly report enabled: enable
2023-01-02T17:53:13+00:00 INFO Is weekly report enabled: enable
2023-01-02T17:53:20+00:00 INFO Is weekly report enabled: enable
2023-01-02T17:54:20+00:00 INFO Is weekly report enabled: enable
2023-01-02T17:54:21+00:00 INFO Is weekly report enabled: enable
2023-01-02T17:54:28+00:00 INFO Is weekly report enabled: enable
2023-01-02T17:54:34+00:00 INFO Is weekly report enabled: enable
2023-01-02T17:54:41+00:00 INFO Is weekly report enabled: enable
2023-01-02T17:54:47+00:00 INFO Is weekly report enabled: enable
2023-01-02T17:54:54+00:00 INFO Is weekly report enabled: enable
2023-01-02T17:55:02+00:00 INFO Is weekly report enabled: enable
2023-01-02T17:55:08+00:00 INFO Is weekly report enabled: enable
2023-01-02T17:55:15+00:00 INFO Is weekly report enabled: enable
2023-01-02T17:55:21+00:00 INFO Is weekly report enabled: enable
2023-01-02T18:47:44+00:00 INFO Is weekly report enabled: enable
2023-01-02T18:50:21+00:00 INFO Is weekly report enabled: enable
2023-01-02T18:51:50+00:00 INFO Is weekly report enabled: enable
2023-01-02T18:52:38+00:00 INFO Is weekly report enabled: enable
2023-01-02T18:53:00+00:00 INFO Is weekly report enabled: enable
2023-01-02T18:54:01+00:00 INFO Is weekly report enabled: enable
2023-01-02T18:56:01+00:00 INFO Is weekly report enabled: enable
2023-01-02T18:56:03+00:00 INFO Is weekly report enabled: enable
2023-01-02T18:57:03+00:00 INFO Is weekly report enabled: enable
2023-01-02T18:59:03+00:00 INFO Is weekly report enabled: enable
2023-01-02T18:59:05+00:00 INFO Is weekly report enabled: enable
2023-01-02T19:01:04+00:00 INFO Is weekly report enabled: enable
2023-01-02T19:01:06+00:00 INFO Is weekly report enabled: enable
2023-01-02T19:03:06+00:00 INFO Is weekly report enabled: enable
2023-01-02T19:03:07+00:00 INFO Is weekly report enabled: enable
2023-01-02T19:05:07+00:00 INFO Is weekly report enabled: enable
2023-01-02T19:05:09+00:00 INFO Is weekly report enabled: enable
2023-01-02T19:15:12+00:00 INFO Is weekly report enabled: enable
2023-01-02T19:15:14+00:00 INFO Is weekly report enabled: enable
2023-01-02T19:16:27+00:00 INFO Is weekly report enabled: enable
2023-01-02T19:16:36+00:00 INFO Is weekly report enabled: enable
2023-01-02T19:16:54+00:00 INFO Is weekly report enabled: enable
2023-01-02T19:18:55+00:00 INFO Is weekly report enabled: enable
2023-01-02T19:18:57+00:00 INFO Is weekly report enabled: enable
2023-01-02T19:20:57+00:00 INFO Is weekly report enabled: enable
2023-01-02T19:20:59+00:00 INFO Is weekly report enabled: enable
2023-01-02T19:22:57+00:00 INFO Is weekly report enabled: enable
2023-01-02T19:22:59+00:00 INFO Is weekly report enabled: enable
2023-01-02T19:24:58+00:00 INFO Is weekly report enabled: enable
2023-01-02T19:25:00+00:00 INFO Is weekly report enabled: enable
2023-01-02T19:26:59+00:00 INFO Is weekly report enabled: enable
2023-01-02T19:27:01+00:00 INFO Is weekly report enabled: enable
2023-01-02T19:29:00+00:00 INFO Is weekly report enabled: enable
2023-01-02T19:29:02+00:00 INFO Is weekly report enabled: enable
2023-01-02T19:31:01+00:00 INFO Is weekly report enabled: enable
2023-01-02T19:31:03+00:00 INFO Is weekly report enabled: enable
2023-01-02T19:33:02+00:00 INFO Is weekly report enabled: enable
2023-01-02T19:33:04+00:00 INFO Is weekly report enabled: enable
2023-01-02T19:35:03+00:00 INFO Is weekly report enabled: enable
2023-01-02T19:35:05+00:00 INFO Is weekly report enabled: enable
2023-01-02T19:37:04+00:00 INFO Is weekly report enabled: enable
2023-01-02T19:37:06+00:00 INFO Is weekly report enabled: enable
2023-01-02T19:39:05+00:00 INFO Is weekly report enabled: enable
2023-01-02T19:39:07+00:00 INFO Is weekly report enabled: enable
2023-01-02T19:41:06+00:00 INFO Is weekly report enabled: enable
2023-01-02T19:41:08+00:00 INFO Is weekly report enabled: enable
2023-01-02T19:43:07+00:00 INFO Is weekly report enabled: enable
2023-01-02T19:43:09+00:00 INFO Is weekly report enabled: enable
2023-01-02T19:45:08+00:00 INFO Is weekly report enabled: enable
2023-01-02T19:45:10+00:00 INFO Is weekly report enabled: enable
2023-01-02T19:47:09+00:00 INFO Is weekly report enabled: enable
2023-01-02T19:47:11+00:00 INFO Is weekly report enabled: enable
2023-01-02T19:49:10+00:00 INFO Is weekly report enabled: enable
2023-01-02T19:51:11+00:00 INFO Is weekly report enabled: enable
2023-01-02T19:51:13+00:00 INFO Is weekly report enabled: enable
2023-01-02T19:53:12+00:00 INFO Is weekly report enabled: enable
2023-01-02T19:53:14+00:00 INFO Is weekly report enabled: enable
2023-01-02T19:55:13+00:00 INFO Is weekly report enabled: enable
2023-01-02T19:55:15+00:00 INFO Is weekly report enabled: enable
2023-01-02T19:57:44+00:00 INFO Is weekly report enabled: enable
2023-01-02T19:59:15+00:00 INFO Is weekly report enabled: enable
2023-01-02T20:01:16+00:00 INFO Is weekly report enabled: enable
2023-01-02T20:01:18+00:00 INFO Is weekly report enabled: enable
2023-01-02T20:03:17+00:00 INFO Is weekly report enabled: enable
2023-01-02T20:03:19+00:00 INFO Is weekly report enabled: enable
2023-01-02T20:05:18+00:00 INFO Is weekly report enabled: enable
2023-01-02T20:05:20+00:00 INFO Is weekly report enabled: enable
2023-01-02T20:07:19+00:00 INFO Is weekly report enabled: enable
2023-01-02T20:07:21+00:00 INFO Is weekly report enabled: enable
2023-01-02T20:09:20+00:00 INFO Is weekly report enabled: enable
2023-01-02T20:09:22+00:00 INFO Is weekly report enabled: enable
2023-01-02T20:11:21+00:00 INFO Is weekly report enabled: enable
2023-01-02T20:11:23+00:00 INFO Is weekly report enabled: enable
2023-01-02T20:13:22+00:00 INFO Is weekly report enabled: enable
2023-01-02T20:13:24+00:00 INFO Is weekly report enabled: enable
2023-01-02T20:15:23+00:00 INFO Is weekly report enabled: enable
2023-01-02T20:15:25+00:00 INFO Is weekly report enabled: enable
2023-01-02T20:17:24+00:00 INFO Is weekly report enabled: enable
2023-01-02T20:17:26+00:00 INFO Is weekly report enabled: enable
2023-01-02T20:19:25+00:00 INFO Is weekly report enabled: enable
2023-01-02T20:19:27+00:00 INFO Is weekly report enabled: enable
2023-01-02T20:21:26+00:00 INFO Is weekly report enabled: enable
2023-01-02T20:21:28+00:00 INFO Is weekly report enabled: enable
2023-01-02T20:23:27+00:00 INFO Is weekly report enabled: enable
2023-01-02T20:23:29+00:00 INFO Is weekly report enabled: enable
2023-01-02T20:25:28+00:00 INFO Is weekly report enabled: enable
2023-01-02T20:25:30+00:00 INFO Is weekly report enabled: enable
2023-01-02T20:27:29+00:00 INFO Is weekly report enabled: enable
2023-01-02T20:27:31+00:00 INFO Is weekly report enabled: enable
2023-01-02T20:29:30+00:00 INFO Is weekly report enabled: enable
2023-01-02T20:29:32+00:00 INFO Is weekly report enabled: enable
2023-01-02T20:31:31+00:00 INFO Is weekly report enabled: enable
2023-01-02T20:31:33+00:00 INFO Is weekly report enabled: enable
2023-01-02T20:33:32+00:00 INFO Is weekly report enabled: enable
2023-01-02T20:33:34+00:00 INFO Is weekly report enabled: enable
2023-01-02T20:35:33+00:00 INFO Is weekly report enabled: enable
2023-01-02T20:35:35+00:00 INFO Is weekly report enabled: enable
2023-01-02T20:37:34+00:00 INFO Is weekly report enabled: enable
2023-01-02T20:37:36+00:00 INFO Is weekly report enabled: enable
2023-01-02T20:39:35+00:00 INFO Is weekly report enabled: enable
2023-01-02T20:39:37+00:00 INFO Is weekly report enabled: enable
2023-01-02T20:41:36+00:00 INFO Is weekly report enabled: enable
2023-01-02T20:41:38+00:00 INFO Is weekly report enabled: enable
2023-01-02T20:43:37+00:00 INFO Is weekly report enabled: enable
2023-01-02T20:43:39+00:00 INFO Is weekly report enabled: enable
2023-01-02T20:45:38+00:00 INFO Is weekly report enabled: enable
2023-01-02T20:45:40+00:00 INFO Is weekly report enabled: enable
2023-01-02T20:47:39+00:00 INFO Is weekly report enabled: enable
2023-01-02T20:47:41+00:00 INFO Is weekly report enabled: enable
2023-01-02T20:49:40+00:00 INFO Is weekly report enabled: enable
2023-01-02T20:51:41+00:00 INFO Is weekly report enabled: enable
2023-01-02T20:51:43+00:00 INFO Is weekly report enabled: enable
2023-01-02T20:53:42+00:00 INFO Is weekly report enabled: enable
2023-01-02T20:53:44+00:00 INFO Is weekly report enabled: enable
2023-01-02T20:55:43+00:00 INFO Is weekly report enabled: enable
2023-01-02T20:55:45+00:00 INFO Is weekly report enabled: enable
2023-01-02T20:57:44+00:00 INFO Is weekly report enabled: enable
2023-01-02T20:57:46+00:00 INFO Is weekly report enabled: enable
2023-01-02T20:59:45+00:00 INFO Is weekly report enabled: enable
2023-01-02T20:59:47+00:00 INFO Is weekly report enabled: enable
2023-01-02T21:01:46+00:00 INFO Is weekly report enabled: enable
2023-01-02T21:01:48+00:00 INFO Is weekly report enabled: enable
2023-01-02T21:03:47+00:00 INFO Is weekly report enabled: enable
2023-01-02T21:03:49+00:00 INFO Is weekly report enabled: enable
2023-01-02T21:05:48+00:00 INFO Is weekly report enabled: enable
2023-01-02T21:05:50+00:00 INFO Is weekly report enabled: enable
2023-01-02T21:07:49+00:00 INFO Is weekly report enabled: enable
2023-01-02T21:07:51+00:00 INFO Is weekly report enabled: enable
2023-01-02T21:09:50+00:00 INFO Is weekly report enabled: enable
2023-01-02T21:09:52+00:00 INFO Is weekly report enabled: enable
2023-01-02T21:11:51+00:00 INFO Is weekly report enabled: enable
2023-01-02T21:11:53+00:00 INFO Is weekly report enabled: enable
2023-01-02T21:13:52+00:00 INFO Is weekly report enabled: enable
2023-01-02T21:13:54+00:00 INFO Is weekly report enabled: enable
2023-01-02T21:15:53+00:00 INFO Is weekly report enabled: enable
2023-01-02T21:15:55+00:00 INFO Is weekly report enabled: enable
2023-01-02T21:17:54+00:00 INFO Is weekly report enabled: enable
2023-01-02T21:17:56+00:00 INFO Is weekly report enabled: enable
2023-01-02T21:19:55+00:00 INFO Is weekly report enabled: enable
2023-01-02T21:19:57+00:00 INFO Is weekly report enabled: enable
2023-01-02T21:21:56+00:00 INFO Is weekly report enabled: enable
2023-01-02T21:21:58+00:00 INFO Is weekly report enabled: enable
2023-01-02T21:23:57+00:00 INFO Is weekly report enabled: enable
2023-01-02T21:23:59+00:00 INFO Is weekly report enabled: enable
2023-01-02T21:25:58+00:00 INFO Is weekly report enabled: enable
2023-01-02T21:26:00+00:00 INFO Is weekly report enabled: enable
2023-01-02T21:27:59+00:00 INFO Is weekly report enabled: enable
2023-01-02T21:28:01+00:00 INFO Is weekly report enabled: enable
2023-01-02T21:30:00+00:00 INFO Is weekly report enabled: enable
2023-01-02T21:30:02+00:00 INFO Is weekly report enabled: enable
2023-01-02T21:32:01+00:00 INFO Is weekly report enabled: enable
2023-01-02T21:32:03+00:00 INFO Is weekly report enabled: enable
2023-01-02T21:34:02+00:00 INFO Is weekly report enabled: enable
2023-01-02T21:34:04+00:00 INFO Is weekly report enabled: enable
2023-01-02T21:36:03+00:00 INFO Is weekly report enabled: enable
2023-01-02T21:36:05+00:00 INFO Is weekly report enabled: enable
2023-01-02T21:38:04+00:00 INFO Is weekly report enabled: enable
2023-01-02T21:38:06+00:00 INFO Is weekly report enabled: enable
2023-01-02T21:40:05+00:00 INFO Is weekly report enabled: enable
2023-01-02T21:40:07+00:00 INFO Is weekly report enabled: enable
2023-01-02T21:42:06+00:00 INFO Is weekly report enabled: enable
2023-01-02T21:42:08+00:00 INFO Is weekly report enabled: enable
2023-01-02T21:44:07+00:00 INFO Is weekly report enabled: enable
2023-01-02T21:44:09+00:00 INFO Is weekly report enabled: enable
2023-01-02T21:46:08+00:00 INFO Is weekly report enabled: enable
2023-01-02T21:46:10+00:00 INFO Is weekly report enabled: enable
2023-01-02T21:48:09+00:00 INFO Is weekly report enabled: enable
2023-01-02T21:48:11+00:00 INFO Is weekly report enabled: enable
2023-01-02T21:50:10+00:00 INFO Is weekly report enabled: enable
2023-01-02T21:52:11+00:00 INFO Is weekly report enabled: enable
2023-01-02T21:52:13+00:00 INFO Is weekly report enabled: enable
2023-01-02T21:54:12+00:00 INFO Is weekly report enabled: enable
2023-01-02T21:54:14+00:00 INFO Is weekly report enabled: enable
2023-01-02T21:56:13+00:00 INFO Is weekly report enabled: enable
2023-01-02T21:56:15+00:00 INFO Is weekly report enabled: enable
2023-01-02T21:58:14+00:00 INFO Is weekly report enabled: enable
2023-01-02T21:58:16+00:00 INFO Is weekly report enabled: enable
2023-01-02T22:00:15+00:00 INFO Is weekly report enabled: enable
2023-01-02T22:00:17+00:00 INFO Is weekly report enabled: enable
2023-01-02T22:02:16+00:00 INFO Is weekly report enabled: enable
2023-01-02T22:02:18+00:00 INFO Is weekly report enabled: enable
2023-01-02T22:04:17+00:00 INFO Is weekly report enabled: enable
2023-01-02T22:04:19+00:00 INFO Is weekly report enabled: enable
2023-01-02T22:06:18+00:00 INFO Is weekly report enabled: enable
2023-01-02T22:06:20+00:00 INFO Is weekly report enabled: enable
2023-01-02T22:08:19+00:00 INFO Is weekly report enabled: enable
2023-01-02T22:08:21+00:00 INFO Is weekly report enabled: enable
2023-01-02T22:10:20+00:00 INFO Is weekly report enabled: enable
2023-01-02T22:10:22+00:00 INFO Is weekly report enabled: enable
2023-01-02T22:12:21+00:00 INFO Is weekly report enabled: enable
2023-01-02T22:12:23+00:00 INFO Is weekly report enabled: enable
2023-01-02T22:14:22+00:00 INFO Is weekly report enabled: enable
2023-01-02T22:14:24+00:00 INFO Is weekly report enabled: enable
2023-01-02T22:16:23+00:00 INFO Is weekly report enabled: enable
2023-01-02T22:16:25+00:00 INFO Is weekly report enabled: enable
2023-01-02T22:18:24+00:00 INFO Is weekly report enabled: enable
2023-01-02T22:18:26+00:00 INFO Is weekly report enabled: enable
2023-01-02T22:20:25+00:00 INFO Is weekly report enabled: enable
2023-01-02T22:20:27+00:00 INFO Is weekly report enabled: enable
2023-01-02T22:22:26+00:00 INFO Is weekly report enabled: enable
2023-01-02T22:22:28+00:00 INFO Is weekly report enabled: enable
2023-01-02T22:24:27+00:00 INFO Is weekly report enabled: enable
2023-01-02T22:24:29+00:00 INFO Is weekly report enabled: enable
2023-01-02T22:26:28+00:00 INFO Is weekly report enabled: enable
2023-01-02T22:26:30+00:00 INFO Is weekly report enabled: enable
2023-01-02T22:28:29+00:00 INFO Is weekly report enabled: enable
2023-01-02T22:28:31+00:00 INFO Is weekly report enabled: enable
2023-01-02T22:30:30+00:00 INFO Is weekly report enabled: enable
2023-01-02T22:30:32+00:00 INFO Is weekly report enabled: enable
2023-01-02T22:32:31+00:00 INFO Is weekly report enabled: enable
2023-01-02T22:32:33+00:00 INFO Is weekly report enabled: enable
2023-01-02T22:34:32+00:00 INFO Is weekly report enabled: enable
2023-01-02T22:34:34+00:00 INFO Is weekly report enabled: enable
2023-01-02T22:36:33+00:00 INFO Is weekly report enabled: enable
2023-01-02T22:36:35+00:00 INFO Is weekly report enabled: enable
2023-01-02T22:38:34+00:00 INFO Is weekly report enabled: enable
2023-01-02T22:38:36+00:00 INFO Is weekly report enabled: enable
2023-01-02T22:40:35+00:00 INFO Is weekly report enabled: enable
2023-01-02T22:40:37+00:00 INFO Is weekly report enabled: enable
2023-01-02T22:42:36+00:00 INFO Is weekly report enabled: enable
2023-01-02T22:42:38+00:00 INFO Is weekly report enabled: enable
2023-01-02T22:44:37+00:00 INFO Is weekly report enabled: enable
2023-01-02T22:44:39+00:00 INFO Is weekly report enabled: enable
2023-01-02T22:46:38+00:00 INFO Is weekly report enabled: enable
2023-01-02T22:46:40+00:00 INFO Is weekly report enabled: enable
2023-01-02T22:48:39+00:00 INFO Is weekly report enabled: enable
2023-01-02T22:48:41+00:00 INFO Is weekly report enabled: enable
2023-01-02T22:50:40+00:00 INFO Is weekly report enabled: enable
2023-01-02T22:52:41+00:00 INFO Is weekly report enabled: enable
2023-01-02T22:52:43+00:00 INFO Is weekly report enabled: enable
2023-01-02T22:54:42+00:00 INFO Is weekly report enabled: enable
2023-01-02T22:54:44+00:00 INFO Is weekly report enabled: enable
2023-01-02T22:56:43+00:00 INFO Is weekly report enabled: enable
2023-01-02T22:56:45+00:00 INFO Is weekly report enabled: enable
2023-01-02T22:58:44+00:00 INFO Is weekly report enabled: enable
2023-01-02T22:58:46+00:00 INFO Is weekly report enabled: enable
2023-01-02T23:00:45+00:00 INFO Is weekly report enabled: enable
2023-01-02T23:00:47+00:00 INFO Is weekly report enabled: enable
2023-01-02T23:02:46+00:00 INFO Is weekly report enabled: enable
2023-01-02T23:02:48+00:00 INFO Is weekly report enabled: enable
2023-01-02T23:04:47+00:00 INFO Is weekly report enabled: enable
2023-01-02T23:04:49+00:00 INFO Is weekly report enabled: enable
2023-01-02T23:06:48+00:00 INFO Is weekly report enabled: enable
2023-01-02T23:06:50+00:00 INFO Is weekly report enabled: enable
2023-01-02T23:08:49+00:00 INFO Is weekly report enabled: enable
2023-01-02T23:08:51+00:00 INFO Is weekly report enabled: enable
2023-01-02T23:10:50+00:00 INFO Is weekly report enabled: enable
2023-01-02T23:10:52+00:00 INFO Is weekly report enabled: enable
2023-01-02T23:12:51+00:00 INFO Is weekly report enabled: enable
2023-01-02T23:12:53+00:00 INFO Is weekly report enabled: enable
2023-01-02T23:14:52+00:00 INFO Is weekly report enabled: enable
2023-01-02T23:14:54+00:00 INFO Is weekly report enabled: enable
2023-01-02T23:16:53+00:00 INFO Is weekly report enabled: enable
2023-01-02T23:16:55+00:00 INFO Is weekly report enabled: enable
2023-01-02T23:18:54+00:00 INFO Is weekly report enabled: enable
2023-01-02T23:18:56+00:00 INFO Is weekly report enabled: enable
2023-01-02T23:20:55+00:00 INFO Is weekly report enabled: enable
2023-01-02T23:20:57+00:00 INFO Is weekly report enabled: enable
2023-01-02T23:22:56+00:00 INFO Is weekly report enabled: enable
2023-01-02T23:22:58+00:00 INFO Is weekly report enabled: enable
2023-01-02T23:24:57+00:00 INFO Is weekly report enabled: enable
2023-01-02T23:24:59+00:00 INFO Is weekly report enabled: enable
2023-01-02T23:26:58+00:00 INFO Is weekly report enabled: enable
2023-01-02T23:27:00+00:00 INFO Is weekly report enabled: enable
2023-01-02T23:28:59+00:00 INFO Is weekly report enabled: enable
2023-01-02T23:29:01+00:00 INFO Is weekly report enabled: enable
2023-01-02T23:31:00+00:00 INFO Is weekly report enabled: enable
2023-01-02T23:31:02+00:00 INFO Is weekly report enabled: enable
2023-01-02T23:33:01+00:00 INFO Is weekly report enabled: enable
2023-01-02T23:33:03+00:00 INFO Is weekly report enabled: enable
2023-01-02T23:35:02+00:00 INFO Is weekly report enabled: enable
2023-01-02T23:35:04+00:00 INFO Is weekly report enabled: enable
2023-01-02T23:37:03+00:00 INFO Is weekly report enabled: enable
2023-01-02T23:37:05+00:00 INFO Is weekly report enabled: enable
2023-01-02T23:39:04+00:00 INFO Is weekly report enabled: enable
2023-01-02T23:39:06+00:00 INFO Is weekly report enabled: enable
2023-01-02T23:41:05+00:00 INFO Is weekly report enabled: enable
2023-01-02T23:41:07+00:00 INFO Is weekly report enabled: enable
2023-01-02T23:43:06+00:00 INFO Is weekly report enabled: enable
2023-01-02T23:43:08+00:00 INFO Is weekly report enabled: enable
2023-01-02T23:45:07+00:00 INFO Is weekly report enabled: enable
2023-01-02T23:45:09+00:00 INFO Is weekly report enabled: enable
2023-01-02T23:47:08+00:00 INFO Is weekly report enabled: enable
2023-01-02T23:47:10+00:00 INFO Is weekly report enabled: enable
2023-01-02T23:49:09+00:00 INFO Is weekly report enabled: enable
2023-01-02T23:49:11+00:00 INFO Is weekly report enabled: enable
2023-01-02T23:51:10+00:00 INFO Is weekly report enabled: enable
2023-01-02T23:53:11+00:00 INFO Is weekly report enabled: enable
2023-01-02T23:53:13+00:00 INFO Is weekly report enabled: enable
2023-01-02T23:55:12+00:00 INFO Is weekly report enabled: enable
2023-01-02T23:55:14+00:00 INFO Is weekly report enabled: enable
2023-01-02T23:57:13+00:00 INFO Is weekly report enabled: enable
2023-01-02T23:57:15+00:00 INFO Is weekly report enabled: enable
2023-01-02T23:59:14+00:00 INFO Is weekly report enabled: enable
2023-01-02T23:59:16+00:00 INFO Is weekly report enabled: enable
