2022-12-27T06:54:49+00:00 INFO Is weekly report enabled: enable
2022-12-27T06:54:50+00:00 INFO Is weekly report enabled: enable
2022-12-27T06:54:57+00:00 INFO Is weekly report enabled: enable
2022-12-27T06:55:01+00:00 INFO Is weekly report enabled: enable
2022-12-27T06:55:15+00:00 INFO Is weekly report enabled: enable
2022-12-27T06:56:14+00:00 INFO Is weekly report enabled: enable
2022-12-27T06:56:15+00:00 INFO Is weekly report enabled: enable
2022-12-27T06:57:02+00:00 INFO Is weekly report enabled: enable
2022-12-27T06:57:04+00:00 INFO Is weekly report enabled: enable
2022-12-27T06:57:11+00:00 INFO Is weekly report enabled: enable
2022-12-27T06:57:14+00:00 INFO Is weekly report enabled: enable
2022-12-27T06:57:18+00:00 INFO Is weekly report enabled: enable
2022-12-27T06:57:25+00:00 INFO Is weekly report enabled: enable
2022-12-27T06:57:26+00:00 INFO Is weekly report enabled: enable
2022-12-27T06:57:33+00:00 INFO Is weekly report enabled: enable
2022-12-27T06:57:47+00:00 INFO Is weekly report enabled: enable
2022-12-27T06:57:50+00:00 INFO Is weekly report enabled: enable
2022-12-27T06:57:57+00:00 INFO Is weekly report enabled: enable
2022-12-27T06:57:57+00:00 INFO Is weekly report enabled: enable
2022-12-27T06:58:04+00:00 INFO Is weekly report enabled: enable
2022-12-27T06:58:04+00:00 INFO Is weekly report enabled: enable
2022-12-27T06:58:11+00:00 INFO Is weekly report enabled: enable
2022-12-27T06:58:13+00:00 INFO Is weekly report enabled: enable
2022-12-27T06:58:18+00:00 INFO Is weekly report enabled: enable
2022-12-27T06:58:24+00:00 INFO Is weekly report enabled: enable
2022-12-27T06:58:50+00:00 INFO Is weekly report enabled: enable
2022-12-27T06:59:03+00:00 INFO Is weekly report enabled: enable
2022-12-27T06:59:12+00:00 INFO Is weekly report enabled: enable
2022-12-27T06:59:15+00:00 INFO Is weekly report enabled: enable
2022-12-27T06:59:23+00:00 INFO Is weekly report enabled: enable
2022-12-27T06:59:31+00:00 INFO Is weekly report enabled: enable
2022-12-27T06:59:32+00:00 INFO Is weekly report enabled: enable
2022-12-27T06:59:50+00:00 INFO Is weekly report enabled: enable
2022-12-27T06:59:52+00:00 INFO Is weekly report enabled: enable
2022-12-27T06:59:57+00:00 INFO Is weekly report enabled: enable
2022-12-27T06:59:58+00:00 INFO Is weekly report enabled: enable
2022-12-27T07:00:58+00:00 INFO Is weekly report enabled: enable
2022-12-27T07:01:17+00:00 INFO Is weekly report enabled: enable
2022-12-27T07:01:37+00:00 INFO Is weekly report enabled: enable
2022-12-27T07:01:39+00:00 INFO Is weekly report enabled: enable
2022-12-27T07:01:40+00:00 INFO Is weekly report enabled: enable
2022-12-27T07:01:42+00:00 INFO Is weekly report enabled: enable
2022-12-27T07:01:47+00:00 INFO Is weekly report enabled: enable
2022-12-27T07:01:49+00:00 INFO Is weekly report enabled: enable
2022-12-27T07:01:52+00:00 INFO Is weekly report enabled: enable
2022-12-27T07:01:58+00:00 INFO Is weekly report enabled: enable
2022-12-27T07:03:00+00:00 INFO Is weekly report enabled: enable
2022-12-27T07:03:01+00:00 INFO Is weekly report enabled: enable
2022-12-27T07:03:18+00:00 INFO Is weekly report enabled: enable
2022-12-27T07:05:01+00:00 INFO Is weekly report enabled: enable
2022-12-27T07:05:02+00:00 INFO Is weekly report enabled: enable
2022-12-27T07:05:18+00:00 INFO Is weekly report enabled: enable
2022-12-27T07:07:01+00:00 INFO Is weekly report enabled: enable
2022-12-27T07:07:03+00:00 INFO Is weekly report enabled: enable
2022-12-27T07:08:05+00:00 INFO Is weekly report enabled: enable
2022-12-27T07:09:02+00:00 INFO Is weekly report enabled: enable
2022-12-27T07:10:05+00:00 INFO Is weekly report enabled: enable
2022-12-27T07:11:03+00:00 INFO Is weekly report enabled: enable
2022-12-27T07:12:06+00:00 INFO Is weekly report enabled: enable
2022-12-27T07:14:07+00:00 INFO Is weekly report enabled: enable
2022-12-27T07:14:08+00:00 INFO Is weekly report enabled: enable
2022-12-27T07:16:08+00:00 INFO Is weekly report enabled: enable
2022-12-27T07:16:09+00:00 INFO Is weekly report enabled: enable
2022-12-27T07:18:09+00:00 INFO Is weekly report enabled: enable
2022-12-27T07:18:10+00:00 INFO Is weekly report enabled: enable
2022-12-27T07:22:42+00:00 INFO Is weekly report enabled: enable
2022-12-27T07:22:43+00:00 INFO Is weekly report enabled: enable
2022-12-27T07:23:42+00:00 INFO Is weekly report enabled: enable
2022-12-27T07:25:43+00:00 INFO Is weekly report enabled: enable
2022-12-27T07:25:44+00:00 INFO Is weekly report enabled: enable
2022-12-27T07:27:44+00:00 INFO Is weekly report enabled: enable
2022-12-27T07:27:45+00:00 INFO Is weekly report enabled: enable
2022-12-27T07:29:45+00:00 INFO Is weekly report enabled: enable
2022-12-27T07:29:46+00:00 INFO Is weekly report enabled: enable
2022-12-27T07:31:46+00:00 INFO Is weekly report enabled: enable
2022-12-27T07:31:47+00:00 INFO Is weekly report enabled: enable
2022-12-27T07:32:00+00:00 INFO Is weekly report enabled: enable
2022-12-27T07:32:13+00:00 INFO Is weekly report enabled: enable
2022-12-27T07:32:16+00:00 INFO Is weekly report enabled: enable
2022-12-27T07:32:21+00:00 INFO Is weekly report enabled: enable
2022-12-27T07:32:27+00:00 INFO Is weekly report enabled: enable
2022-12-27T07:32:34+00:00 INFO Is weekly report enabled: enable
2022-12-27T07:32:39+00:00 INFO Is weekly report enabled: enable
2022-12-27T07:32:46+00:00 INFO Is weekly report enabled: enable
2022-12-27T07:32:46+00:00 INFO Is weekly report enabled: enable
2022-12-27T07:33:02+00:00 INFO Is weekly report enabled: enable
2022-12-27T07:33:04+00:00 INFO Is weekly report enabled: enable
2022-12-27T07:33:11+00:00 INFO Is weekly report enabled: enable
2022-12-27T07:33:14+00:00 INFO Is weekly report enabled: enable
2022-12-27T07:33:24+00:00 INFO Is weekly report enabled: enable
2022-12-27T07:33:40+00:00 INFO Is weekly report enabled: enable
2022-12-27T07:33:42+00:00 INFO Is weekly report enabled: enable
2022-12-27T07:33:43+00:00 INFO Is weekly report enabled: enable
2022-12-27T07:33:50+00:00 INFO Is weekly report enabled: enable
2022-12-27T07:33:51+00:00 INFO Is weekly report enabled: enable
2022-12-27T07:33:52+00:00 INFO Is weekly report enabled: enable
2022-12-27T07:33:59+00:00 INFO Is weekly report enabled: enable
2022-12-27T07:33:59+00:00 INFO Is weekly report enabled: enable
2022-12-27T07:34:00+00:00 INFO Is weekly report enabled: enable
2022-12-27T07:34:07+00:00 INFO Is weekly report enabled: enable
2022-12-27T07:34:08+00:00 INFO Is weekly report enabled: enable
2022-12-27T07:34:09+00:00 INFO Is weekly report enabled: enable
2022-12-27T07:34:17+00:00 INFO Is weekly report enabled: enable
2022-12-27T07:36:19+00:00 INFO Is weekly report enabled: enable
2022-12-27T07:36:20+00:00 INFO Is weekly report enabled: enable
2022-12-27T07:36:48+00:00 INFO Is weekly report enabled: enable
2022-12-27T07:38:20+00:00 INFO Is weekly report enabled: enable
2022-12-27T07:38:21+00:00 INFO Is weekly report enabled: enable
2022-12-27T07:38:49+00:00 INFO Is weekly report enabled: enable
2022-12-27T07:39:34+00:00 INFO Is weekly report enabled: enable
2022-12-27T07:39:50+00:00 INFO Is weekly report enabled: enable
2022-12-27T07:41:34+00:00 INFO Is weekly report enabled: enable
2022-12-27T07:41:35+00:00 INFO Is weekly report enabled: enable
2022-12-27T07:41:51+00:00 INFO Is weekly report enabled: enable
2022-12-27T07:43:35+00:00 INFO Is weekly report enabled: enable
2022-12-27T07:43:36+00:00 INFO Is weekly report enabled: enable
2022-12-27T07:43:52+00:00 INFO Is weekly report enabled: enable
2022-12-27T07:45:36+00:00 INFO Is weekly report enabled: enable
2022-12-27T07:45:37+00:00 INFO Is weekly report enabled: enable
2022-12-27T07:45:53+00:00 INFO Is weekly report enabled: enable
2022-12-27T07:47:37+00:00 INFO Is weekly report enabled: enable
2022-12-27T07:47:38+00:00 INFO Is weekly report enabled: enable
2022-12-27T07:47:54+00:00 INFO Is weekly report enabled: enable
2022-12-27T07:49:38+00:00 INFO Is weekly report enabled: enable
2022-12-27T07:49:40+00:00 INFO Is weekly report enabled: enable
2022-12-27T07:49:55+00:00 INFO Is weekly report enabled: enable
2022-12-27T08:36:04+00:00 INFO Is weekly report enabled: enable
2022-12-27T08:36:05+00:00 INFO Is weekly report enabled: enable
2022-12-27T08:36:07+00:00 INFO Is weekly report enabled: enable
2022-12-27T08:36:07+00:00 INFO Is weekly report enabled: enable
2022-12-27T08:37:06+00:00 INFO Is weekly report enabled: enable
2022-12-27T08:37:42+00:00 INFO Is weekly report enabled: enable
2022-12-27T08:37:52+00:00 INFO Is weekly report enabled: enable
2022-12-27T08:38:07+00:00 INFO Is weekly report enabled: enable
2022-12-27T08:38:09+00:00 INFO Is weekly report enabled: enable
2022-12-27T08:43:18+00:00 INFO Is weekly report enabled: enable
2022-12-27T08:43:19+00:00 INFO Is weekly report enabled: enable
2022-12-27T08:43:37+00:00 INFO Is weekly report enabled: enable
2022-12-27T08:44:09+00:00 INFO Is weekly report enabled: enable
2022-12-27T08:44:18+00:00 INFO Is weekly report enabled: enable
2022-12-27T08:44:33+00:00 INFO Is weekly report enabled: enable
2022-12-27T08:44:50+00:00 INFO Is weekly report enabled: enable
2022-12-27T08:45:11+00:00 INFO Is weekly report enabled: enable
2022-12-27T08:45:51+00:00 INFO Is weekly report enabled: enable
2022-12-27T08:46:14+00:00 INFO Is weekly report enabled: enable
2022-12-27T08:46:16+00:00 INFO Is weekly report enabled: enable
2022-12-27T08:46:33+00:00 INFO Is weekly report enabled: enable
2022-12-27T08:46:43+00:00 INFO Is weekly report enabled: enable
2022-12-27T08:46:46+00:00 INFO Is weekly report enabled: enable
2022-12-27T08:47:05+00:00 INFO Is weekly report enabled: enable
2022-12-27T08:48:14+00:00 INFO Is weekly report enabled: enable
2022-12-27T08:48:20+00:00 INFO Is weekly report enabled: enable
2022-12-27T08:48:23+00:00 INFO Is weekly report enabled: enable
2022-12-27T08:48:40+00:00 INFO Is weekly report enabled: enable
2022-12-27T08:49:15+00:00 INFO Is weekly report enabled: enable
2022-12-27T08:50:04+00:00 INFO Is weekly report enabled: enable
2022-12-27T08:50:04+00:00 INFO Is weekly report enabled: enable
2022-12-27T08:50:22+00:00 INFO Is weekly report enabled: enable
2022-12-27T08:50:22+00:00 INFO Is weekly report enabled: enable
2022-12-27T08:50:40+00:00 INFO Is weekly report enabled: enable
2022-12-27T08:51:12+00:00 INFO Is weekly report enabled: enable
2022-12-27T08:51:41+00:00 INFO Is weekly report enabled: enable
2022-12-27T08:52:11+00:00 INFO Is weekly report enabled: enable
2022-12-27T08:52:11+00:00 INFO Is weekly report enabled: enable
2022-12-27T08:52:14+00:00 INFO Is weekly report enabled: enable
2022-12-27T08:52:23+00:00 INFO Is weekly report enabled: enable
2022-12-27T08:52:25+00:00 INFO Is weekly report enabled: enable
2022-12-27T08:52:31+00:00 INFO Is weekly report enabled: enable
2022-12-27T08:52:33+00:00 INFO Is weekly report enabled: enable
2022-12-27T08:52:41+00:00 INFO Is weekly report enabled: enable
2022-12-27T08:52:44+00:00 INFO Is weekly report enabled: enable
2022-12-27T08:52:51+00:00 INFO Is weekly report enabled: enable
2022-12-27T08:52:52+00:00 INFO Is weekly report enabled: enable
2022-12-27T08:53:01+00:00 INFO Is weekly report enabled: enable
2022-12-27T08:53:04+00:00 INFO Is weekly report enabled: enable
2022-12-27T08:53:11+00:00 INFO Is weekly report enabled: enable
2022-12-27T08:53:13+00:00 INFO Is weekly report enabled: enable
2022-12-27T08:53:20+00:00 INFO Is weekly report enabled: enable
2022-12-27T08:53:22+00:00 INFO Is weekly report enabled: enable
2022-12-27T08:53:28+00:00 INFO Is weekly report enabled: enable
2022-12-27T08:53:37+00:00 INFO Is weekly report enabled: enable
2022-12-27T08:53:39+00:00 INFO Is weekly report enabled: enable
2022-12-27T08:53:47+00:00 INFO Is weekly report enabled: enable
2022-12-27T08:53:49+00:00 INFO Is weekly report enabled: enable
2022-12-27T08:53:58+00:00 INFO Is weekly report enabled: enable
2022-12-27T08:54:00+00:00 INFO Is weekly report enabled: enable
2022-12-27T08:54:10+00:00 INFO Is weekly report enabled: enable
2022-12-27T08:54:12+00:00 INFO Is weekly report enabled: enable
2022-12-27T08:54:12+00:00 INFO Is weekly report enabled: enable
2022-12-27T08:54:19+00:00 INFO Is weekly report enabled: enable
2022-12-27T08:54:21+00:00 INFO Is weekly report enabled: enable
2022-12-27T08:54:27+00:00 INFO Is weekly report enabled: enable
2022-12-27T08:54:34+00:00 INFO Is weekly report enabled: enable
2022-12-27T08:54:45+00:00 INFO Is weekly report enabled: enable
2022-12-27T08:54:46+00:00 INFO Is weekly report enabled: enable
2022-12-27T08:55:04+00:00 INFO Is weekly report enabled: enable
2022-12-27T08:55:04+00:00 INFO Is weekly report enabled: enable
2022-12-27T08:55:13+00:00 INFO Is weekly report enabled: enable
2022-12-27T08:55:15+00:00 INFO Is weekly report enabled: enable
2022-12-27T08:55:23+00:00 INFO Is weekly report enabled: enable
2022-12-27T08:55:32+00:00 INFO Is weekly report enabled: enable
2022-12-27T08:55:39+00:00 INFO Is weekly report enabled: enable
2022-12-27T08:55:41+00:00 INFO Is weekly report enabled: enable
2022-12-27T08:55:53+00:00 INFO Is weekly report enabled: enable
2022-12-27T08:56:00+00:00 INFO Is weekly report enabled: enable
2022-12-27T08:56:07+00:00 INFO Is weekly report enabled: enable
2022-12-27T08:56:14+00:00 INFO Is weekly report enabled: enable
2022-12-27T08:56:34+00:00 INFO Is weekly report enabled: enable
2022-12-27T08:57:15+00:00 INFO Is weekly report enabled: enable
2022-12-27T08:57:34+00:00 INFO Is weekly report enabled: enable
2022-12-27T08:58:35+00:00 INFO Is weekly report enabled: enable
2022-12-27T08:59:16+00:00 INFO Is weekly report enabled: enable
2022-12-27T08:59:34+00:00 INFO Is weekly report enabled: enable
2022-12-27T09:00:35+00:00 INFO Is weekly report enabled: enable
2022-12-27T09:01:17+00:00 INFO Is weekly report enabled: enable
2022-12-27T09:01:34+00:00 INFO Is weekly report enabled: enable
2022-12-27T09:02:35+00:00 INFO Is weekly report enabled: enable
2022-12-27T09:03:18+00:00 INFO Is weekly report enabled: enable
2022-12-27T09:03:34+00:00 INFO Is weekly report enabled: enable
2022-12-27T09:04:35+00:00 INFO Is weekly report enabled: enable
2022-12-27T09:05:19+00:00 INFO Is weekly report enabled: enable
2022-12-27T09:05:35+00:00 INFO Is weekly report enabled: enable
2022-12-27T09:05:36+00:00 INFO Is weekly report enabled: enable
2022-12-27T09:05:40+00:00 INFO Is weekly report enabled: enable
2022-12-27T09:05:57+00:00 INFO Is weekly report enabled: enable
2022-12-27T09:06:20+00:00 INFO Is weekly report enabled: enable
2022-12-27T09:06:53+00:00 INFO Is weekly report enabled: enable
2022-12-27T09:06:55+00:00 INFO Is weekly report enabled: enable
2022-12-27T09:07:12+00:00 INFO Is weekly report enabled: enable
2022-12-27T09:07:21+00:00 INFO Is weekly report enabled: enable
2022-12-27T09:07:23+00:00 INFO Is weekly report enabled: enable
2022-12-27T09:07:41+00:00 INFO Is weekly report enabled: enable
2022-12-27T09:08:17+00:00 INFO Is weekly report enabled: enable
2022-12-27T09:08:20+00:00 INFO Is weekly report enabled: enable
2022-12-27T09:09:19+00:00 INFO Is weekly report enabled: enable
2022-12-27T09:09:22+00:00 INFO Is weekly report enabled: enable
2022-12-27T09:09:38+00:00 INFO Is weekly report enabled: enable
2022-12-27T09:09:38+00:00 INFO Is weekly report enabled: enable
2022-12-27T09:09:49+00:00 INFO Is weekly report enabled: enable
2022-12-27T09:09:51+00:00 INFO Is weekly report enabled: enable
2022-12-27T09:09:55+00:00 INFO Is weekly report enabled: enable
2022-12-27T09:10:07+00:00 INFO Is weekly report enabled: enable
2022-12-27T09:10:10+00:00 INFO Is weekly report enabled: enable
2022-12-27T09:10:22+00:00 INFO Is weekly report enabled: enable
2022-12-27T09:10:24+00:00 INFO Is weekly report enabled: enable
2022-12-27T09:10:36+00:00 INFO Is weekly report enabled: enable
2022-12-27T09:10:38+00:00 INFO Is weekly report enabled: enable
2022-12-27T09:11:23+00:00 INFO Is weekly report enabled: enable
2022-12-27T09:11:24+00:00 INFO Is weekly report enabled: enable
2022-12-27T09:11:25+00:00 INFO Is weekly report enabled: enable
2022-12-27T09:11:41+00:00 INFO Is weekly report enabled: enable
2022-12-27T09:12:23+00:00 INFO Is weekly report enabled: enable
2022-12-27T09:12:23+00:00 INFO Is weekly report enabled: enable
2022-12-27T09:12:24+00:00 INFO Is weekly report enabled: enable
2022-12-27T09:12:42+00:00 INFO Is weekly report enabled: enable
2022-12-27T09:12:56+00:00 INFO Is weekly report enabled: enable
2022-12-27T09:13:08+00:00 INFO Is weekly report enabled: enable
2022-12-27T09:13:11+00:00 INFO Is weekly report enabled: enable
2022-12-27T09:13:18+00:00 INFO Is weekly report enabled: enable
2022-12-27T09:14:51+00:00 INFO Is weekly report enabled: enable
2022-12-27T09:14:53+00:00 INFO Is weekly report enabled: enable
2022-12-27T09:15:19+00:00 INFO Is weekly report enabled: enable
2022-12-27T09:15:45+00:00 INFO Is weekly report enabled: enable
2022-12-27T09:16:07+00:00 INFO Is weekly report enabled: enable
2022-12-27T09:16:18+00:00 INFO Is weekly report enabled: enable
2022-12-27T09:16:36+00:00 INFO Is weekly report enabled: enable
2022-12-27T09:17:37+00:00 INFO Is weekly report enabled: enable
2022-12-27T09:19:38+00:00 INFO Is weekly report enabled: enable
2022-12-27T09:21:39+00:00 INFO Is weekly report enabled: enable
2022-12-27T09:21:41+00:00 INFO Is weekly report enabled: enable
2022-12-27T09:23:24+00:00 INFO Is weekly report enabled: enable
2022-12-27T09:23:24+00:00 INFO Is weekly report enabled: enable
2022-12-27T09:23:42+00:00 INFO Is weekly report enabled: enable
2022-12-27T09:24:19+00:00 INFO Is weekly report enabled: enable
2022-12-27T09:24:49+00:00 INFO Is weekly report enabled: enable
2022-12-27T09:24:51+00:00 INFO Is weekly report enabled: enable
2022-12-27T09:24:52+00:00 INFO Is weekly report enabled: enable
2022-12-27T09:25:00+00:00 INFO Is weekly report enabled: enable
2022-12-27T09:25:03+00:00 INFO Is weekly report enabled: enable
2022-12-27T09:25:08+00:00 INFO Is weekly report enabled: enable
2022-12-27T09:26:17+00:00 INFO Is weekly report enabled: enable
2022-12-27T09:27:00+00:00 INFO Is weekly report enabled: enable
2022-12-27T09:27:03+00:00 INFO Is weekly report enabled: enable
2022-12-27T09:27:19+00:00 INFO Is weekly report enabled: enable
2022-12-27T09:28:20+00:00 INFO Is weekly report enabled: enable
2022-12-27T09:30:21+00:00 INFO Is weekly report enabled: enable
2022-12-27T09:30:46+00:00 INFO Is weekly report enabled: enable
2022-12-27T09:30:47+00:00 INFO Is weekly report enabled: enable
2022-12-27T09:30:57+00:00 INFO Is weekly report enabled: enable
2022-12-27T09:31:00+00:00 INFO Is weekly report enabled: enable
2022-12-27T09:31:16+00:00 INFO Is weekly report enabled: enable
2022-12-27T09:32:33+00:00 INFO Is weekly report enabled: enable
2022-12-27T09:33:17+00:00 INFO Is weekly report enabled: enable
2022-12-27T09:34:12+00:00 INFO Is weekly report enabled: enable
2022-12-27T09:34:15+00:00 INFO Is weekly report enabled: enable
2022-12-27T09:34:31+00:00 INFO Is weekly report enabled: enable
2022-12-27T09:34:33+00:00 INFO Is weekly report enabled: enable
2022-12-27T09:35:33+00:00 INFO Is weekly report enabled: enable
2022-12-27T09:35:35+00:00 INFO Is weekly report enabled: enable
2022-12-27T09:36:35+00:00 INFO Is weekly report enabled: enable
2022-12-27T09:40:37+00:00 INFO Is weekly report enabled: enable
2022-12-27T09:40:39+00:00 INFO Is weekly report enabled: enable
2022-12-27T09:40:54+00:00 INFO Is weekly report enabled: enable
2022-12-27T09:40:55+00:00 INFO Is weekly report enabled: enable
2022-12-27T09:41:14+00:00 INFO Is weekly report enabled: enable
2022-12-27T09:41:30+00:00 INFO Start-Cartflows_Admin_Report_Emails::send_weekly_report_email
2022-12-27T09:41:30+00:00 INFO Send weekly emails to eeyad334@gmail.com
2022-12-27T09:41:30+00:00 INFO Total Revenue: 0.00
2022-12-27T09:41:37+00:00 INFO Is weekly report enabled: enable
2022-12-27T09:41:40+00:00 INFO Is weekly report enabled: enable
2022-12-27T09:41:58+00:00 INFO Is weekly report enabled: enable
2022-12-27T09:42:36+00:00 INFO Is weekly report enabled: enable
2022-12-27T09:42:44+00:00 INFO Is weekly report enabled: enable
2022-12-27T09:42:46+00:00 INFO Is weekly report enabled: enable
2022-12-27T09:42:57+00:00 INFO Is weekly report enabled: enable
2022-12-27T09:42:59+00:00 INFO Is weekly report enabled: enable
2022-12-27T09:44:42+00:00 INFO Is weekly report enabled: enable
2022-12-27T09:44:45+00:00 INFO Is weekly report enabled: enable
2022-12-27T09:45:00+00:00 INFO Is weekly report enabled: enable
2022-12-27T09:45:17+00:00 INFO Is weekly report enabled: enable
2022-12-27T09:45:17+00:00 INFO Is weekly report enabled: enable
2022-12-27T09:45:40+00:00 INFO Is weekly report enabled: enable
2022-12-27T09:46:02+00:00 INFO Is weekly report enabled: enable
2022-12-27T09:47:41+00:00 INFO Is weekly report enabled: enable
2022-12-27T09:48:03+00:00 INFO Is weekly report enabled: enable
2022-12-27T09:49:42+00:00 INFO Is weekly report enabled: enable
2022-12-27T09:50:04+00:00 INFO Is weekly report enabled: enable
2022-12-27T09:52:05+00:00 INFO Is weekly report enabled: enable
2022-12-27T09:53:10+00:00 INFO Is weekly report enabled: enable
2022-12-27T09:53:11+00:00 INFO Is weekly report enabled: enable
2022-12-27T09:53:13+00:00 INFO Is weekly report enabled: enable
2022-12-27T09:53:24+00:00 INFO Is weekly report enabled: enable
2022-12-27T09:53:32+00:00 INFO Is weekly report enabled: enable
2022-12-27T09:53:33+00:00 INFO Is weekly report enabled: enable
2022-12-27T09:53:38+00:00 INFO Is weekly report enabled: enable
2022-12-27T09:54:29+00:00 INFO Is weekly report enabled: enable
2022-12-27T09:54:47+00:00 INFO Is weekly report enabled: enable
2022-12-27T09:55:11+00:00 INFO Is weekly report enabled: enable
2022-12-27T09:55:41+00:00 INFO Is weekly report enabled: enable
2022-12-27T09:55:43+00:00 INFO Is weekly report enabled: enable
2022-12-27T09:56:48+00:00 INFO Is weekly report enabled: enable
2022-12-27T09:57:12+00:00 INFO Is weekly report enabled: enable
2022-12-27T09:57:30+00:00 INFO Is weekly report enabled: enable
2022-12-27T09:57:37+00:00 INFO Is weekly report enabled: enable
2022-12-27T09:57:42+00:00 INFO Is weekly report enabled: enable
2022-12-27T09:57:50+00:00 INFO Is weekly report enabled: enable
2022-12-27T09:57:52+00:00 INFO Is weekly report enabled: enable
2022-12-27T09:57:57+00:00 INFO Is weekly report enabled: enable
2022-12-27T09:57:58+00:00 INFO Is weekly report enabled: enable
2022-12-27T09:57:58+00:00 INFO Is weekly report enabled: enable
2022-12-27T09:58:16+00:00 INFO Is weekly report enabled: enable
2022-12-27T09:58:22+00:00 INFO Is weekly report enabled: enable
2022-12-27T09:58:49+00:00 INFO Is weekly report enabled: enable
2022-12-27T09:59:24+00:00 INFO Is weekly report enabled: enable
2022-12-27T09:59:43+00:00 INFO Is weekly report enabled: enable
2022-12-27T10:00:51+00:00 INFO Is weekly report enabled: enable
2022-12-27T10:00:52+00:00 INFO Is weekly report enabled: enable
2022-12-27T10:01:25+00:00 INFO Is weekly report enabled: enable
2022-12-27T10:01:44+00:00 INFO Is weekly report enabled: enable
2022-12-27T10:02:52+00:00 INFO Is weekly report enabled: enable
2022-12-27T10:02:53+00:00 INFO Is weekly report enabled: enable
2022-12-27T10:03:26+00:00 INFO Is weekly report enabled: enable
2022-12-27T10:03:45+00:00 INFO Is weekly report enabled: enable
2022-12-27T10:04:53+00:00 INFO Is weekly report enabled: enable
2022-12-27T10:04:54+00:00 INFO Is weekly report enabled: enable
2022-12-27T10:05:27+00:00 INFO Is weekly report enabled: enable
2022-12-27T10:05:46+00:00 INFO Is weekly report enabled: enable
2022-12-27T10:06:54+00:00 INFO Is weekly report enabled: enable
2022-12-27T10:06:55+00:00 INFO Is weekly report enabled: enable
2022-12-27T10:07:28+00:00 INFO Is weekly report enabled: enable
2022-12-27T10:07:47+00:00 INFO Is weekly report enabled: enable
2022-12-27T10:08:55+00:00 INFO Is weekly report enabled: enable
2022-12-27T10:08:56+00:00 INFO Is weekly report enabled: enable
2022-12-27T10:09:49+00:00 INFO Is weekly report enabled: enable
2022-12-27T10:10:56+00:00 INFO Is weekly report enabled: enable
2022-12-27T10:10:57+00:00 INFO Is weekly report enabled: enable
2022-12-27T10:11:50+00:00 INFO Is weekly report enabled: enable
2022-12-27T10:12:57+00:00 INFO Is weekly report enabled: enable
2022-12-27T10:12:58+00:00 INFO Is weekly report enabled: enable
2022-12-27T10:13:51+00:00 INFO Is weekly report enabled: enable
2022-12-27T10:14:58+00:00 INFO Is weekly report enabled: enable
2022-12-27T10:14:59+00:00 INFO Is weekly report enabled: enable
2022-12-27T10:15:52+00:00 INFO Is weekly report enabled: enable
2022-12-27T10:16:59+00:00 INFO Is weekly report enabled: enable
2022-12-27T10:17:00+00:00 INFO Is weekly report enabled: enable
2022-12-27T10:17:53+00:00 INFO Is weekly report enabled: enable
2022-12-27T10:19:00+00:00 INFO Is weekly report enabled: enable
2022-12-27T10:19:01+00:00 INFO Is weekly report enabled: enable
2022-12-27T10:19:54+00:00 INFO Is weekly report enabled: enable
2022-12-27T10:21:01+00:00 INFO Is weekly report enabled: enable
2022-12-27T10:21:02+00:00 INFO Is weekly report enabled: enable
2022-12-27T10:21:54+00:00 INFO Is weekly report enabled: enable
2022-12-27T10:23:02+00:00 INFO Is weekly report enabled: enable
2022-12-27T10:23:03+00:00 INFO Is weekly report enabled: enable
2022-12-27T10:23:55+00:00 INFO Is weekly report enabled: enable
2022-12-27T10:25:03+00:00 INFO Is weekly report enabled: enable
2022-12-27T10:25:04+00:00 INFO Is weekly report enabled: enable
2022-12-27T10:25:56+00:00 INFO Is weekly report enabled: enable
2022-12-27T10:27:04+00:00 INFO Is weekly report enabled: enable
2022-12-27T10:27:05+00:00 INFO Is weekly report enabled: enable
2022-12-27T10:27:58+00:00 INFO Is weekly report enabled: enable
2022-12-27T10:29:05+00:00 INFO Is weekly report enabled: enable
2022-12-27T10:29:06+00:00 INFO Is weekly report enabled: enable
2022-12-27T10:29:58+00:00 INFO Is weekly report enabled: enable
2022-12-27T10:31:06+00:00 INFO Is weekly report enabled: enable
2022-12-27T10:31:08+00:00 INFO Is weekly report enabled: enable
2022-12-27T10:31:20+00:00 INFO Is weekly report enabled: enable
2022-12-27T10:31:22+00:00 INFO Is weekly report enabled: enable
2022-12-27T10:31:38+00:00 INFO Is weekly report enabled: enable
2022-12-27T10:31:55+00:00 INFO Is weekly report enabled: enable
2022-12-27T10:32:19+00:00 INFO Is weekly report enabled: enable
2022-12-27T10:32:21+00:00 INFO Is weekly report enabled: enable
2022-12-27T10:32:26+00:00 INFO Is weekly report enabled: enable
2022-12-27T10:32:31+00:00 INFO Is weekly report enabled: enable
2022-12-27T10:32:38+00:00 INFO Is weekly report enabled: enable
2022-12-27T10:33:08+00:00 INFO Is weekly report enabled: enable
2022-12-27T10:33:10+00:00 INFO Is weekly report enabled: enable
2022-12-27T10:33:19+00:00 INFO Is weekly report enabled: enable
2022-12-27T10:33:21+00:00 INFO Is weekly report enabled: enable
2022-12-27T10:33:37+00:00 INFO Is weekly report enabled: enable
2022-12-27T10:34:23+00:00 INFO Is weekly report enabled: enable
2022-12-27T10:34:24+00:00 INFO Is weekly report enabled: enable
2022-12-27T10:34:41+00:00 INFO Is weekly report enabled: enable
2022-12-27T10:35:00+00:00 INFO Is weekly report enabled: enable
2022-12-27T10:35:18+00:00 INFO Is weekly report enabled: enable
2022-12-27T10:35:24+00:00 INFO Is weekly report enabled: enable
2022-12-27T10:37:27+00:00 INFO Is weekly report enabled: enable
2022-12-27T10:37:30+00:00 INFO Is weekly report enabled: enable
2022-12-27T10:37:39+00:00 INFO Is weekly report enabled: enable
2022-12-27T10:38:22+00:00 INFO Is weekly report enabled: enable
2022-12-27T10:38:22+00:00 INFO Is weekly report enabled: enable
2022-12-27T10:38:28+00:00 INFO Is weekly report enabled: enable
2022-12-27T10:38:47+00:00 INFO Is weekly report enabled: enable
2022-12-27T10:38:58+00:00 INFO Is weekly report enabled: enable
2022-12-27T10:39:11+00:00 INFO Is weekly report enabled: enable
2022-12-27T10:39:25+00:00 INFO Is weekly report enabled: enable
2022-12-27T10:39:25+00:00 INFO Is weekly report enabled: enable
2022-12-27T10:39:30+00:00 INFO Is weekly report enabled: enable
2022-12-27T10:39:48+00:00 INFO Is weekly report enabled: enable
2022-12-27T10:39:54+00:00 INFO Is weekly report enabled: enable
2022-12-27T10:40:56+00:00 INFO Is weekly report enabled: enable
2022-12-27T10:41:32+00:00 INFO Is weekly report enabled: enable
2022-12-27T10:41:55+00:00 INFO Is weekly report enabled: enable
2022-12-27T10:43:28+00:00 INFO Is weekly report enabled: enable
2022-12-27T10:43:29+00:00 INFO Is weekly report enabled: enable
2022-12-27T10:43:30+00:00 INFO Is weekly report enabled: enable
2022-12-27T10:43:48+00:00 INFO Is weekly report enabled: enable
2022-12-27T10:43:58+00:00 INFO Is weekly report enabled: enable
2022-12-27T10:44:04+00:00 INFO Is weekly report enabled: enable
2022-12-27T10:44:11+00:00 INFO Is weekly report enabled: enable
2022-12-27T10:44:13+00:00 INFO Is weekly report enabled: enable
2022-12-27T10:44:21+00:00 INFO Is weekly report enabled: enable
2022-12-27T10:44:23+00:00 INFO Is weekly report enabled: enable
2022-12-27T10:44:28+00:00 INFO Is weekly report enabled: enable
2022-12-27T10:44:31+00:00 INFO Is weekly report enabled: enable
2022-12-27T10:44:33+00:00 INFO Is weekly report enabled: enable
2022-12-27T10:44:43+00:00 INFO Is weekly report enabled: enable
2022-12-27T10:44:45+00:00 INFO Is weekly report enabled: enable
2022-12-27T10:44:50+00:00 INFO Is weekly report enabled: enable
2022-12-27T10:44:50+00:00 INFO Is weekly report enabled: enable
2022-12-27T10:44:52+00:00 INFO Is weekly report enabled: enable
2022-12-27T10:44:55+00:00 INFO Is weekly report enabled: enable
2022-12-27T10:44:59+00:00 INFO Is weekly report enabled: enable
2022-12-27T10:45:06+00:00 INFO Is weekly report enabled: enable
2022-12-27T10:50:30+00:00 INFO Is weekly report enabled: enable
2022-12-27T10:50:32+00:00 INFO Is weekly report enabled: enable
2022-12-27T10:50:37+00:00 INFO Is weekly report enabled: enable
2022-12-27T10:50:50+00:00 INFO Is weekly report enabled: enable
2022-12-27T10:51:01+00:00 INFO Is weekly report enabled: enable
2022-12-27T10:51:39+00:00 INFO Is weekly report enabled: enable
2022-12-27T10:51:51+00:00 INFO Is weekly report enabled: enable
2022-12-27T10:51:57+00:00 INFO Is weekly report enabled: enable
2022-12-27T10:52:15+00:00 INFO Is weekly report enabled: enable
2022-12-27T10:52:15+00:00 INFO Is weekly report enabled: enable
2022-12-27T10:52:37+00:00 INFO Is weekly report enabled: enable
2022-12-27T10:52:44+00:00 INFO Is weekly report enabled: enable
2022-12-27T10:52:48+00:00 INFO Is weekly report enabled: enable
2022-12-27T10:52:50+00:00 INFO Is weekly report enabled: enable
2022-12-27T10:52:52+00:00 INFO Is weekly report enabled: enable
2022-12-27T10:52:55+00:00 INFO Is weekly report enabled: enable
2022-12-27T10:53:00+00:00 INFO Is weekly report enabled: enable
2022-12-27T10:53:08+00:00 INFO Is weekly report enabled: enable
2022-12-27T10:54:08+00:00 INFO Is weekly report enabled: enable
2022-12-27T10:54:09+00:00 INFO Is weekly report enabled: enable
2022-12-27T10:54:16+00:00 INFO Is weekly report enabled: enable
2022-12-27T10:55:56+00:00 INFO Is weekly report enabled: enable
2022-12-27T10:55:57+00:00 INFO Is weekly report enabled: enable
2022-12-27T10:55:58+00:00 INFO Is weekly report enabled: enable
2022-12-27T10:56:08+00:00 INFO Is weekly report enabled: enable
2022-12-27T10:56:17+00:00 INFO Is weekly report enabled: enable
2022-12-27T10:57:08+00:00 INFO Is weekly report enabled: enable
2022-12-27T10:57:18+00:00 INFO Is weekly report enabled: enable
2022-12-27T10:59:09+00:00 INFO Is weekly report enabled: enable
2022-12-27T10:59:11+00:00 INFO Is weekly report enabled: enable
2022-12-27T10:59:19+00:00 INFO Is weekly report enabled: enable
2022-12-27T11:01:10+00:00 INFO Is weekly report enabled: enable
2022-12-27T11:01:12+00:00 INFO Is weekly report enabled: enable
2022-12-27T11:01:20+00:00 INFO Is weekly report enabled: enable
2022-12-27T11:03:11+00:00 INFO Is weekly report enabled: enable
2022-12-27T11:03:13+00:00 INFO Is weekly report enabled: enable
2022-12-27T11:03:20+00:00 INFO Is weekly report enabled: enable
2022-12-27T11:04:13+00:00 INFO Is weekly report enabled: enable
2022-12-27T11:04:20+00:00 INFO Is weekly report enabled: enable
2022-12-27T11:04:22+00:00 INFO Is weekly report enabled: enable
2022-12-27T11:04:23+00:00 INFO Is weekly report enabled: enable
2022-12-27T11:04:36+00:00 INFO Is weekly report enabled: enable
2022-12-27T11:04:38+00:00 INFO Is weekly report enabled: enable
2022-12-27T11:04:47+00:00 INFO Is weekly report enabled: enable
2022-12-27T11:04:49+00:00 INFO Is weekly report enabled: enable
2022-12-27T11:04:57+00:00 INFO Is weekly report enabled: enable
2022-12-27T11:04:59+00:00 INFO Is weekly report enabled: enable
2022-12-27T11:05:06+00:00 INFO Is weekly report enabled: enable
2022-12-27T11:05:10+00:00 INFO Is weekly report enabled: enable
2022-12-27T11:05:17+00:00 INFO Is weekly report enabled: enable
2022-12-27T11:05:19+00:00 INFO Is weekly report enabled: enable
2022-12-27T11:05:20+00:00 INFO Is weekly report enabled: enable
2022-12-27T11:05:27+00:00 INFO Is weekly report enabled: enable
2022-12-27T11:05:29+00:00 INFO Is weekly report enabled: enable
2022-12-27T11:05:41+00:00 INFO Is weekly report enabled: enable
2022-12-27T11:05:43+00:00 INFO Is weekly report enabled: enable
2022-12-27T11:05:56+00:00 INFO Is weekly report enabled: enable
2022-12-27T11:05:58+00:00 INFO Is weekly report enabled: enable
2022-12-27T11:06:06+00:00 INFO Is weekly report enabled: enable
2022-12-27T11:06:08+00:00 INFO Is weekly report enabled: enable
2022-12-27T11:06:14+00:00 INFO Is weekly report enabled: enable
2022-12-27T11:06:15+00:00 INFO Is weekly report enabled: enable
2022-12-27T11:07:16+00:00 INFO Is weekly report enabled: enable
2022-12-27T11:07:16+00:00 INFO Is weekly report enabled: enable
2022-12-27T11:07:34+00:00 INFO Is weekly report enabled: enable
2022-12-27T11:07:56+00:00 INFO Is weekly report enabled: enable
2022-12-27T11:07:58+00:00 INFO Is weekly report enabled: enable
2022-12-27T11:07:58+00:00 INFO Is weekly report enabled: enable
2022-12-27T11:08:00+00:00 INFO Is weekly report enabled: enable
2022-12-27T11:08:15+00:00 INFO Is weekly report enabled: enable
2022-12-27T11:08:16+00:00 INFO Is weekly report enabled: enable
2022-12-27T11:09:15+00:00 INFO Is weekly report enabled: enable
2022-12-27T11:10:18+00:00 INFO Is weekly report enabled: enable
2022-12-27T11:10:19+00:00 INFO Is weekly report enabled: enable
2022-12-27T11:10:26+00:00 INFO Is weekly report enabled: enable
2022-12-27T11:10:27+00:00 INFO Is weekly report enabled: enable
2022-12-27T11:10:44+00:00 INFO Is weekly report enabled: enable
2022-12-27T11:11:45+00:00 INFO Is weekly report enabled: enable
2022-12-27T11:11:58+00:00 INFO Is weekly report enabled: enable
2022-12-27T11:11:59+00:00 INFO Is weekly report enabled: enable
2022-12-27T11:12:07+00:00 INFO Is weekly report enabled: enable
2022-12-27T11:13:06+00:00 INFO Is weekly report enabled: enable
2022-12-27T11:13:45+00:00 INFO Is weekly report enabled: enable
2022-12-27T11:13:59+00:00 INFO Is weekly report enabled: enable
2022-12-27T11:14:16+00:00 INFO Is weekly report enabled: enable
2022-12-27T11:15:08+00:00 INFO Is weekly report enabled: enable
2022-12-27T11:15:16+00:00 INFO Is weekly report enabled: enable
2022-12-27T11:16:18+00:00 INFO Is weekly report enabled: enable
2022-12-27T11:16:19+00:00 INFO Is weekly report enabled: enable
2022-12-27T11:17:09+00:00 INFO Is weekly report enabled: enable
2022-12-27T11:18:19+00:00 INFO Is weekly report enabled: enable
2022-12-27T11:19:10+00:00 INFO Is weekly report enabled: enable
2022-12-27T11:20:20+00:00 INFO Is weekly report enabled: enable
2022-12-27T11:21:11+00:00 INFO Is weekly report enabled: enable
2022-12-27T11:22:21+00:00 INFO Is weekly report enabled: enable
2022-12-27T11:23:12+00:00 INFO Is weekly report enabled: enable
2022-12-27T11:24:22+00:00 INFO Is weekly report enabled: enable
2022-12-27T11:25:13+00:00 INFO Is weekly report enabled: enable
2022-12-27T11:25:37+00:00 INFO Is weekly report enabled: enable
2022-12-27T11:25:39+00:00 INFO Is weekly report enabled: enable
2022-12-27T11:25:41+00:00 INFO Is weekly report enabled: enable
2022-12-27T11:25:44+00:00 INFO Is weekly report enabled: enable
2022-12-27T11:25:49+00:00 INFO Is weekly report enabled: enable
2022-12-27T11:25:55+00:00 INFO Is weekly report enabled: enable
2022-12-27T11:26:23+00:00 INFO Is weekly report enabled: enable
2022-12-27T11:26:31+00:00 INFO Is weekly report enabled: enable
2022-12-27T11:26:34+00:00 INFO Is weekly report enabled: enable
2022-12-27T11:26:43+00:00 INFO Is weekly report enabled: enable
2022-12-27T11:26:45+00:00 INFO Is weekly report enabled: enable
2022-12-27T11:26:46+00:00 INFO Is weekly report enabled: enable
2022-12-27T11:26:56+00:00 INFO Is weekly report enabled: enable
2022-12-27T11:26:56+00:00 INFO Is weekly report enabled: enable
2022-12-27T11:26:58+00:00 INFO Is weekly report enabled: enable
2022-12-27T11:27:06+00:00 INFO Is weekly report enabled: enable
2022-12-27T11:27:07+00:00 INFO Is weekly report enabled: enable
2022-12-27T11:27:32+00:00 INFO Is weekly report enabled: enable
2022-12-27T11:27:33+00:00 INFO Is weekly report enabled: enable
2022-12-27T11:27:34+00:00 INFO Is weekly report enabled: enable
2022-12-27T11:27:36+00:00 INFO Is weekly report enabled: enable
2022-12-27T11:27:52+00:00 INFO Is weekly report enabled: enable
2022-12-27T11:27:54+00:00 INFO Is weekly report enabled: enable
2022-12-27T11:28:36+00:00 INFO Is weekly report enabled: enable
2022-12-27T11:28:37+00:00 INFO Is weekly report enabled: enable
2022-12-27T11:28:45+00:00 INFO Is weekly report enabled: enable
2022-12-27T11:28:47+00:00 INFO Is weekly report enabled: enable
2022-12-27T11:29:05+00:00 INFO Is weekly report enabled: enable
2022-12-27T11:30:05+00:00 INFO Is weekly report enabled: enable
2022-12-27T11:30:25+00:00 INFO Is weekly report enabled: enable
2022-12-27T11:30:27+00:00 INFO Is weekly report enabled: enable
2022-12-27T11:30:29+00:00 INFO Is weekly report enabled: enable
2022-12-27T11:30:37+00:00 INFO Is weekly report enabled: enable
2022-12-27T11:30:39+00:00 INFO Is weekly report enabled: enable
2022-12-27T11:30:44+00:00 INFO Is weekly report enabled: enable
2022-12-27T11:30:47+00:00 INFO Is weekly report enabled: enable
2022-12-27T11:30:54+00:00 INFO Is weekly report enabled: enable
2022-12-27T11:31:05+00:00 INFO Is weekly report enabled: enable
2022-12-27T11:31:16+00:00 INFO Is weekly report enabled: enable
2022-12-27T11:31:17+00:00 INFO Is weekly report enabled: enable
2022-12-27T11:31:20+00:00 INFO Is weekly report enabled: enable
2022-12-27T11:31:27+00:00 INFO Is weekly report enabled: enable
2022-12-27T11:31:30+00:00 INFO Is weekly report enabled: enable
2022-12-27T11:31:41+00:00 INFO Is weekly report enabled: enable
2022-12-27T11:31:43+00:00 INFO Is weekly report enabled: enable
2022-12-27T11:31:44+00:00 INFO Is weekly report enabled: enable
2022-12-27T11:31:45+00:00 INFO Is weekly report enabled: enable
2022-12-27T11:31:48+00:00 INFO Is weekly report enabled: enable
2022-12-27T11:31:54+00:00 INFO Is weekly report enabled: enable
2022-12-27T11:31:56+00:00 INFO Is weekly report enabled: enable
2022-12-27T11:31:56+00:00 INFO Is weekly report enabled: enable
2022-12-27T11:31:57+00:00 INFO Is weekly report enabled: enable
2022-12-27T11:32:05+00:00 INFO Is weekly report enabled: enable
2022-12-27T11:32:08+00:00 INFO Is weekly report enabled: enable
2022-12-27T11:32:09+00:00 INFO Is weekly report enabled: enable
2022-12-27T11:32:11+00:00 INFO Is weekly report enabled: enable
2022-12-27T11:32:14+00:00 INFO Is weekly report enabled: enable
2022-12-27T11:32:21+00:00 INFO Is weekly report enabled: enable
2022-12-27T11:32:27+00:00 INFO Is weekly report enabled: enable
2022-12-27T11:32:59+00:00 INFO Is weekly report enabled: enable
2022-12-27T11:33:02+00:00 INFO Is weekly report enabled: enable
2022-12-27T11:33:02+00:00 INFO Is weekly report enabled: enable
2022-12-27T11:33:18+00:00 INFO Is weekly report enabled: enable
2022-12-27T11:33:19+00:00 INFO Is weekly report enabled: enable
2022-12-27T11:33:20+00:00 INFO Is weekly report enabled: enable
2022-12-27T11:33:22+00:00 INFO Is weekly report enabled: enable
2022-12-27T11:33:38+00:00 INFO Is weekly report enabled: enable
2022-12-27T11:34:09+00:00 INFO Is weekly report enabled: enable
2022-12-27T11:34:27+00:00 INFO Is weekly report enabled: enable
2022-12-27T11:34:28+00:00 INFO Is weekly report enabled: enable
2022-12-27T11:34:30+00:00 INFO Is weekly report enabled: enable
2022-12-27T11:34:47+00:00 INFO Is weekly report enabled: enable
2022-12-27T11:35:20+00:00 INFO Is weekly report enabled: enable
2022-12-27T11:35:22+00:00 INFO Is weekly report enabled: enable
2022-12-27T11:35:23+00:00 INFO Is weekly report enabled: enable
2022-12-27T11:35:35+00:00 INFO Is weekly report enabled: enable
2022-12-27T11:35:38+00:00 INFO Is weekly report enabled: enable
2022-12-27T11:35:42+00:00 INFO Is weekly report enabled: enable
2022-12-27T11:35:49+00:00 INFO Is weekly report enabled: enable
2022-12-27T11:35:52+00:00 INFO Is weekly report enabled: enable
2022-12-27T11:35:54+00:00 INFO Is weekly report enabled: enable
2022-12-27T11:35:56+00:00 INFO Is weekly report enabled: enable
2022-12-27T11:36:00+00:00 INFO Is weekly report enabled: enable
2022-12-27T11:36:07+00:00 INFO Is weekly report enabled: enable
2022-12-27T11:36:35+00:00 INFO Is weekly report enabled: enable
2022-12-27T11:36:38+00:00 INFO Is weekly report enabled: enable
2022-12-27T11:36:38+00:00 INFO Is weekly report enabled: enable
2022-12-27T11:36:39+00:00 INFO Is weekly report enabled: enable
2022-12-27T11:36:47+00:00 INFO Is weekly report enabled: enable
2022-12-27T11:36:49+00:00 INFO Is weekly report enabled: enable
2022-12-27T11:36:57+00:00 INFO Is weekly report enabled: enable
2022-12-27T11:37:00+00:00 INFO Is weekly report enabled: enable
2022-12-27T11:37:07+00:00 INFO Is weekly report enabled: enable
2022-12-27T11:37:09+00:00 INFO Is weekly report enabled: enable
2022-12-27T11:37:27+00:00 INFO Is weekly report enabled: enable
2022-12-27T11:37:33+00:00 INFO Is weekly report enabled: enable
2022-12-27T11:37:36+00:00 INFO Is weekly report enabled: enable
2022-12-27T11:37:38+00:00 INFO Is weekly report enabled: enable
2022-12-27T11:37:52+00:00 INFO Is weekly report enabled: enable
2022-12-27T11:38:53+00:00 INFO Is weekly report enabled: enable
2022-12-27T11:38:55+00:00 INFO Is weekly report enabled: enable
2022-12-27T11:39:08+00:00 INFO Is weekly report enabled: enable
2022-12-27T11:40:54+00:00 INFO Is weekly report enabled: enable
2022-12-27T11:41:10+00:00 INFO Is weekly report enabled: enable
2022-12-27T11:42:44+00:00 INFO Is weekly report enabled: enable
2022-12-27T11:42:45+00:00 INFO Is weekly report enabled: enable
2022-12-27T11:42:58+00:00 INFO Is weekly report enabled: enable
2022-12-27T11:43:00+00:00 INFO Is weekly report enabled: enable
2022-12-27T11:43:17+00:00 INFO Is weekly report enabled: enable
2022-12-27T11:43:40+00:00 INFO Is weekly report enabled: enable
2022-12-27T11:43:42+00:00 INFO Is weekly report enabled: enable
2022-12-27T11:43:44+00:00 INFO Is weekly report enabled: enable
2022-12-27T11:43:59+00:00 INFO Is weekly report enabled: enable
2022-12-27T11:44:00+00:00 INFO Is weekly report enabled: enable
2022-12-27T11:45:00+00:00 INFO Is weekly report enabled: enable
2022-12-27T11:45:46+00:00 INFO Is weekly report enabled: enable
2022-12-27T11:45:59+00:00 INFO Is weekly report enabled: enable
2022-12-27T11:47:00+00:00 INFO Is weekly report enabled: enable
2022-12-27T11:47:01+00:00 INFO Is weekly report enabled: enable
2022-12-27T11:47:47+00:00 INFO Is weekly report enabled: enable
2022-12-27T11:48:00+00:00 INFO Is weekly report enabled: enable
2022-12-27T11:48:34+00:00 INFO Is weekly report enabled: enable
2022-12-27T11:48:40+00:00 INFO Is weekly report enabled: enable
2022-12-27T11:48:47+00:00 INFO Is weekly report enabled: enable
2022-12-27T11:48:52+00:00 INFO Is weekly report enabled: enable
2022-12-27T11:48:58+00:00 INFO Is weekly report enabled: enable
2022-12-27T11:49:08+00:00 INFO Is weekly report enabled: enable
2022-12-27T11:49:26+00:00 INFO Is weekly report enabled: enable
2022-12-27T11:50:49+00:00 INFO Is weekly report enabled: enable
2022-12-27T11:51:28+00:00 INFO Is weekly report enabled: enable
2022-12-27T11:52:50+00:00 INFO Is weekly report enabled: enable
2022-12-27T11:53:29+00:00 INFO Is weekly report enabled: enable
2022-12-27T11:54:51+00:00 INFO Is weekly report enabled: enable
2022-12-27T11:55:30+00:00 INFO Is weekly report enabled: enable
2022-12-27T11:56:52+00:00 INFO Is weekly report enabled: enable
2022-12-27T11:57:31+00:00 INFO Is weekly report enabled: enable
2022-12-27T11:58:53+00:00 INFO Is weekly report enabled: enable
2022-12-27T11:59:32+00:00 INFO Is weekly report enabled: enable
2022-12-27T12:01:33+00:00 INFO Is weekly report enabled: enable
2022-12-27T12:01:34+00:00 INFO Is weekly report enabled: enable
2022-12-27T12:03:34+00:00 INFO Is weekly report enabled: enable
2022-12-27T12:03:35+00:00 INFO Is weekly report enabled: enable
2022-12-27T12:05:35+00:00 INFO Is weekly report enabled: enable
2022-12-27T12:05:36+00:00 INFO Is weekly report enabled: enable
2022-12-27T12:07:36+00:00 INFO Is weekly report enabled: enable
2022-12-27T12:07:37+00:00 INFO Is weekly report enabled: enable
2022-12-27T12:09:37+00:00 INFO Is weekly report enabled: enable
2022-12-27T12:09:38+00:00 INFO Is weekly report enabled: enable
2022-12-27T12:11:38+00:00 INFO Is weekly report enabled: enable
2022-12-27T12:11:39+00:00 INFO Is weekly report enabled: enable
2022-12-27T12:13:39+00:00 INFO Is weekly report enabled: enable
2022-12-27T12:13:41+00:00 INFO Is weekly report enabled: enable
2022-12-27T12:15:40+00:00 INFO Is weekly report enabled: enable
2022-12-27T12:15:41+00:00 INFO Is weekly report enabled: enable
2022-12-27T12:17:41+00:00 INFO Is weekly report enabled: enable
2022-12-27T12:17:42+00:00 INFO Is weekly report enabled: enable
2022-12-27T12:18:42+00:00 INFO Is weekly report enabled: enable
2022-12-27T12:19:43+00:00 INFO Is weekly report enabled: enable
2022-12-27T12:19:44+00:00 INFO Is weekly report enabled: enable
2022-12-27T12:21:44+00:00 INFO Is weekly report enabled: enable
2022-12-27T12:21:45+00:00 INFO Is weekly report enabled: enable
2022-12-27T12:23:44+00:00 INFO Is weekly report enabled: enable
2022-12-27T12:23:46+00:00 INFO Is weekly report enabled: enable
2022-12-27T12:25:45+00:00 INFO Is weekly report enabled: enable
2022-12-27T12:25:46+00:00 INFO Is weekly report enabled: enable
2022-12-27T12:27:46+00:00 INFO Is weekly report enabled: enable
2022-12-27T12:27:47+00:00 INFO Is weekly report enabled: enable
2022-12-27T12:27:53+00:00 INFO Is weekly report enabled: enable
2022-12-27T12:28:47+00:00 INFO Is weekly report enabled: enable
2022-12-27T12:29:55+00:00 INFO Is weekly report enabled: enable
2022-12-27T12:29:56+00:00 INFO Is weekly report enabled: enable
2022-12-27T12:30:48+00:00 INFO Is weekly report enabled: enable
2022-12-27T12:31:56+00:00 INFO Is weekly report enabled: enable
2022-12-27T12:31:58+00:00 INFO Is weekly report enabled: enable
2022-12-27T12:32:49+00:00 INFO Is weekly report enabled: enable
2022-12-27T12:32:55+00:00 INFO Is weekly report enabled: enable
2022-12-27T12:33:03+00:00 INFO Is weekly report enabled: enable
2022-12-27T12:33:21+00:00 INFO Is weekly report enabled: enable
2022-12-27T12:33:27+00:00 INFO Is weekly report enabled: enable
2022-12-27T12:33:28+00:00 INFO Is weekly report enabled: enable
2022-12-27T12:33:36+00:00 INFO Is weekly report enabled: enable
2022-12-27T12:33:45+00:00 INFO Is weekly report enabled: enable
2022-12-27T12:33:47+00:00 INFO Is weekly report enabled: enable
2022-12-27T12:33:55+00:00 INFO Is weekly report enabled: enable
2022-12-27T12:34:13+00:00 INFO Is weekly report enabled: enable
2022-12-27T12:34:49+00:00 INFO Is weekly report enabled: enable
2022-12-27T12:35:09+00:00 INFO Is weekly report enabled: enable
2022-12-27T12:35:10+00:00 INFO Is weekly report enabled: enable
2022-12-27T12:35:36+00:00 INFO Is weekly report enabled: enable
2022-12-27T12:35:37+00:00 INFO Is weekly report enabled: enable
2022-12-27T12:35:39+00:00 INFO Is weekly report enabled: enable
2022-12-27T12:35:41+00:00 INFO Is weekly report enabled: enable
2022-12-27T12:35:42+00:00 INFO Is weekly report enabled: enable
2022-12-27T12:35:49+00:00 INFO Is weekly report enabled: enable
2022-12-27T12:35:51+00:00 INFO Is weekly report enabled: enable
2022-12-27T12:35:53+00:00 INFO Is weekly report enabled: enable
2022-12-27T12:35:55+00:00 INFO Is weekly report enabled: enable
2022-12-27T12:36:14+00:00 INFO Is weekly report enabled: enable
2022-12-27T12:36:26+00:00 INFO Start-Cartflows_Frontend::redirect_to_thankyou_page
2022-12-27T12:36:26+00:00 INFO Only for thank you page
2022-12-27T12:36:26+00:00 INFO End-Cartflows_Frontend::redirect_to_thankyou_page
2022-12-27T12:36:50+00:00 INFO Is weekly report enabled: enable
2022-12-27T12:36:51+00:00 INFO Is weekly report enabled: enable
2022-12-27T12:38:16+00:00 INFO Is weekly report enabled: enable
2022-12-27T12:40:48+00:00 INFO Is weekly report enabled: enable
2022-12-27T12:42:18+00:00 INFO Is weekly report enabled: enable
2022-12-27T12:44:19+00:00 INFO Is weekly report enabled: enable
2022-12-27T12:44:20+00:00 INFO Is weekly report enabled: enable
2022-12-27T12:46:20+00:00 INFO Is weekly report enabled: enable
2022-12-27T12:46:21+00:00 INFO Is weekly report enabled: enable
2022-12-27T12:48:21+00:00 INFO Is weekly report enabled: enable
2022-12-27T12:48:22+00:00 INFO Is weekly report enabled: enable
2022-12-27T12:50:22+00:00 INFO Is weekly report enabled: enable
2022-12-27T12:50:23+00:00 INFO Is weekly report enabled: enable
2022-12-27T12:52:23+00:00 INFO Is weekly report enabled: enable
2022-12-27T12:52:24+00:00 INFO Is weekly report enabled: enable
2022-12-27T12:54:24+00:00 INFO Is weekly report enabled: enable
2022-12-27T12:54:26+00:00 INFO Is weekly report enabled: enable
2022-12-27T12:56:25+00:00 INFO Is weekly report enabled: enable
2022-12-27T12:56:26+00:00 INFO Is weekly report enabled: enable
2022-12-27T12:58:26+00:00 INFO Is weekly report enabled: enable
2022-12-27T12:58:27+00:00 INFO Is weekly report enabled: enable
2022-12-27T13:00:27+00:00 INFO Is weekly report enabled: enable
2022-12-27T13:00:28+00:00 INFO Is weekly report enabled: enable
2022-12-27T13:00:42+00:00 INFO Is weekly report enabled: enable
2022-12-27T13:00:49+00:00 INFO Is weekly report enabled: enable
2022-12-27T13:01:12+00:00 INFO Is weekly report enabled: enable
2022-12-27T13:01:43+00:00 INFO Is weekly report enabled: enable
2022-12-27T13:02:45+00:00 INFO Is weekly report enabled: enable
2022-12-27T13:02:46+00:00 INFO Is weekly report enabled: enable
2022-12-27T13:03:13+00:00 INFO Is weekly report enabled: enable
2022-12-27T13:04:46+00:00 INFO Is weekly report enabled: enable
2022-12-27T13:04:47+00:00 INFO Is weekly report enabled: enable
2022-12-27T13:05:14+00:00 INFO Is weekly report enabled: enable
2022-12-27T13:06:47+00:00 INFO Is weekly report enabled: enable
2022-12-27T13:06:49+00:00 INFO Is weekly report enabled: enable
2022-12-27T13:07:15+00:00 INFO Is weekly report enabled: enable
2022-12-27T13:08:48+00:00 INFO Is weekly report enabled: enable
2022-12-27T13:08:50+00:00 INFO Is weekly report enabled: enable
2022-12-27T13:09:16+00:00 INFO Is weekly report enabled: enable
2022-12-27T13:10:49+00:00 INFO Is weekly report enabled: enable
2022-12-27T13:10:51+00:00 INFO Is weekly report enabled: enable
2022-12-27T13:11:17+00:00 INFO Is weekly report enabled: enable
2022-12-27T13:13:18+00:00 INFO Is weekly report enabled: enable
2022-12-27T13:13:19+00:00 INFO Is weekly report enabled: enable
2022-12-27T13:15:19+00:00 INFO Is weekly report enabled: enable
2022-12-27T13:15:21+00:00 INFO Is weekly report enabled: enable
2022-12-27T13:17:20+00:00 INFO Is weekly report enabled: enable
2022-12-27T13:17:21+00:00 INFO Is weekly report enabled: enable
2022-12-27T13:19:21+00:00 INFO Is weekly report enabled: enable
2022-12-27T13:19:22+00:00 INFO Is weekly report enabled: enable
2022-12-27T13:21:22+00:00 INFO Is weekly report enabled: enable
2022-12-27T13:21:23+00:00 INFO Is weekly report enabled: enable
2022-12-27T13:23:23+00:00 INFO Is weekly report enabled: enable
2022-12-27T13:23:24+00:00 INFO Is weekly report enabled: enable
2022-12-27T13:25:24+00:00 INFO Is weekly report enabled: enable
2022-12-27T13:25:25+00:00 INFO Is weekly report enabled: enable
2022-12-27T13:27:25+00:00 INFO Is weekly report enabled: enable
2022-12-27T13:27:26+00:00 INFO Is weekly report enabled: enable
2022-12-27T13:29:26+00:00 INFO Is weekly report enabled: enable
2022-12-27T13:29:27+00:00 INFO Is weekly report enabled: enable
2022-12-27T13:31:27+00:00 INFO Is weekly report enabled: enable
2022-12-27T13:31:28+00:00 INFO Is weekly report enabled: enable
2022-12-27T13:33:28+00:00 INFO Is weekly report enabled: enable
2022-12-27T13:33:29+00:00 INFO Is weekly report enabled: enable
2022-12-27T13:35:29+00:00 INFO Is weekly report enabled: enable
2022-12-27T13:35:30+00:00 INFO Is weekly report enabled: enable
2022-12-27T13:37:30+00:00 INFO Is weekly report enabled: enable
2022-12-27T13:37:32+00:00 INFO Is weekly report enabled: enable
2022-12-27T13:37:43+00:00 INFO Is weekly report enabled: enable
2022-12-27T13:37:50+00:00 INFO Is weekly report enabled: enable
2022-12-27T13:37:56+00:00 INFO Is weekly report enabled: enable
2022-12-27T13:37:58+00:00 INFO Is weekly report enabled: enable
2022-12-27T13:38:08+00:00 INFO Is weekly report enabled: enable
2022-12-27T13:39:10+00:00 INFO Is weekly report enabled: enable
2022-12-27T13:39:30+00:00 INFO Is weekly report enabled: enable
2022-12-27T13:41:11+00:00 INFO Is weekly report enabled: enable
2022-12-27T13:41:12+00:00 INFO Is weekly report enabled: enable
2022-12-27T13:41:31+00:00 INFO Is weekly report enabled: enable
2022-12-27T13:43:12+00:00 INFO Is weekly report enabled: enable
2022-12-27T13:43:13+00:00 INFO Is weekly report enabled: enable
2022-12-27T13:43:32+00:00 INFO Is weekly report enabled: enable
2022-12-27T13:45:13+00:00 INFO Is weekly report enabled: enable
2022-12-27T13:45:14+00:00 INFO Is weekly report enabled: enable
2022-12-27T13:45:33+00:00 INFO Is weekly report enabled: enable
2022-12-27T13:47:14+00:00 INFO Is weekly report enabled: enable
2022-12-27T13:47:15+00:00 INFO Is weekly report enabled: enable
2022-12-27T13:47:34+00:00 INFO Is weekly report enabled: enable
2022-12-27T13:49:15+00:00 INFO Is weekly report enabled: enable
2022-12-27T13:49:17+00:00 INFO Is weekly report enabled: enable
2022-12-27T13:49:36+00:00 INFO Is weekly report enabled: enable
2022-12-27T13:51:16+00:00 INFO Is weekly report enabled: enable
2022-12-27T13:51:18+00:00 INFO Is weekly report enabled: enable
2022-12-27T13:51:36+00:00 INFO Is weekly report enabled: enable
2022-12-27T13:52:17+00:00 INFO Is weekly report enabled: enable
2022-12-27T13:52:33+00:00 INFO Is weekly report enabled: enable
2022-12-27T13:52:36+00:00 INFO Is weekly report enabled: enable
2022-12-27T13:52:38+00:00 INFO Is weekly report enabled: enable
2022-12-27T13:52:55+00:00 INFO Is weekly report enabled: enable
2022-12-27T13:53:17+00:00 INFO Is weekly report enabled: enable
2022-12-27T13:53:55+00:00 INFO Is weekly report enabled: enable
2022-12-27T13:54:56+00:00 INFO Is weekly report enabled: enable
2022-12-27T13:55:18+00:00 INFO Is weekly report enabled: enable
2022-12-27T13:55:55+00:00 INFO Is weekly report enabled: enable
